../Drivers/STM32F3xx_HAL_Driver/Inc/stm32f3xx_ll_rcc.h:1086:22:LL_RCC_HSI_Enable	4	static
../Drivers/STM32F3xx_HAL_Driver/Inc/stm32f3xx_ll_rcc.h:1106:26:LL_RCC_HSI_IsReady	4	static
../Drivers/STM32F3xx_HAL_Driver/Inc/stm32f3xx_ll_rcc.h:1132:22:LL_RCC_HSI_SetCalibTrimming	16	static
../Drivers/STM32F3xx_HAL_Driver/Inc/stm32f3xx_ll_rcc.h:1290:22:LL_RCC_SetSysClkSource	16	static
../Drivers/STM32F3xx_HAL_Driver/Inc/stm32f3xx_ll_rcc.h:1303:26:LL_RCC_GetSysClkSource	4	static
../Drivers/STM32F3xx_HAL_Driver/Inc/stm32f3xx_ll_rcc.h:1323:22:LL_RCC_SetAHBPrescaler	16	static
../Drivers/STM32F3xx_HAL_Driver/Inc/stm32f3xx_ll_rcc.h:1339:22:LL_RCC_SetAPB1Prescaler	16	static
../Drivers/STM32F3xx_HAL_Driver/Inc/stm32f3xx_ll_rcc.h:1355:22:LL_RCC_SetAPB2Prescaler	16	static
../Drivers/STM32F3xx_HAL_Driver/Inc/stm32f3xx_ll_system.h:1618:22:LL_FLASH_SetLatency	16	static
../Drivers/STM32F3xx_HAL_Driver/Inc/stm32f3xx_ll_system.h:1631:26:LL_FLASH_GetLatency	4	static
../Core/Src/main.c:64:5:main	8	static
../Core/Src/main.c:109:6:SystemClock_Config	8	static
../Core/Src/main.c:147:13:MX_CAN_Init	8	static
../Core/Src/main.c:184:13:MX_GPIO_Init	48	static
../Core/Src/main.c:289:6:Error_Handler	4	static,ignoring_inline_asm
