Archive member included to satisfy reference by file (symbol)

/opt/st/stm32cubeide_1.9.0/plugins/com.st.stm32cube.ide.mcu.externaltools.gnu-tools-for-stm32.10.3-2021.10.linux64_1.0.0.202111181127/tools/bin/../lib/gcc/arm-none-eabi/10.3.1/../../../../arm-none-eabi/lib/thumb/v7e-m+fp/hard/libc_nano.a(lib_a-errno.o)
                              ./Core/Src/syscalls.o (__errno)
/opt/st/stm32cubeide_1.9.0/plugins/com.st.stm32cube.ide.mcu.externaltools.gnu-tools-for-stm32.10.3-2021.10.linux64_1.0.0.202111181127/tools/bin/../lib/gcc/arm-none-eabi/10.3.1/../../../../arm-none-eabi/lib/thumb/v7e-m+fp/hard/libc_nano.a(lib_a-exit.o)
                              /opt/st/stm32cubeide_1.9.0/plugins/com.st.stm32cube.ide.mcu.externaltools.gnu-tools-for-stm32.10.3-2021.10.linux64_1.0.0.202111181127/tools/bin/../lib/gcc/arm-none-eabi/10.3.1/../../../../arm-none-eabi/lib/thumb/v7e-m+fp/hard/crt0.o (exit)
/opt/st/stm32cubeide_1.9.0/plugins/com.st.stm32cube.ide.mcu.externaltools.gnu-tools-for-stm32.10.3-2021.10.linux64_1.0.0.202111181127/tools/bin/../lib/gcc/arm-none-eabi/10.3.1/../../../../arm-none-eabi/lib/thumb/v7e-m+fp/hard/libc_nano.a(lib_a-impure.o)
                              /opt/st/stm32cubeide_1.9.0/plugins/com.st.stm32cube.ide.mcu.externaltools.gnu-tools-for-stm32.10.3-2021.10.linux64_1.0.0.202111181127/tools/bin/../lib/gcc/arm-none-eabi/10.3.1/../../../../arm-none-eabi/lib/thumb/v7e-m+fp/hard/libc_nano.a(lib_a-exit.o) (_global_impure_ptr)
/opt/st/stm32cubeide_1.9.0/plugins/com.st.stm32cube.ide.mcu.externaltools.gnu-tools-for-stm32.10.3-2021.10.linux64_1.0.0.202111181127/tools/bin/../lib/gcc/arm-none-eabi/10.3.1/../../../../arm-none-eabi/lib/thumb/v7e-m+fp/hard/libc_nano.a(lib_a-init.o)
                              /opt/st/stm32cubeide_1.9.0/plugins/com.st.stm32cube.ide.mcu.externaltools.gnu-tools-for-stm32.10.3-2021.10.linux64_1.0.0.202111181127/tools/bin/../lib/gcc/arm-none-eabi/10.3.1/../../../../arm-none-eabi/lib/thumb/v7e-m+fp/hard/crt0.o (__libc_init_array)
/opt/st/stm32cubeide_1.9.0/plugins/com.st.stm32cube.ide.mcu.externaltools.gnu-tools-for-stm32.10.3-2021.10.linux64_1.0.0.202111181127/tools/bin/../lib/gcc/arm-none-eabi/10.3.1/../../../../arm-none-eabi/lib/thumb/v7e-m+fp/hard/libc_nano.a(lib_a-memset.o)
                              /opt/st/stm32cubeide_1.9.0/plugins/com.st.stm32cube.ide.mcu.externaltools.gnu-tools-for-stm32.10.3-2021.10.linux64_1.0.0.202111181127/tools/bin/../lib/gcc/arm-none-eabi/10.3.1/../../../../arm-none-eabi/lib/thumb/v7e-m+fp/hard/crt0.o (memset)

Discarded input sections

 .text          0x0000000000000000        0x0 /opt/st/stm32cubeide_1.9.0/plugins/com.st.stm32cube.ide.mcu.externaltools.gnu-tools-for-stm32.10.3-2021.10.linux64_1.0.0.202111181127/tools/bin/../lib/gcc/arm-none-eabi/10.3.1/thumb/v7e-m+fp/hard/crti.o
 .data          0x0000000000000000        0x0 /opt/st/stm32cubeide_1.9.0/plugins/com.st.stm32cube.ide.mcu.externaltools.gnu-tools-for-stm32.10.3-2021.10.linux64_1.0.0.202111181127/tools/bin/../lib/gcc/arm-none-eabi/10.3.1/thumb/v7e-m+fp/hard/crti.o
 .bss           0x0000000000000000        0x0 /opt/st/stm32cubeide_1.9.0/plugins/com.st.stm32cube.ide.mcu.externaltools.gnu-tools-for-stm32.10.3-2021.10.linux64_1.0.0.202111181127/tools/bin/../lib/gcc/arm-none-eabi/10.3.1/thumb/v7e-m+fp/hard/crti.o
 .data          0x0000000000000000        0x4 /opt/st/stm32cubeide_1.9.0/plugins/com.st.stm32cube.ide.mcu.externaltools.gnu-tools-for-stm32.10.3-2021.10.linux64_1.0.0.202111181127/tools/bin/../lib/gcc/arm-none-eabi/10.3.1/thumb/v7e-m+fp/hard/crtbegin.o
 .rodata        0x0000000000000000       0x24 /opt/st/stm32cubeide_1.9.0/plugins/com.st.stm32cube.ide.mcu.externaltools.gnu-tools-for-stm32.10.3-2021.10.linux64_1.0.0.202111181127/tools/bin/../lib/gcc/arm-none-eabi/10.3.1/thumb/v7e-m+fp/hard/crtbegin.o
 .text          0x0000000000000000       0x7c /opt/st/stm32cubeide_1.9.0/plugins/com.st.stm32cube.ide.mcu.externaltools.gnu-tools-for-stm32.10.3-2021.10.linux64_1.0.0.202111181127/tools/bin/../lib/gcc/arm-none-eabi/10.3.1/../../../../arm-none-eabi/lib/thumb/v7e-m+fp/hard/crt0.o
 .data          0x0000000000000000        0x0 /opt/st/stm32cubeide_1.9.0/plugins/com.st.stm32cube.ide.mcu.externaltools.gnu-tools-for-stm32.10.3-2021.10.linux64_1.0.0.202111181127/tools/bin/../lib/gcc/arm-none-eabi/10.3.1/../../../../arm-none-eabi/lib/thumb/v7e-m+fp/hard/crt0.o
 .bss           0x0000000000000000        0x0 /opt/st/stm32cubeide_1.9.0/plugins/com.st.stm32cube.ide.mcu.externaltools.gnu-tools-for-stm32.10.3-2021.10.linux64_1.0.0.202111181127/tools/bin/../lib/gcc/arm-none-eabi/10.3.1/../../../../arm-none-eabi/lib/thumb/v7e-m+fp/hard/crt0.o
 .ARM.extab     0x0000000000000000        0x0 /opt/st/stm32cubeide_1.9.0/plugins/com.st.stm32cube.ide.mcu.externaltools.gnu-tools-for-stm32.10.3-2021.10.linux64_1.0.0.202111181127/tools/bin/../lib/gcc/arm-none-eabi/10.3.1/../../../../arm-none-eabi/lib/thumb/v7e-m+fp/hard/crt0.o
[...]
Memory Configuration

Name             Origin             Length             Attributes
CCMRAM           0x0000000010000000 0x0000000000004000 xrw
RAM              0x0000000020000000 0x0000000000010000 xrw
FLASH            0x0000000008000000 0x0000000000080000 xr
*default*        0x0000000000000000 0xffffffffffffffff

Linker script and memory map

LOAD /opt/st/stm32cubeide_1.9.0/plugins/com.st.stm32cube.ide.mcu.externaltools.gnu-tools-for-stm32.10.3-2021.10.linux64_1.0.0.202111181127/tools/bin/../lib/gcc/arm-none-eabi/10.3.1/thumb/v7e-m+fp/hard/crti.o
LOAD /opt/st/stm32cubeide_1.9.0/plugins/com.st.stm32cube.ide.mcu.externaltools.gnu-tools-for-stm32.10.3-2021.10.linux64_1.0.0.202111181127/tools/bin/../lib/gcc/arm-none-eabi/10.3.1/thumb/v7e-m+fp/hard/crtbegin.o
LOAD /opt/st/stm32cubeide_1.9.0/plugins/com.st.stm32cube.ide.mcu.externaltools.gnu-tools-for-stm32.10.3-2021.10.linux64_1.0.0.202111181127/tools/bin/../lib/gcc/arm-none-eabi/10.3.1/../../../../arm-none-eabi/lib/thumb/v7e-m+fp/hard/crt0.o
LOAD ./Core/Src/BLT/asserts.o
LOAD ./Core/Src/BLT/backdoor.o
LOAD ./Core/Src/BLT/boot.o
LOAD ./Core/Src/BLT/can.o
LOAD ./Core/Src/BLT/com.o
LOAD ./Core/Src/BLT/cop.o
LOAD ./Core/Src/BLT/cpu.o
LOAD ./Core/Src/BLT/flash.o
LOAD ./Core/Src/BLT/hooks.o
LOAD ./Core/Src/BLT/led.o
LOAD ./Core/Src/BLT/net.o
LOAD ./Core/Src/BLT/nvm.o
LOAD ./Core/Src/BLT/rs232.o
LOAD ./Core/Src/BLT/timer.o
LOAD ./Core/Src/BLT/xcp.o
LOAD ./Core/Src/main.o
LOAD ./Core/Src/stm32f3xx_hal_msp.o
LOAD ./Core/Src/stm32f3xx_it.o
LOAD ./Core/Src/syscalls.o
LOAD ./Core/Src/sysmem.o
LOAD ./Core/Src/system_stm32f3xx.o
LOAD ./Core/Startup/startup_stm32f303vetx.o
LOAD ./Drivers/STM32F3xx_HAL_Driver/Src/stm32f3xx_hal.o
LOAD ./Drivers/STM32F3xx_HAL_Driver/Src/stm32f3xx_hal_can.o
LOAD ./Drivers/STM32F3xx_HAL_Driver/Src/stm32f3xx_hal_cortex.o
LOAD ./Drivers/STM32F3xx_HAL_Driver/Src/stm32f3xx_hal_dma.o
LOAD ./Drivers/STM32F3xx_HAL_Driver/Src/stm32f3xx_hal_exti.o
LOAD ./Drivers/STM32F3xx_HAL_Driver/Src/stm32f3xx_hal_flash.o
LOAD ./Drivers/STM32F3xx_HAL_Driver/Src/stm32f3xx_hal_flash_ex.o
LOAD ./Drivers/STM32F3xx_HAL_Driver/Src/stm32f3xx_hal_gpio.o
LOAD ./Drivers/STM32F3xx_HAL_Driver/Src/stm32f3xx_hal_i2c.o
LOAD ./Drivers/STM32F3xx_HAL_Driver/Src/stm32f3xx_hal_i2c_ex.o
LOAD ./Drivers/STM32F3xx_HAL_Driver/Src/stm32f3xx_hal_pwr.o
LOAD ./Drivers/STM32F3xx_HAL_Driver/Src/stm32f3xx_hal_pwr_ex.o
LOAD ./Drivers/STM32F3xx_HAL_Driver/Src/stm32f3xx_hal_rcc.o
LOAD ./Drivers/STM32F3xx_HAL_Driver/Src/stm32f3xx_hal_rcc_ex.o
LOAD ./Drivers/STM32F3xx_HAL_Driver/Src/stm32f3xx_hal_tim.o
LOAD ./Drivers/STM32F3xx_HAL_Driver/Src/stm32f3xx_hal_tim_ex.o
LOAD ./Drivers/STM32F3xx_HAL_Driver/Src/stm32f3xx_ll_exti.o
LOAD ./Drivers/STM32F3xx_HAL_Driver/Src/stm32f3xx_ll_rcc.o
LOAD ./Drivers/STM32F3xx_HAL_Driver/Src/stm32f3xx_ll_utils.o
START GROUP
LOAD /opt/st/stm32cubeide_1.9.0/plugins/com.st.stm32cube.ide.mcu.externaltools.gnu-tools-for-stm32.10.3-2021.10.linux64_1.0.0.202111181127/tools/bin/../lib/gcc/arm-none-eabi/10.3.1/../../../../arm-none-eabi/lib/thumb/v7e-m+fp/hard/libc_nano.a
LOAD /opt/st/stm32cubeide_1.9.0/plugins/com.st.stm32cube.ide.mcu.externaltools.gnu-tools-for-stm32.10.3-2021.10.linux64_1.0.0.202111181127/tools/bin/../lib/gcc/arm-none-eabi/10.3.1/../../../../arm-none-eabi/lib/thumb/v7e-m+fp/hard/libm.a
END GROUP
START GROUP
LOAD /opt/st/stm32cubeide_1.9.0/plugins/com.st.stm32cube.ide.mcu.externaltools.gnu-tools-for-stm32.10.3-2021.10.linux64_1.0.0.202111181127/tools/bin/../lib/gcc/arm-none-eabi/10.3.1/thumb/v7e-m+fp/hard/libgcc.a
LOAD /opt/st/stm32cubeide_1.9.0/plugins/com.st.stm32cube.ide.mcu.externaltools.gnu-tools-for-stm32.10.3-2021.10.linux64_1.0.0.202111181127/tools/bin/../lib/gcc/arm-none-eabi/10.3.1/../../../../arm-none-eabi/lib/thumb/v7e-m+fp/hard/libc_nano.a
END GROUP
START GROUP
LOAD /opt/st/stm32cubeide_1.9.0/plugins/com.st.stm32cube.ide.mcu.externaltools.gnu-tools-for-stm32.10.3-2021.10.linux64_1.0.0.202111181127/tools/bin/../lib/gcc/arm-none-eabi/10.3.1/thumb/v7e-m+fp/hard/libgcc.a
LOAD /opt/st/stm32cubeide_1.9.0/plugins/com.st.stm32cube.ide.mcu.externaltools.gnu-tools-for-stm32.10.3-2021.10.linux64_1.0.0.202111181127/tools/bin/../lib/gcc/arm-none-eabi/10.3.1/../../../../arm-none-eabi/lib/thumb/v7e-m+fp/hard/libc_nano.a
LOAD /opt/st/stm32cubeide_1.9.0/plugins/com.st.stm32cube.ide.mcu.externaltools.gnu-tools-for-stm32.10.3-2021.10.linux64_1.0.0.202111181127/tools/bin/../lib/gcc/arm-none-eabi/10.3.1/../../../../arm-none-eabi/lib/thumb/v7e-m+fp/hard/libnosys.a
END GROUP
START GROUP
LOAD /opt/st/stm32cubeide_1.9.0/plugins/com.st.stm32cube.ide.mcu.externaltools.gnu-tools-for-stm32.10.3-2021.10.linux64_1.0.0.202111181127/tools/bin/../lib/gcc/arm-none-eabi/10.3.1/thumb/v7e-m+fp/hard/libgcc.a
LOAD /opt/st/stm32cubeide_1.9.0/plugins/com.st.stm32cube.ide.mcu.externaltools.gnu-tools-for-stm32.10.3-2021.10.linux64_1.0.0.202111181127/tools/bin/../lib/gcc/arm-none-eabi/10.3.1/../../../../arm-none-eabi/lib/thumb/v7e-m+fp/hard/libc_nano.a
LOAD /opt/st/stm32cubeide_1.9.0/plugins/com.st.stm32cube.ide.mcu.externaltools.gnu-tools-for-stm32.10.3-2021.10.linux64_1.0.0.202111181127/tools/bin/../lib/gcc/arm-none-eabi/10.3.1/../../../../arm-none-eabi/lib/thumb/v7e-m+fp/hard/libnosys.a
END GROUP
LOAD /opt/st/stm32cubeide_1.9.0/plugins/com.st.stm32cube.ide.mcu.externaltools.gnu-tools-for-stm32.10.3-2021.10.linux64_1.0.0.202111181127/tools/bin/../lib/gcc/arm-none-eabi/10.3.1/thumb/v7e-m+fp/hard/crtend.o
LOAD /opt/st/stm32cubeide_1.9.0/plugins/com.st.stm32cube.ide.mcu.externaltools.gnu-tools-for-stm32.10.3-2021.10.linux64_1.0.0.202111181127/tools/bin/../lib/gcc/arm-none-eabi/10.3.1/thumb/v7e-m+fp/hard/crtn.o
                0x0000000020010000                _estack = (ORIGIN (RAM) + LENGTH (RAM))
                0x0000000000000200                _Min_Heap_Size = 0x200
                0x0000000000000400                _Min_Stack_Size = 0x400

.isr_vector     0x0000000008000000      0x194
                0x0000000008000000                . = ALIGN (0x4)
 *(.isr_vector)
 .isr_vector    0x0000000008000000      0x194 ./Core/Startup/startup_stm32f303vetx.o
                0x0000000008000000                g_pfnVectors
                0x0000000008000194                . = ALIGN (0x4)

.text           0x0000000008000194     0x2fcc
                0x0000000008000194                . = ALIGN (0x4)
 *(.text)
 .text          0x0000000008000194       0x40 /opt/st/stm32cubeide_1.9.0/plugins/com.st.stm32cube.ide.mcu.externaltools.gnu-tools-for-stm32.10.3-2021.10.linux64_1.0.0.202111181127/tools/bin/../lib/gcc/arm-none-eabi/10.3.1/thumb/v7e-m+fp/hard/crtbegin.o
 *(.text*)
 .text.AssertFailure
                0x00000000080001d4       0x10 ./Core/Src/BLT/asserts.o
                0x00000000080001d4                AssertFailure
 .text.BackDoorInit
                0x00000000080001e4       0x1c ./Core/Src/BLT/backdoor.o
                0x00000000080001e4                BackDoorInit
 .text.BackDoorCheck
                0x0000000008000200       0x4c ./Core/Src/BLT/backdoor.o
                0x0000000008000200                BackDoorCheck
 .text.BackDoorRestartTimer
                0x000000000800024c       0x24 ./Core/Src/BLT/backdoor.o
                0x000000000800024c                BackDoorRestartTimer
 .text.BootInit
                0x0000000008000270       0x20 ./Core/Src/BLT/boot.o
                0x0000000008000270                BootInit
 .text.BootTask
                0x0000000008000290       0x18 ./Core/Src/BLT/boot.o
                0x0000000008000290                BootTask
 .text.CpuIrqDisable
                0x00000000080002a8       0x10 ./Core/Src/BLT/boot.o
                0x00000000080002a8                CpuIrqDisable
 .text.CpuIrqEnable
                0x00000000080002b8       0x10 ./Core/Src/BLT/boot.o
                0x00000000080002b8                CpuIrqEnable
 .text.CanGetSpeedConfig
                0x00000000080002c8       0xec ./Core/Src/BLT/can.o
 .text.CanInit  0x00000000080003b4      0x11c ./Core/Src/BLT/can.o
                0x00000000080003b4                CanInit
 .text.CanTransmitPacket
                0x00000000080004d0       0x94 ./Core/Src/BLT/can.o
                0x00000000080004d0                CanTransmitPacket
 .text.CanReceivePacket
                0x0000000008000564       0x84 ./Core/Src/BLT/can.o
                0x0000000008000564                CanReceivePacket
 .text.ComInit  0x00000000080005e8       0x1c ./Core/Src/BLT/com.o
                0x00000000080005e8                ComInit
 .text.ComTask  0x0000000008000604       0x38 ./Core/Src/BLT/com.o
                0x0000000008000604                ComTask
 .text.ComFree  0x000000000800063c        0xe ./Core/Src/BLT/com.o
                0x000000000800063c                ComFree
 *fill*         0x000000000800064a        0x2 
 .text.ComTransmitPacket
                0x000000000800064c       0x30 ./Core/Src/BLT/com.o
                0x000000000800064c                ComTransmitPacket
 .text.ComGetActiveInterfaceMaxRxLen
                0x000000000800067c       0x54 ./Core/Src/BLT/com.o
                0x000000000800067c                ComGetActiveInterfaceMaxRxLen
 .text.ComGetActiveInterfaceMaxTxLen
                0x00000000080006d0       0x54 ./Core/Src/BLT/com.o
                0x00000000080006d0                ComGetActiveInterfaceMaxTxLen
 .text.ComIsConnected
                0x0000000008000724       0x22 ./Core/Src/BLT/com.o
                0x0000000008000724                ComIsConnected
 .text.CopInit  0x0000000008000746        0xe ./Core/Src/BLT/cop.o
                0x0000000008000746                CopInit
 .text.CopService
                0x0000000008000754        0xe ./Core/Src/BLT/cop.o
                0x0000000008000754                CopService
 .text.CpuInit  0x0000000008000762        0xc ./Core/Src/BLT/cpu.o
                0x0000000008000762                CpuInit
 *fill*         0x000000000800076e        0x2 
 .text.CpuStartUserProgram
                0x0000000008000770       0x50 ./Core/Src/BLT/cpu.o
                0x0000000008000770                CpuStartUserProgram
 .text.CpuMemCopy
                0x00000000080007c0       0x40 ./Core/Src/BLT/cpu.o
                0x00000000080007c0                CpuMemCopy
 .text.FlashInit
                0x0000000008000800       0x28 ./Core/Src/BLT/flash.o
                0x0000000008000800                FlashInit
 .text.FlashWrite
                0x0000000008000828       0x94 ./Core/Src/BLT/flash.o
                0x0000000008000828                FlashWrite
 .text.FlashErase
                0x00000000080008bc       0xe4 ./Core/Src/BLT/flash.o
                0x00000000080008bc                FlashErase
 .text.FlashWriteChecksum
                0x00000000080009a0       0xa8 ./Core/Src/BLT/flash.o
                0x00000000080009a0                FlashWriteChecksum
 .text.FlashVerifyChecksum
                0x0000000008000a48       0x88 ./Core/Src/BLT/flash.o
                0x0000000008000a48                FlashVerifyChecksum
 .text.FlashDone
                0x0000000008000ad0       0x48 ./Core/Src/BLT/flash.o
                0x0000000008000ad0                FlashDone
 .text.FlashGetUserProgBaseAddress
                0x0000000008000b18       0x14 ./Core/Src/BLT/flash.o
                0x0000000008000b18                FlashGetUserProgBaseAddress
 .text.FlashInitBlock
                0x0000000008000b2c       0x46 ./Core/Src/BLT/flash.o
 *fill*         0x0000000008000b72        0x2 
 .text.FlashSwitchBlock
                0x0000000008000b74       0x64 ./Core/Src/BLT/flash.o
 .text.FlashAddToBlock
                0x0000000008000bd8       0xc4 ./Core/Src/BLT/flash.o
 .text.FlashWriteBlock
                0x0000000008000c9c       0x7e ./Core/Src/BLT/flash.o
 .text.NvmInit  0x0000000008000d1a        0xc ./Core/Src/BLT/nvm.o
                0x0000000008000d1a                NvmInit
 .text.NvmWrite
                0x0000000008000d26       0x20 ./Core/Src/BLT/nvm.o
                0x0000000008000d26                NvmWrite
 .text.NvmErase
                0x0000000008000d46       0x1c ./Core/Src/BLT/nvm.o
                0x0000000008000d46                NvmErase
 .text.NvmVerifyChecksum
                0x0000000008000d62        0xe ./Core/Src/BLT/nvm.o
                0x0000000008000d62                NvmVerifyChecksum
 .text.NvmGetUserProgBaseAddress
                0x0000000008000d70        0xe ./Core/Src/BLT/nvm.o
                0x0000000008000d70                NvmGetUserProgBaseAddress
 .text.NvmDone  0x0000000008000d7e       0x1c ./Core/Src/BLT/nvm.o
                0x0000000008000d7e                NvmDone
 *fill*         0x0000000008000d9a        0x2 
 .text.TimerInit
                0x0000000008000d9c       0x30 ./Core/Src/BLT/timer.o
                0x0000000008000d9c                TimerInit
 .text.TimerReset
                0x0000000008000dcc       0x24 ./Core/Src/BLT/timer.o
                0x0000000008000dcc                TimerReset
 .text.TimerUpdate
                0x0000000008000df0       0x2c ./Core/Src/BLT/timer.o
                0x0000000008000df0                TimerUpdate
 .text.TimerGet
                0x0000000008000e1c       0x14 ./Core/Src/BLT/timer.o
                0x0000000008000e1c                TimerGet
 .text.HAL_GetTick
                0x0000000008000e30        0xe ./Core/Src/BLT/timer.o
                0x0000000008000e30                HAL_GetTick
 *fill*         0x0000000008000e3e        0x2 
 .text.XcpInit  0x0000000008000e40       0x40 ./Core/Src/BLT/xcp.o
                0x0000000008000e40                XcpInit
 .text.XcpIsConnected
                0x0000000008000e80       0x24 ./Core/Src/BLT/xcp.o
                0x0000000008000e80                XcpIsConnected
 .text.XcpPacketTransmitted
                0x0000000008000ea4       0x1c ./Core/Src/BLT/xcp.o
                0x0000000008000ea4                XcpPacketTransmitted
 .text.XcpPacketReceived
                0x0000000008000ec0      0x1cc ./Core/Src/BLT/xcp.o
                0x0000000008000ec0                XcpPacketReceived
 .text.XcpTransmitPacket
                0x000000000800108c       0x1e ./Core/Src/BLT/xcp.o
 .text.XcpComputeChecksum
                0x00000000080010aa       0x40 ./Core/Src/BLT/xcp.o
 *fill*         0x00000000080010ea        0x2 
 .text.XcpProtectResources
                0x00000000080010ec       0x1c ./Core/Src/BLT/xcp.o
 .text.XcpSetCtoError
                0x0000000008001108       0x30 ./Core/Src/BLT/xcp.o
 .text.XcpGetOrderedLong
                0x0000000008001138       0x56 ./Core/Src/BLT/xcp.o
 .text.XcpSetOrderedLong
                0x000000000800118e       0x42 ./Core/Src/BLT/xcp.o
 .text.XcpCmdConnect
                0x00000000080011d0       0x88 ./Core/Src/BLT/xcp.o
 .text.XcpCmdDisconnect
                0x0000000008001258       0x30 ./Core/Src/BLT/xcp.o
 .text.XcpCmdGetStatus
                0x0000000008001288       0x48 ./Core/Src/BLT/xcp.o
 .text.XcpCmdSynch
                0x00000000080012d0       0x16 ./Core/Src/BLT/xcp.o
 *fill*         0x00000000080012e6        0x2 
 .text.XcpCmdGetId
                0x00000000080012e8       0x50 ./Core/Src/BLT/xcp.o
 .text.XcpCmdSetMta
                0x0000000008001338       0x34 ./Core/Src/BLT/xcp.o
 .text.XcpCmdUpload
                0x000000000800136c       0x78 ./Core/Src/BLT/xcp.o
 .text.XcpCmdShortUpload
                0x00000000080013e4       0x88 ./Core/Src/BLT/xcp.o
 .text.XcpCmdBuildCheckSum
                0x000000000800146c       0x68 ./Core/Src/BLT/xcp.o
 .text.XcpCmdProgramStart
                0x00000000080014d4       0x4c ./Core/Src/BLT/xcp.o
 .text.XcpCmdProgramMax
                0x0000000008001520       0x5c ./Core/Src/BLT/xcp.o
 .text.XcpCmdProgram
                0x000000000800157c       0x90 ./Core/Src/BLT/xcp.o
 .text.XcpCmdProgramClear
                0x000000000800160c       0x48 ./Core/Src/BLT/xcp.o
 .text.XcpCmdProgramReset
                0x0000000008001654       0x28 ./Core/Src/BLT/xcp.o
 .text.XcpCmdProgramPrepare
                0x000000000800167c       0x16 ./Core/Src/BLT/xcp.o
 *fill*         0x0000000008001692        0x2 
 .text.LL_RCC_HSI_Enable
                0x0000000008001694       0x20 ./Core/Src/main.o
 .text.LL_RCC_HSI_IsReady
                0x00000000080016b4       0x24 ./Core/Src/main.o
 .text.LL_RCC_HSI_SetCalibTrimming
                0x00000000080016d8       0x2c ./Core/Src/main.o
 .text.LL_RCC_SetSysClkSource
                0x0000000008001704       0x28 ./Core/Src/main.o
 .text.LL_RCC_GetSysClkSource
                0x000000000800172c       0x1c ./Core/Src/main.o
 .text.LL_RCC_SetAHBPrescaler
                0x0000000008001748       0x28 ./Core/Src/main.o
 .text.LL_RCC_SetAPB1Prescaler
                0x0000000008001770       0x28 ./Core/Src/main.o
 .text.LL_RCC_SetAPB2Prescaler
                0x0000000008001798       0x28 ./Core/Src/main.o
 .text.LL_FLASH_SetLatency
                0x00000000080017c0       0x28 ./Core/Src/main.o
 .text.LL_FLASH_GetLatency
                0x00000000080017e8       0x1c ./Core/Src/main.o
 .text.main     0x0000000008001804       0x1a ./Core/Src/main.o
                0x0000000008001804                main
 *fill*         0x000000000800181e        0x2 
 .text.SystemClock_Config
                0x0000000008001820       0x70 ./Core/Src/main.o
                0x0000000008001820                SystemClock_Config
 .text.MX_GPIO_Init
                0x0000000008001890      0x1f4 ./Core/Src/main.o
 .text.Error_Handler
                0x0000000008001a84        0xa ./Core/Src/main.o
                0x0000000008001a84                Error_Handler
 *fill*         0x0000000008001a8e        0x2 
 .text.HAL_MspInit
                0x0000000008001a90       0x48 ./Core/Src/stm32f3xx_hal_msp.o
                0x0000000008001a90                HAL_MspInit
 .text.HAL_CAN_MspInit
                0x0000000008001ad8       0x88 ./Core/Src/stm32f3xx_hal_msp.o
                0x0000000008001ad8                HAL_CAN_MspInit
 .text.NMI_Handler
                0x0000000008001b60        0x6 ./Core/Src/stm32f3xx_it.o
                0x0000000008001b60                NMI_Handler
 .text.HardFault_Handler
                0x0000000008001b66        0x6 ./Core/Src/stm32f3xx_it.o
                0x0000000008001b66                HardFault_Handler
 .text.MemManage_Handler
                0x0000000008001b6c        0x6 ./Core/Src/stm32f3xx_it.o
                0x0000000008001b6c                MemManage_Handler
 .text.BusFault_Handler
                0x0000000008001b72        0x6 ./Core/Src/stm32f3xx_it.o
                0x0000000008001b72                BusFault_Handler
 .text.UsageFault_Handler
                0x0000000008001b78        0x6 ./Core/Src/stm32f3xx_it.o
                0x0000000008001b78                UsageFault_Handler
 .text.SVC_Handler
                0x0000000008001b7e        0xe ./Core/Src/stm32f3xx_it.o
                0x0000000008001b7e                SVC_Handler
 .text.DebugMon_Handler
                0x0000000008001b8c        0xe ./Core/Src/stm32f3xx_it.o
                0x0000000008001b8c                DebugMon_Handler
 .text.PendSV_Handler
                0x0000000008001b9a        0xe ./Core/Src/stm32f3xx_it.o
                0x0000000008001b9a                PendSV_Handler
 .text.SysTick_Handler
                0x0000000008001ba8       0x40 ./Core/Src/stm32f3xx_it.o
                0x0000000008001ba8                SysTick_Handler
 .text.SystemInit
                0x0000000008001be8       0x24 ./Core/Src/system_stm32f3xx.o
                0x0000000008001be8                SystemInit
 .text.Reset_Handler
                0x0000000008001c0c       0x50 ./Core/Startup/startup_stm32f303vetx.o
                0x0000000008001c0c                Reset_Handler
 .text.Default_Handler
                0x0000000008001c5c        0x2 ./Core/Startup/startup_stm32f303vetx.o
                0x0000000008001c5c                RTC_Alarm_IRQHandler
                0x0000000008001c5c                TIM8_TRG_COM_IRQHandler
                0x0000000008001c5c                TIM8_CC_IRQHandler
                0x0000000008001c5c                SPI4_IRQHandler
                0x0000000008001c5c                TIM1_CC_IRQHandler
                0x0000000008001c5c                USB_HP_IRQHandler
                0x0000000008001c5c                PVD_IRQHandler
                0x0000000008001c5c                TAMP_STAMP_IRQHandler
                0x0000000008001c5c                EXTI3_IRQHandler
                0x0000000008001c5c                I2C3_ER_IRQHandler
                0x0000000008001c5c                USB_HP_CAN_TX_IRQHandler
                0x0000000008001c5c                EXTI0_IRQHandler
                0x0000000008001c5c                I2C2_EV_IRQHandler
                0x0000000008001c5c                FPU_IRQHandler
                0x0000000008001c5c                TIM1_UP_TIM16_IRQHandler
                0x0000000008001c5c                ADC1_2_IRQHandler
                0x0000000008001c5c                SPI1_IRQHandler
                0x0000000008001c5c                CAN_SCE_IRQHandler
                0x0000000008001c5c                TIM6_DAC_IRQHandler
                0x0000000008001c5c                TIM8_UP_IRQHandler
                0x0000000008001c5c                DMA2_Channel2_IRQHandler
                0x0000000008001c5c                DMA1_Channel4_IRQHandler
                0x0000000008001c5c                TIM20_TRG_COM_IRQHandler
                0x0000000008001c5c                USART3_IRQHandler
                0x0000000008001c5c                DMA1_Channel7_IRQHandler
                0x0000000008001c5c                UART5_IRQHandler
                0x0000000008001c5c                ADC3_IRQHandler
                0x0000000008001c5c                TIM4_IRQHandler
                0x0000000008001c5c                CAN_RX1_IRQHandler
                0x0000000008001c5c                DMA2_Channel1_IRQHandler
                0x0000000008001c5c                I2C1_EV_IRQHandler
                0x0000000008001c5c                DMA1_Channel6_IRQHandler
                0x0000000008001c5c                UART4_IRQHandler
                0x0000000008001c5c                DMA2_Channel4_IRQHandler
                0x0000000008001c5c                TIM3_IRQHandler
                0x0000000008001c5c                RCC_IRQHandler
                0x0000000008001c5c                TIM20_UP_IRQHandler
                0x0000000008001c5c                DMA1_Channel1_IRQHandler
                0x0000000008001c5c                Default_Handler
                0x0000000008001c5c                USBWakeUp_RMP_IRQHandler
                0x0000000008001c5c                EXTI15_10_IRQHandler
                0x0000000008001c5c                TIM7_IRQHandler
                0x0000000008001c5c                I2C3_EV_IRQHandler
                0x0000000008001c5c                EXTI9_5_IRQHandler
                0x0000000008001c5c                RTC_WKUP_IRQHandler
                0x0000000008001c5c                SPI2_IRQHandler
                0x0000000008001c5c                USB_LP_CAN_RX0_IRQHandler
                0x0000000008001c5c                DMA2_Channel5_IRQHandler
                0x0000000008001c5c                DMA1_Channel5_IRQHandler
                0x0000000008001c5c                USB_LP_IRQHandler
                0x0000000008001c5c                EXTI4_IRQHandler
                0x0000000008001c5c                TIM1_TRG_COM_TIM17_IRQHandler
                0x0000000008001c5c                DMA1_Channel3_IRQHandler
                0x0000000008001c5c                ADC4_IRQHandler
                0x0000000008001c5c                WWDG_IRQHandler
                0x0000000008001c5c                TIM2_IRQHandler
                0x0000000008001c5c                COMP7_IRQHandler
                0x0000000008001c5c                COMP1_2_3_IRQHandler
                0x0000000008001c5c                EXTI1_IRQHandler
                0x0000000008001c5c                USART2_IRQHandler
                0x0000000008001c5c                COMP4_5_6_IRQHandler
                0x0000000008001c5c                TIM20_BRK_IRQHandler
                0x0000000008001c5c                I2C2_ER_IRQHandler
                0x0000000008001c5c                DMA1_Channel2_IRQHandler
                0x0000000008001c5c                TIM8_BRK_IRQHandler
                0x0000000008001c5c                FLASH_IRQHandler
                0x0000000008001c5c                TIM20_CC_IRQHandler
                0x0000000008001c5c                USART1_IRQHandler
                0x0000000008001c5c                SPI3_IRQHandler
                0x0000000008001c5c                I2C1_ER_IRQHandler
                0x0000000008001c5c                FMC_IRQHandler
                0x0000000008001c5c                USBWakeUp_IRQHandler
                0x0000000008001c5c                DMA2_Channel3_IRQHandler
                0x0000000008001c5c                EXTI2_TSC_IRQHandler
                0x0000000008001c5c                TIM1_BRK_TIM15_IRQHandler
 *fill*         0x0000000008001c5e        0x2 
 .text.HAL_Init
                0x0000000008001c60       0x2c ./Drivers/STM32F3xx_HAL_Driver/Src/stm32f3xx_hal.o
                0x0000000008001c60                HAL_Init
 .text.HAL_DeInit
                0x0000000008001c8c       0x3c ./Drivers/STM32F3xx_HAL_Driver/Src/stm32f3xx_hal.o
                0x0000000008001c8c                HAL_DeInit
 .text.HAL_MspDeInit
                0x0000000008001cc8        0xe ./Drivers/STM32F3xx_HAL_Driver/Src/stm32f3xx_hal.o
                0x0000000008001cc8                HAL_MspDeInit
 *fill*         0x0000000008001cd6        0x2 
 .text.HAL_InitTick
                0x0000000008001cd8       0x60 ./Drivers/STM32F3xx_HAL_Driver/Src/stm32f3xx_hal.o
                0x0000000008001cd8                HAL_InitTick
 .text.HAL_IncTick
                0x0000000008001d38       0x28 ./Drivers/STM32F3xx_HAL_Driver/Src/stm32f3xx_hal.o
                0x0000000008001d38                HAL_IncTick
 .text.HAL_CAN_Init
                0x0000000008001d60      0x1f6 ./Drivers/STM32F3xx_HAL_Driver/Src/stm32f3xx_hal_can.o
                0x0000000008001d60                HAL_CAN_Init
 .text.HAL_CAN_ConfigFilter
                0x0000000008001f56      0x194 ./Drivers/STM32F3xx_HAL_Driver/Src/stm32f3xx_hal_can.o
                0x0000000008001f56                HAL_CAN_ConfigFilter
 .text.HAL_CAN_Start
                0x00000000080020ea       0x88 ./Drivers/STM32F3xx_HAL_Driver/Src/stm32f3xx_hal_can.o
                0x00000000080020ea                HAL_CAN_Start
 .text.HAL_CAN_AddTxMessage
                0x0000000008002172      0x1b6 ./Drivers/STM32F3xx_HAL_Driver/Src/stm32f3xx_hal_can.o
                0x0000000008002172                HAL_CAN_AddTxMessage
 .text.HAL_CAN_IsTxMessagePending
                0x0000000008002328       0x48 ./Drivers/STM32F3xx_HAL_Driver/Src/stm32f3xx_hal_can.o
                0x0000000008002328                HAL_CAN_IsTxMessagePending
 .text.HAL_CAN_GetRxMessage
                0x0000000008002370      0x224 ./Drivers/STM32F3xx_HAL_Driver/Src/stm32f3xx_hal_can.o
                0x0000000008002370                HAL_CAN_GetRxMessage
 .text.__NVIC_SetPriorityGrouping
                0x0000000008002594       0x48 ./Drivers/STM32F3xx_HAL_Driver/Src/stm32f3xx_hal_cortex.o
 .text.__NVIC_GetPriorityGrouping
                0x00000000080025dc       0x1c ./Drivers/STM32F3xx_HAL_Driver/Src/stm32f3xx_hal_cortex.o
 .text.__NVIC_SetPriority
                0x00000000080025f8       0x54 ./Drivers/STM32F3xx_HAL_Driver/Src/stm32f3xx_hal_cortex.o
 .text.NVIC_EncodePriority
                0x000000000800264c       0x66 ./Drivers/STM32F3xx_HAL_Driver/Src/stm32f3xx_hal_cortex.o
 *fill*         0x00000000080026b2        0x2 
 .text.SysTick_Config
                0x00000000080026b4       0x44 ./Drivers/STM32F3xx_HAL_Driver/Src/stm32f3xx_hal_cortex.o
 .text.HAL_NVIC_SetPriorityGrouping
                0x00000000080026f8       0x16 ./Drivers/STM32F3xx_HAL_Driver/Src/stm32f3xx_hal_cortex.o
                0x00000000080026f8                HAL_NVIC_SetPriorityGrouping
 .text.HAL_NVIC_SetPriority
                0x000000000800270e       0x38 ./Drivers/STM32F3xx_HAL_Driver/Src/stm32f3xx_hal_cortex.o
                0x000000000800270e                HAL_NVIC_SetPriority
 .text.HAL_SYSTICK_Config
                0x0000000008002746       0x18 ./Drivers/STM32F3xx_HAL_Driver/Src/stm32f3xx_hal_cortex.o
                0x0000000008002746                HAL_SYSTICK_Config
 *fill*         0x000000000800275e        0x2 
 .text.HAL_FLASH_Program
                0x0000000008002760       0xe0 ./Drivers/STM32F3xx_HAL_Driver/Src/stm32f3xx_hal_flash.o
                0x0000000008002760                HAL_FLASH_Program
 .text.HAL_FLASH_Unlock
                0x0000000008002840       0x4c ./Drivers/STM32F3xx_HAL_Driver/Src/stm32f3xx_hal_flash.o
                0x0000000008002840                HAL_FLASH_Unlock
 .text.HAL_FLASH_Lock
                0x000000000800288c       0x20 ./Drivers/STM32F3xx_HAL_Driver/Src/stm32f3xx_hal_flash.o
                0x000000000800288c                HAL_FLASH_Lock
 .text.FLASH_Program_HalfWord
                0x00000000080028ac       0x38 ./Drivers/STM32F3xx_HAL_Driver/Src/stm32f3xx_hal_flash.o
 .text.FLASH_WaitForLastOperation
                0x00000000080028e4       0x80 ./Drivers/STM32F3xx_HAL_Driver/Src/stm32f3xx_hal_flash.o
                0x00000000080028e4                FLASH_WaitForLastOperation
 .text.FLASH_SetErrorCode
                0x0000000008002964       0x64 ./Drivers/STM32F3xx_HAL_Driver/Src/stm32f3xx_hal_flash.o
 .text.HAL_FLASHEx_Erase
                0x00000000080029c8       0xd4 ./Drivers/STM32F3xx_HAL_Driver/Src/stm32f3xx_hal_flash_ex.o
                0x00000000080029c8                HAL_FLASHEx_Erase
 .text.FLASH_MassErase
                0x0000000008002a9c       0x34 ./Drivers/STM32F3xx_HAL_Driver/Src/stm32f3xx_hal_flash_ex.o
 .text.FLASH_PageErase
                0x0000000008002ad0       0x40 ./Drivers/STM32F3xx_HAL_Driver/Src/stm32f3xx_hal_flash_ex.o
                0x0000000008002ad0                FLASH_PageErase
 .text.HAL_GPIO_Init
                0x0000000008002b10      0x314 ./Drivers/STM32F3xx_HAL_Driver/Src/stm32f3xx_hal_gpio.o
                0x0000000008002b10                HAL_GPIO_Init
 .text.HAL_GPIO_WritePin
                0x0000000008002e24       0x30 ./Drivers/STM32F3xx_HAL_Driver/Src/stm32f3xx_hal_gpio.o
                0x0000000008002e24                HAL_GPIO_WritePin
 .text.HAL_GPIO_TogglePin
                0x0000000008002e54       0x34 ./Drivers/STM32F3xx_HAL_Driver/Src/stm32f3xx_hal_gpio.o
                0x0000000008002e54                HAL_GPIO_TogglePin
 .text.LL_RCC_GetSysClkSource
                0x0000000008002e88       0x1c ./Drivers/STM32F3xx_HAL_Driver/Src/stm32f3xx_ll_rcc.o
 .text.LL_RCC_GetAHBPrescaler
                0x0000000008002ea4       0x1c ./Drivers/STM32F3xx_HAL_Driver/Src/stm32f3xx_ll_rcc.o
 .text.LL_RCC_GetAPB1Prescaler
                0x0000000008002ec0       0x1c ./Drivers/STM32F3xx_HAL_Driver/Src/stm32f3xx_ll_rcc.o
 .text.LL_RCC_GetAPB2Prescaler
                0x0000000008002edc       0x1c ./Drivers/STM32F3xx_HAL_Driver/Src/stm32f3xx_ll_rcc.o
 .text.LL_RCC_PLL_GetMainSource
                0x0000000008002ef8       0x1c ./Drivers/STM32F3xx_HAL_Driver/Src/stm32f3xx_ll_rcc.o
 .text.LL_RCC_PLL_GetMultiplicator
                0x0000000008002f14       0x1c ./Drivers/STM32F3xx_HAL_Driver/Src/stm32f3xx_ll_rcc.o
 .text.LL_RCC_PLL_GetPrediv
                0x0000000008002f30       0x1c ./Drivers/STM32F3xx_HAL_Driver/Src/stm32f3xx_ll_rcc.o
 .text.LL_RCC_GetSystemClocksFreq
                0x0000000008002f4c       0x4a ./Drivers/STM32F3xx_HAL_Driver/Src/stm32f3xx_ll_rcc.o
                0x0000000008002f4c                LL_RCC_GetSystemClocksFreq
 *fill*         0x0000000008002f96        0x2 
 .text.RCC_GetSystemClockFreq
                0x0000000008002f98       0x4c ./Drivers/STM32F3xx_HAL_Driver/Src/stm32f3xx_ll_rcc.o
                0x0000000008002f98                RCC_GetSystemClockFreq
 .text.RCC_GetHCLKClockFreq
                0x0000000008002fe4       0x2c ./Drivers/STM32F3xx_HAL_Driver/Src/stm32f3xx_ll_rcc.o
                0x0000000008002fe4                RCC_GetHCLKClockFreq
 .text.RCC_GetPCLK1ClockFreq
                0x0000000008003010       0x28 ./Drivers/STM32F3xx_HAL_Driver/Src/stm32f3xx_ll_rcc.o
                0x0000000008003010                RCC_GetPCLK1ClockFreq
 .text.RCC_GetPCLK2ClockFreq
                0x0000000008003038       0x28 ./Drivers/STM32F3xx_HAL_Driver/Src/stm32f3xx_ll_rcc.o
                0x0000000008003038                RCC_GetPCLK2ClockFreq
 .text.RCC_PLL_GetFreqDomain_SYS
                0x0000000008003060       0x80 ./Drivers/STM32F3xx_HAL_Driver/Src/stm32f3xx_ll_rcc.o
                0x0000000008003060                RCC_PLL_GetFreqDomain_SYS
 .text.LL_SetSystemCoreClock
                0x00000000080030e0       0x20 ./Drivers/STM32F3xx_HAL_Driver/Src/stm32f3xx_ll_utils.o
                0x00000000080030e0                LL_SetSystemCoreClock
 .text.__libc_init_array
                0x0000000008003100       0x48 /opt/st/stm32cubeide_1.9.0/plugins/com.st.stm32cube.ide.mcu.externaltools.gnu-tools-for-stm32.10.3-2021.10.linux64_1.0.0.202111181127/tools/bin/../lib/gcc/arm-none-eabi/10.3.1/../../../../arm-none-eabi/lib/thumb/v7e-m+fp/hard/libc_nano.a(lib_a-init.o)
                0x0000000008003100                __libc_init_array
 *(.glue_7)
 .glue_7        0x0000000008003148        0x0 linker stubs
 *(.glue_7t)
 .glue_7t       0x0000000008003148        0x0 linker stubs
 *(.eh_frame)
 .eh_frame      0x0000000008003148        0x0 /opt/st/stm32cubeide_1.9.0/plugins/com.st.stm32cube.ide.mcu.externaltools.gnu-tools-for-stm32.10.3-2021.10.linux64_1.0.0.202111181127/tools/bin/../lib/gcc/arm-none-eabi/10.3.1/thumb/v7e-m+fp/hard/crtbegin.o
 *(.init)
 .init          0x0000000008003148        0x4 /opt/st/stm32cubeide_1.9.0/plugins/com.st.stm32cube.ide.mcu.externaltools.gnu-tools-for-stm32.10.3-2021.10.linux64_1.0.0.202111181127/tools/bin/../lib/gcc/arm-none-eabi/10.3.1/thumb/v7e-m+fp/hard/crti.o
                0x0000000008003148                _init
 .init          0x000000000800314c        0x8 /opt/st/stm32cubeide_1.9.0/plugins/com.st.stm32cube.ide.mcu.externaltools.gnu-tools-for-stm32.10.3-2021.10.linux64_1.0.0.202111181127/tools/bin/../lib/gcc/arm-none-eabi/10.3.1/thumb/v7e-m+fp/hard/crtn.o
 *(.fini)
 .fini          0x0000000008003154        0x4 /opt/st/stm32cubeide_1.9.0/plugins/com.st.stm32cube.ide.mcu.externaltools.gnu-tools-for-stm32.10.3-2021.10.linux64_1.0.0.202111181127/tools/bin/../lib/gcc/arm-none-eabi/10.3.1/thumb/v7e-m+fp/hard/crti.o
                0x0000000008003154                _fini
 .fini          0x0000000008003158        0x8 /opt/st/stm32cubeide_1.9.0/plugins/com.st.stm32cube.ide.mcu.externaltools.gnu-tools-for-stm32.10.3-2021.10.linux64_1.0.0.202111181127/tools/bin/../lib/gcc/arm-none-eabi/10.3.1/thumb/v7e-m+fp/hard/crtn.o
                0x0000000008003160                . = ALIGN (0x4)
                0x0000000008003160                _etext = .

.vfp11_veneer   0x0000000008003160        0x0
 .vfp11_veneer  0x0000000008003160        0x0 linker stubs

.v4_bx          0x0000000008003160        0x0
 .v4_bx         0x0000000008003160        0x0 linker stubs

.iplt           0x0000000008003160        0x0
 .iplt          0x0000000008003160        0x0 /opt/st/stm32cubeide_1.9.0/plugins/com.st.stm32cube.ide.mcu.externaltools.gnu-tools-for-stm32.10.3-2021.10.linux64_1.0.0.202111181127/tools/bin/../lib/gcc/arm-none-eabi/10.3.1/thumb/v7e-m+fp/hard/crtbegin.o

.rodata         0x0000000008003160       0x5c
                0x0000000008003160                . = ALIGN (0x4)
 *(.rodata)
 .rodata        0x0000000008003160       0x16 ./Core/Src/BLT/can.o
 *(.rodata*)
 *fill*         0x0000000008003176        0x2 
 .rodata.canTiming
                0x0000000008003178       0x24 ./Core/Src/BLT/can.o
 .rodata.xcpStationId
                0x000000000800319c        0x8 ./Core/Src/BLT/xcp.o
 .rodata.AHBPrescTable
                0x00000000080031a4       0x10 ./Core/Src/system_stm32f3xx.o
                0x00000000080031a4                AHBPrescTable
 .rodata.APBPrescTable
                0x00000000080031b4        0x8 ./Core/Src/system_stm32f3xx.o
                0x00000000080031b4                APBPrescTable
                0x00000000080031bc                . = ALIGN (0x4)

.rel.dyn        0x00000000080031bc        0x0
 .rel.iplt      0x00000000080031bc        0x0 /opt/st/stm32cubeide_1.9.0/plugins/com.st.stm32cube.ide.mcu.externaltools.gnu-tools-for-stm32.10.3-2021.10.linux64_1.0.0.202111181127/tools/bin/../lib/gcc/arm-none-eabi/10.3.1/thumb/v7e-m+fp/hard/crtbegin.o

.ARM.extab      0x00000000080031bc        0x0
                0x00000000080031bc                . = ALIGN (0x4)
 *(.ARM.extab* .gnu.linkonce.armextab.*)
                0x00000000080031bc                . = ALIGN (0x4)

.ARM            0x00000000080031bc        0x0
                0x00000000080031bc                . = ALIGN (0x4)
                0x00000000080031bc                __exidx_start = .
 *(.ARM.exidx*)
                0x00000000080031bc                __exidx_end = .
                0x00000000080031bc                . = ALIGN (0x4)

.preinit_array  0x00000000080031bc        0x0
                0x00000000080031bc                . = ALIGN (0x4)
                0x00000000080031bc                PROVIDE (__preinit_array_start = .)
 *(.preinit_array*)
                0x00000000080031bc                PROVIDE (__preinit_array_end = .)
                0x00000000080031bc                . = ALIGN (0x4)

.init_array     0x00000000080031bc        0x4
                0x00000000080031bc                . = ALIGN (0x4)
                0x00000000080031bc                PROVIDE (__init_array_start = .)
 *(SORT_BY_NAME(.init_array.*))
 *(.init_array*)
 .init_array    0x00000000080031bc        0x4 /opt/st/stm32cubeide_1.9.0/plugins/com.st.stm32cube.ide.mcu.externaltools.gnu-tools-for-stm32.10.3-2021.10.linux64_1.0.0.202111181127/tools/bin/../lib/gcc/arm-none-eabi/10.3.1/thumb/v7e-m+fp/hard/crtbegin.o
                0x00000000080031c0                PROVIDE (__init_array_end = .)
                0x00000000080031c0                . = ALIGN (0x4)

.fini_array     0x00000000080031c0        0x4
                0x00000000080031c0                . = ALIGN (0x4)
                [!provide]                        PROVIDE (__fini_array_start = .)
 *(SORT_BY_NAME(.fini_array.*))
 *(.fini_array*)
 .fini_array    0x00000000080031c0        0x4 /opt/st/stm32cubeide_1.9.0/plugins/com.st.stm32cube.ide.mcu.externaltools.gnu-tools-for-stm32.10.3-2021.10.linux64_1.0.0.202111181127/tools/bin/../lib/gcc/arm-none-eabi/10.3.1/thumb/v7e-m+fp/hard/crtbegin.o
                [!provide]                        PROVIDE (__fini_array_end = .)
                0x00000000080031c4                . = ALIGN (0x4)
                0x00000000080031c4                _sidata = LOADADDR (.data)

.data           0x0000000020000000       0x10 load address 0x00000000080031c4
                0x0000000020000000                . = ALIGN (0x4)
                0x0000000020000000                _sdata = .
 *(.data)
 *(.data*)
 .data.comActiveInterface
                0x0000000020000000        0x1 ./Core/Src/BLT/com.o
 *fill*         0x0000000020000001        0x3 
 .data.SystemCoreClock
                0x0000000020000004        0x4 ./Core/Src/system_stm32f3xx.o
                0x0000000020000004                SystemCoreClock
 .data.uwTickPrio
                0x0000000020000008        0x4 ./Drivers/STM32F3xx_HAL_Driver/Src/stm32f3xx_hal.o
                0x0000000020000008                uwTickPrio
 .data.uwTickFreq
                0x000000002000000c        0x1 ./Drivers/STM32F3xx_HAL_Driver/Src/stm32f3xx_hal.o
                0x000000002000000c                uwTickFreq
 *(.RamFunc)
 *(.RamFunc*)
                0x0000000020000010                . = ALIGN (0x4)
 *fill*         0x000000002000000d        0x3 
                0x0000000020000010                _edata = .
                0x00000000080031d4                _siccmram = LOADADDR (.ccmram)

.igot.plt       0x0000000020000010        0x0 load address 0x00000000080031d4
 .igot.plt      0x0000000020000010        0x0 /opt/st/stm32cubeide_1.9.0/plugins/com.st.stm32cube.ide.mcu.externaltools.gnu-tools-for-stm32.10.3-2021.10.linux64_1.0.0.202111181127/tools/bin/../lib/gcc/arm-none-eabi/10.3.1/thumb/v7e-m+fp/hard/crtbegin.o

.ccmram         0x0000000010000000        0x0 load address 0x00000000080031d4
                0x0000000010000000                . = ALIGN (0x4)
                0x0000000010000000                _sccmram = .
 *(.ccmram)
 *(.ccmram*)
                0x0000000010000000                . = ALIGN (0x4)
                0x0000000010000000                _eccmram = .
                0x0000000010000000                . = ALIGN (0x4)

.bss            0x0000000020000010      0x510
                0x0000000020000010                _sbss = .
                0x0000000020000010                __bss_start__ = _sbss
 *(.bss)
 .bss           0x0000000020000010       0x1c /opt/st/stm32cubeide_1.9.0/plugins/com.st.stm32cube.ide.mcu.externaltools.gnu-tools-for-stm32.10.3-2021.10.linux64_1.0.0.202111181127/tools/bin/../lib/gcc/arm-none-eabi/10.3.1/thumb/v7e-m+fp/hard/crtbegin.o
 *(.bss*)
 .bss.backdoorOpen
                0x000000002000002c        0x1 ./Core/Src/BLT/backdoor.o
 *fill*         0x000000002000002d        0x3 
 .bss.backdoorOpenTime
                0x0000000020000030        0x4 ./Core/Src/BLT/backdoor.o
 .bss.backdoorExtensionTime
                0x0000000020000034        0x4 ./Core/Src/BLT/backdoor.o
 .bss.canHandle
                0x0000000020000038       0x28 ./Core/Src/BLT/can.o
 .bss.xcpCtoReqPacket.0
                0x0000000020000060       0x40 ./Core/Src/BLT/com.o
 .bss.blockInfo
                0x00000000200000a0      0x204 ./Core/Src/BLT/flash.o
 .bss.bootBlockInfo
                0x00000000200002a4      0x204 ./Core/Src/BLT/flash.o
 .bss.millisecond_counter
                0x00000000200004a8        0x4 ./Core/Src/BLT/timer.o
 .bss.xcpInfo   0x00000000200004ac       0x4c ./Core/Src/BLT/xcp.o
 .bss.lastTimer
                0x00000000200004f8        0x4 ./Core/Src/stm32f3xx_it.o
                0x00000000200004f8                lastTimer
 .bss.uwTick    0x00000000200004fc        0x4 ./Drivers/STM32F3xx_HAL_Driver/Src/stm32f3xx_hal.o
                0x00000000200004fc                uwTick
 .bss.pFlash    0x0000000020000500       0x20 ./Drivers/STM32F3xx_HAL_Driver/Src/stm32f3xx_hal_flash.o
                0x0000000020000500                pFlash
 *(COMMON)
                0x0000000020000520                . = ALIGN (0x4)
                0x0000000020000520                _ebss = .
                0x0000000020000520                __bss_end__ = _ebss

._user_heap_stack
                0x0000000020000520      0x600
                0x0000000020000520                . = ALIGN (0x8)
                [!provide]                        PROVIDE (end = .)
                0x0000000020000520                PROVIDE (_end = .)
                0x0000000020000720                . = (. + _Min_Heap_Size)
 *fill*         0x0000000020000520      0x200 
                0x0000000020000b20                . = (. + _Min_Stack_Size)
 *fill*         0x0000000020000720      0x400 
                0x0000000020000b20                . = ALIGN (0x8)

/DISCARD/
 libc.a(*)
 libm.a(*)
 libgcc.a(*)

.ARM.attributes
                0x0000000000000000       0x30
 *(.ARM.attributes)
 .ARM.attributes
                0x0000000000000000       0x1e /opt/st/stm32cubeide_1.9.0/plugins/com.st.stm32cube.ide.mcu.externaltools.gnu-tools-for-stm32.10.3-2021.10.linux64_1.0.0.202111181127/tools/bin/../lib/gcc/arm-none-eabi/10.3.1/thumb/v7e-m+fp/hard/crti.o
 .ARM.attributes
                0x000000000000001e       0x34 /opt/st/stm32cubeide_1.9.0/plugins/com.st.stm32cube.ide.mcu.externaltools.gnu-tools-for-stm32.10.3-2021.10.linux64_1.0.0.202111181127/tools/bin/../lib/gcc/arm-none-eabi/10.3.1/thumb/v7e-m+fp/hard/crtbegin.o
 .ARM.attributes
                0x0000000000000052       0x34 ./Core/Src/BLT/asserts.o
 .ARM.attributes
                0x0000000000000086       0x34 ./Core/Src/BLT/backdoor.o
 .ARM.attributes
                0x00000000000000ba       0x34 ./Core/Src/BLT/boot.o
 .ARM.attributes
                0x00000000000000ee       0x34 ./Core/Src/BLT/can.o
 .ARM.attributes
                0x0000000000000122       0x34 ./Core/Src/BLT/com.o
 .ARM.attributes
                0x0000000000000156       0x34 ./Core/Src/BLT/cop.o
 .ARM.attributes
                0x000000000000018a       0x34 ./Core/Src/BLT/cpu.o
 .ARM.attributes
                0x00000000000001be       0x34 ./Core/Src/BLT/flash.o
 .ARM.attributes
                0x00000000000001f2       0x34 ./Core/Src/BLT/nvm.o
 .ARM.attributes
                0x0000000000000226       0x34 ./Core/Src/BLT/timer.o
 .ARM.attributes
                0x000000000000025a       0x34 ./Core/Src/BLT/xcp.o
 .ARM.attributes
                0x000000000000028e       0x34 ./Core/Src/main.o
 .ARM.attributes
                0x00000000000002c2       0x34 ./Core/Src/stm32f3xx_hal_msp.o
 .ARM.attributes
                0x00000000000002f6       0x34 ./Core/Src/stm32f3xx_it.o
 .ARM.attributes
                0x000000000000032a       0x34 ./Core/Src/system_stm32f3xx.o
 .ARM.attributes
                0x000000000000035e       0x21 ./Core/Startup/startup_stm32f303vetx.o
 .ARM.attributes
                0x000000000000037f       0x34 ./Drivers/STM32F3xx_HAL_Driver/Src/stm32f3xx_hal.o
 .ARM.attributes
                0x00000000000003b3       0x34 ./Drivers/STM32F3xx_HAL_Driver/Src/stm32f3xx_hal_can.o
 .ARM.attributes
                0x00000000000003e7       0x34 ./Drivers/STM32F3xx_HAL_Driver/Src/stm32f3xx_hal_cortex.o
 .ARM.attributes
                0x000000000000041b       0x34 ./Drivers/STM32F3xx_HAL_Driver/Src/stm32f3xx_hal_flash.o
 .ARM.attributes
                0x000000000000044f       0x34 ./Drivers/STM32F3xx_HAL_Driver/Src/stm32f3xx_hal_flash_ex.o
 .ARM.attributes
                0x0000000000000483       0x34 ./Drivers/STM32F3xx_HAL_Driver/Src/stm32f3xx_hal_gpio.o
 .ARM.attributes
                0x00000000000004b7       0x34 ./Drivers/STM32F3xx_HAL_Driver/Src/stm32f3xx_ll_rcc.o
 .ARM.attributes
                0x00000000000004eb       0x34 ./Drivers/STM32F3xx_HAL_Driver/Src/stm32f3xx_ll_utils.o
 .ARM.attributes
                0x000000000000051f       0x34 /opt/st/stm32cubeide_1.9.0/plugins/com.st.stm32cube.ide.mcu.externaltools.gnu-tools-for-stm32.10.3-2021.10.linux64_1.0.0.202111181127/tools/bin/../lib/gcc/arm-none-eabi/10.3.1/../../../../arm-none-eabi/lib/thumb/v7e-m+fp/hard/libc_nano.a(lib_a-init.o)
 .ARM.attributes
                0x0000000000000553       0x1e /opt/st/stm32cubeide_1.9.0/plugins/com.st.stm32cube.ide.mcu.externaltools.gnu-tools-for-stm32.10.3-2021.10.linux64_1.0.0.202111181127/tools/bin/../lib/gcc/arm-none-eabi/10.3.1/thumb/v7e-m+fp/hard/crtn.o
OUTPUT(openBLT_STM32F3VETx.elf elf32-littlearm)
LOAD linker stubs
LOAD /opt/st/stm32cubeide_1.9.0/plugins/com.st.stm32cube.ide.mcu.externaltools.gnu-tools-for-stm32.10.3-2021.10.linux64_1.0.0.202111181127/tools/bin/../lib/gcc/arm-none-eabi/10.3.1/../../../../arm-none-eabi/lib/thumb/v7e-m+fp/hard/libc.a
LOAD /opt/st/stm32cubeide_1.9.0/plugins/com.st.stm32cube.ide.mcu.externaltools.gnu-tools-for-stm32.10.3-2021.10.linux64_1.0.0.202111181127/tools/bin/../lib/gcc/arm-none-eabi/10.3.1/../../../../arm-none-eabi/lib/thumb/v7e-m+fp/hard/libm.a
LOAD /opt/st/stm32cubeide_1.9.0/plugins/com.st.stm32cube.ide.mcu.externaltools.gnu-tools-for-stm32.10.3-2021.10.linux64_1.0.0.202111181127/tools/bin/../lib/gcc/arm-none-eabi/10.3.1/thumb/v7e-m+fp/hard/libgcc.a

.debug_info     0x0000000000000000     0x8900
 .debug_info    0x0000000000000000       0xbd ./Core/Src/BLT/asserts.o
 .debug_info    0x00000000000000bd      0x142 ./Core/Src/BLT/backdoor.o
 .debug_info    0x00000000000001ff       0xfa ./Core/Src/BLT/boot.o
 .debug_info    0x00000000000002f9      0xa49 ./Core/Src/BLT/can.o
 .debug_info    0x0000000000000d42      0x263 ./Core/Src/BLT/com.o
 .debug_info    0x0000000000000fa5       0x86 ./Core/Src/BLT/cop.o
 .debug_info    0x000000000000102b      0x422 ./Core/Src/BLT/cpu.o
 .debug_info    0x000000000000144d      0x5d2 ./Core/Src/BLT/flash.o
 .debug_info    0x0000000000001a1f      0x1fa ./Core/Src/BLT/nvm.o
 .debug_info    0x0000000000001c19      0x182 ./Core/Src/BLT/timer.o
 .debug_info    0x0000000000001d9b      0x6df ./Core/Src/BLT/xcp.o
 .debug_info    0x000000000000247a      0xac0 ./Core/Src/main.o
 .debug_info    0x0000000000002f3a      0x7cb ./Core/Src/stm32f3xx_hal_msp.o
 .debug_info    0x0000000000003705      0x291 ./Core/Src/stm32f3xx_it.o
 .debug_info    0x0000000000003996      0x416 ./Core/Src/system_stm32f3xx.o
 .debug_info    0x0000000000003dac       0x22 ./Core/Startup/startup_stm32f303vetx.o
 .debug_info    0x0000000000003dce      0x837 ./Drivers/STM32F3xx_HAL_Driver/Src/stm32f3xx_hal.o
 .debug_info    0x0000000000004605      0xfca ./Drivers/STM32F3xx_HAL_Driver/Src/stm32f3xx_hal_can.o
 .debug_info    0x00000000000055cf      0xdb5 ./Drivers/STM32F3xx_HAL_Driver/Src/stm32f3xx_hal_cortex.o
 .debug_info    0x0000000000006384      0x53d ./Drivers/STM32F3xx_HAL_Driver/Src/stm32f3xx_hal_flash.o
 .debug_info    0x00000000000068c1      0x83b ./Drivers/STM32F3xx_HAL_Driver/Src/stm32f3xx_hal_flash_ex.o
 .debug_info    0x00000000000070fc      0x74e ./Drivers/STM32F3xx_HAL_Driver/Src/stm32f3xx_hal_gpio.o
 .debug_info    0x000000000000784a      0x855 ./Drivers/STM32F3xx_HAL_Driver/Src/stm32f3xx_ll_rcc.o
 .debug_info    0x000000000000809f      0x861 ./Drivers/STM32F3xx_HAL_Driver/Src/stm32f3xx_ll_utils.o

.debug_abbrev   0x0000000000000000     0x27cd
 .debug_abbrev  0x0000000000000000       0x85 ./Core/Src/BLT/asserts.o
 .debug_abbrev  0x0000000000000085       0xd8 ./Core/Src/BLT/backdoor.o
 .debug_abbrev  0x000000000000015d       0x74 ./Core/Src/BLT/boot.o
 .debug_abbrev  0x00000000000001d1      0x262 ./Core/Src/BLT/can.o
 .debug_abbrev  0x0000000000000433      0x18d ./Core/Src/BLT/com.o
 .debug_abbrev  0x00000000000005c0       0x47 ./Core/Src/BLT/cop.o
 .debug_abbrev  0x0000000000000607      0x17f ./Core/Src/BLT/cpu.o
 .debug_abbrev  0x0000000000000786      0x226 ./Core/Src/BLT/flash.o
 .debug_abbrev  0x00000000000009ac      0x101 ./Core/Src/BLT/nvm.o
 .debug_abbrev  0x0000000000000aad       0xeb ./Core/Src/BLT/timer.o
 .debug_abbrev  0x0000000000000b98      0x237 ./Core/Src/BLT/xcp.o
 .debug_abbrev  0x0000000000000dcf      0x2df ./Core/Src/main.o
 .debug_abbrev  0x00000000000010ae      0x1bc ./Core/Src/stm32f3xx_hal_msp.o
 .debug_abbrev  0x000000000000126a      0x141 ./Core/Src/stm32f3xx_it.o
 .debug_abbrev  0x00000000000013ab      0x116 ./Core/Src/system_stm32f3xx.o
 .debug_abbrev  0x00000000000014c1       0x12 ./Core/Startup/startup_stm32f303vetx.o
 .debug_abbrev  0x00000000000014d3      0x20e ./Drivers/STM32F3xx_HAL_Driver/Src/stm32f3xx_hal.o
 .debug_abbrev  0x00000000000016e1      0x22e ./Drivers/STM32F3xx_HAL_Driver/Src/stm32f3xx_hal_can.o
 .debug_abbrev  0x000000000000190f      0x316 ./Drivers/STM32F3xx_HAL_Driver/Src/stm32f3xx_hal_cortex.o
 .debug_abbrev  0x0000000000001c25      0x250 ./Drivers/STM32F3xx_HAL_Driver/Src/stm32f3xx_hal_flash.o
 .debug_abbrev  0x0000000000001e75      0x2a0 ./Drivers/STM32F3xx_HAL_Driver/Src/stm32f3xx_hal_flash_ex.o
 .debug_abbrev  0x0000000000002115      0x1bb ./Drivers/STM32F3xx_HAL_Driver/Src/stm32f3xx_hal_gpio.o
 .debug_abbrev  0x00000000000022d0      0x24e ./Drivers/STM32F3xx_HAL_Driver/Src/stm32f3xx_ll_rcc.o
 .debug_abbrev  0x000000000000251e      0x2af ./Drivers/STM32F3xx_HAL_Driver/Src/stm32f3xx_ll_utils.o

.debug_aranges  0x0000000000000000      0xba8
 .debug_aranges
                0x0000000000000000       0x20 ./Core/Src/BLT/asserts.o
 .debug_aranges
                0x0000000000000020       0x40 ./Core/Src/BLT/backdoor.o
 .debug_aranges
                0x0000000000000060       0x38 ./Core/Src/BLT/boot.o
 .debug_aranges
                0x0000000000000098       0x38 ./Core/Src/BLT/can.o
 .debug_aranges
                0x00000000000000d0       0x50 ./Core/Src/BLT/com.o
 .debug_aranges
                0x0000000000000120       0x28 ./Core/Src/BLT/cop.o
 .debug_aranges
                0x0000000000000148       0x38 ./Core/Src/BLT/cpu.o
 .debug_aranges
                0x0000000000000180       0x78 ./Core/Src/BLT/flash.o
 .debug_aranges
                0x00000000000001f8       0x50 ./Core/Src/BLT/nvm.o
 .debug_aranges
                0x0000000000000248       0x48 ./Core/Src/BLT/timer.o
 .debug_aranges
                0x0000000000000290       0xe0 ./Core/Src/BLT/xcp.o
 .debug_aranges
                0x0000000000000370       0x90 ./Core/Src/main.o
 .debug_aranges
                0x0000000000000400       0x30 ./Core/Src/stm32f3xx_hal_msp.o
 .debug_aranges
                0x0000000000000430       0x60 ./Core/Src/stm32f3xx_it.o
 .debug_aranges
                0x0000000000000490       0x28 ./Core/Src/system_stm32f3xx.o
 .debug_aranges
                0x00000000000004b8       0x28 ./Core/Startup/startup_stm32f303vetx.o
 .debug_aranges
                0x00000000000004e0       0xe0 ./Drivers/STM32F3xx_HAL_Driver/Src/stm32f3xx_hal.o
 .debug_aranges
                0x00000000000005c0      0x138 ./Drivers/STM32F3xx_HAL_Driver/Src/stm32f3xx_hal_can.o
 .debug_aranges
                0x00000000000006f8      0x118 ./Drivers/STM32F3xx_HAL_Driver/Src/stm32f3xx_hal_cortex.o
 .debug_aranges
                0x0000000000000810       0x88 ./Drivers/STM32F3xx_HAL_Driver/Src/stm32f3xx_hal_flash.o
 .debug_aranges
                0x0000000000000898       0x98 ./Drivers/STM32F3xx_HAL_Driver/Src/stm32f3xx_hal_flash_ex.o
 .debug_aranges
                0x0000000000000930       0x58 ./Drivers/STM32F3xx_HAL_Driver/Src/stm32f3xx_hal_gpio.o
 .debug_aranges
                0x0000000000000988      0x130 ./Drivers/STM32F3xx_HAL_Driver/Src/stm32f3xx_ll_rcc.o
 .debug_aranges
                0x0000000000000ab8       0xf0 ./Drivers/STM32F3xx_HAL_Driver/Src/stm32f3xx_ll_utils.o

.debug_ranges   0x0000000000000000      0xa30
 .debug_ranges  0x0000000000000000       0x10 ./Core/Src/BLT/asserts.o
 .debug_ranges  0x0000000000000010       0x30 ./Core/Src/BLT/backdoor.o
 .debug_ranges  0x0000000000000040       0x28 ./Core/Src/BLT/boot.o
 .debug_ranges  0x0000000000000068       0x28 ./Core/Src/BLT/can.o
 .debug_ranges  0x0000000000000090       0x40 ./Core/Src/BLT/com.o
 .debug_ranges  0x00000000000000d0       0x18 ./Core/Src/BLT/cop.o
 .debug_ranges  0x00000000000000e8       0x28 ./Core/Src/BLT/cpu.o
 .debug_ranges  0x0000000000000110       0x68 ./Core/Src/BLT/flash.o
 .debug_ranges  0x0000000000000178       0x40 ./Core/Src/BLT/nvm.o
 .debug_ranges  0x00000000000001b8       0x38 ./Core/Src/BLT/timer.o
 .debug_ranges  0x00000000000001f0       0xd0 ./Core/Src/BLT/xcp.o
 .debug_ranges  0x00000000000002c0       0x80 ./Core/Src/main.o
 .debug_ranges  0x0000000000000340       0x20 ./Core/Src/stm32f3xx_hal_msp.o
 .debug_ranges  0x0000000000000360       0x50 ./Core/Src/stm32f3xx_it.o
 .debug_ranges  0x00000000000003b0       0x18 ./Core/Src/system_stm32f3xx.o
 .debug_ranges  0x00000000000003c8       0x20 ./Core/Startup/startup_stm32f303vetx.o
 .debug_ranges  0x00000000000003e8       0xd0 ./Drivers/STM32F3xx_HAL_Driver/Src/stm32f3xx_hal.o
 .debug_ranges  0x00000000000004b8      0x128 ./Drivers/STM32F3xx_HAL_Driver/Src/stm32f3xx_hal_can.o
 .debug_ranges  0x00000000000005e0      0x108 ./Drivers/STM32F3xx_HAL_Driver/Src/stm32f3xx_hal_cortex.o
 .debug_ranges  0x00000000000006e8       0x78 ./Drivers/STM32F3xx_HAL_Driver/Src/stm32f3xx_hal_flash.o
 .debug_ranges  0x0000000000000760       0x88 ./Drivers/STM32F3xx_HAL_Driver/Src/stm32f3xx_hal_flash_ex.o
 .debug_ranges  0x00000000000007e8       0x48 ./Drivers/STM32F3xx_HAL_Driver/Src/stm32f3xx_hal_gpio.o
 .debug_ranges  0x0000000000000830      0x120 ./Drivers/STM32F3xx_HAL_Driver/Src/stm32f3xx_ll_rcc.o
 .debug_ranges  0x0000000000000950       0xe0 ./Drivers/STM32F3xx_HAL_Driver/Src/stm32f3xx_ll_utils.o

.debug_macro    0x0000000000000000    0x20c72
 .debug_macro   0x0000000000000000       0x91 ./Core/Src/BLT/asserts.o
 .debug_macro   0x0000000000000091      0xa7e ./Core/Src/BLT/asserts.o
 .debug_macro   0x0000000000000b0f       0x1c ./Core/Src/BLT/asserts.o
 .debug_macro   0x0000000000000b2b       0x1c ./Core/Src/BLT/asserts.o
 .debug_macro   0x0000000000000b47       0x22 ./Core/Src/BLT/asserts.o
 .debug_macro   0x0000000000000b69       0xb0 ./Core/Src/BLT/asserts.o
 .debug_macro   0x0000000000000c19       0x55 ./Core/Src/BLT/asserts.o
 .debug_macro   0x0000000000000c6e       0x1c ./Core/Src/BLT/asserts.o
 .debug_macro   0x0000000000000c8a      0x1aa ./Core/Src/BLT/asserts.o
 .debug_macro   0x0000000000000e34       0x40 ./Core/Src/BLT/asserts.o
 .debug_macro   0x0000000000000e74       0x97 ./Core/Src/BLT/backdoor.o
 .debug_macro   0x0000000000000f0b       0x91 ./Core/Src/BLT/boot.o
 .debug_macro   0x0000000000000f9c      0x24e ./Core/Src/BLT/can.o
 .debug_macro   0x00000000000011ea       0x2e ./Core/Src/BLT/can.o
 .debug_macro   0x0000000000001218       0x28 ./Core/Src/BLT/can.o
 .debug_macro   0x0000000000001240       0x22 ./Core/Src/BLT/can.o
 .debug_macro   0x0000000000001262       0x8e ./Core/Src/BLT/can.o
 .debug_macro   0x00000000000012f0       0x51 ./Core/Src/BLT/can.o
 .debug_macro   0x0000000000001341      0x103 ./Core/Src/BLT/can.o
 .debug_macro   0x0000000000001444       0x6a ./Core/Src/BLT/can.o
 .debug_macro   0x00000000000014ae      0x1df ./Core/Src/BLT/can.o
 .debug_macro   0x000000000000168d       0x1c ./Core/Src/BLT/can.o
 .debug_macro   0x00000000000016a9       0x22 ./Core/Src/BLT/can.o
 .debug_macro   0x00000000000016cb       0xd9 ./Core/Src/BLT/can.o
 .debug_macro   0x00000000000017a4     0x102d ./Core/Src/BLT/can.o
 .debug_macro   0x00000000000027d1      0x11f ./Core/Src/BLT/can.o
 .debug_macro   0x00000000000028f0    0x1535a ./Core/Src/BLT/can.o
 .debug_macro   0x0000000000017c4a       0x6d ./Core/Src/BLT/can.o
 .debug_macro   0x0000000000017cb7      0x151 ./Core/Src/BLT/can.o
 .debug_macro   0x0000000000017e08     0x3540 ./Core/Src/BLT/can.o
 .debug_macro   0x000000000001b348      0x174 ./Core/Src/BLT/can.o
 .debug_macro   0x000000000001b4bc       0x55 ./Core/Src/BLT/can.o
 .debug_macro   0x000000000001b511      0x954 ./Core/Src/BLT/can.o
 .debug_macro   0x000000000001be65      0x84a ./Core/Src/BLT/can.o
 .debug_macro   0x000000000001c6af      0x1b6 ./Core/Src/BLT/can.o
 .debug_macro   0x000000000001c865      0x23a ./Core/Src/BLT/can.o
 .debug_macro   0x000000000001ca9f      0x1ea ./Core/Src/BLT/can.o
 .debug_macro   0x000000000001cc89      0x1bc ./Core/Src/BLT/can.o
 .debug_macro   0x000000000001ce45       0x30 ./Core/Src/BLT/can.o
 .debug_macro   0x000000000001ce75       0x3c ./Core/Src/BLT/can.o
 .debug_macro   0x000000000001ceb1      0x236 ./Core/Src/BLT/can.o
 .debug_macro   0x000000000001d0e7      0x408 ./Core/Src/BLT/can.o
 .debug_macro   0x000000000001d4ef       0xc5 ./Core/Src/BLT/can.o
 .debug_macro   0x000000000001d5b4      0x21d ./Core/Src/BLT/can.o
 .debug_macro   0x000000000001d7d1      0x22c ./Core/Src/BLT/can.o
 .debug_macro   0x000000000001d9fd       0x5b ./Core/Src/BLT/can.o
 .debug_macro   0x000000000001da58       0xa5 ./Core/Src/BLT/can.o
 .debug_macro   0x000000000001dafd       0x81 ./Core/Src/BLT/can.o
 .debug_macro   0x000000000001db7e       0xd3 ./Core/Src/BLT/can.o
 .debug_macro   0x000000000001dc51      0x347 ./Core/Src/BLT/can.o
 .debug_macro   0x000000000001df98      0x627 ./Core/Src/BLT/can.o
 .debug_macro   0x000000000001e5bf       0x9b ./Core/Src/BLT/com.o
 .debug_macro   0x000000000001e65a       0x91 ./Core/Src/BLT/cop.o
 .debug_macro   0x000000000001e6eb      0x245 ./Core/Src/BLT/cpu.o
 .debug_macro   0x000000000001e930      0x269 ./Core/Src/BLT/flash.o
 .debug_macro   0x000000000001eb99       0x95 ./Core/Src/BLT/nvm.o
 .debug_macro   0x000000000001ec2e      0x239 ./Core/Src/BLT/timer.o
 .debug_macro   0x000000000001ee67       0x91 ./Core/Src/BLT/xcp.o
 .debug_macro   0x000000000001eef8      0x299 ./Core/Src/main.o
 .debug_macro   0x000000000001f191      0x219 ./Core/Src/stm32f3xx_hal_msp.o
 .debug_macro   0x000000000001f3aa      0x223 ./Core/Src/stm32f3xx_it.o
 .debug_macro   0x000000000001f5cd      0x1b9 ./Core/Src/system_stm32f3xx.o
 .debug_macro   0x000000000001f786      0x1dd ./Drivers/STM32F3xx_HAL_Driver/Src/stm32f3xx_hal.o
 .debug_macro   0x000000000001f963      0x1c1 ./Drivers/STM32F3xx_HAL_Driver/Src/stm32f3xx_hal_can.o
 .debug_macro   0x000000000001fb24      0x1b9 ./Drivers/STM32F3xx_HAL_Driver/Src/stm32f3xx_hal_cortex.o
 .debug_macro   0x000000000001fcdd      0x1b9 ./Drivers/STM32F3xx_HAL_Driver/Src/stm32f3xx_hal_flash.o
 .debug_macro   0x000000000001fe96      0x1cb ./Drivers/STM32F3xx_HAL_Driver/Src/stm32f3xx_hal_flash_ex.o
 .debug_macro   0x0000000000020061      0x1c0 ./Drivers/STM32F3xx_HAL_Driver/Src/stm32f3xx_hal_gpio.o
 .debug_macro   0x0000000000020221      0x1f9 ./Drivers/STM32F3xx_HAL_Driver/Src/stm32f3xx_ll_rcc.o
 .debug_macro   0x000000000002041a      0x621 ./Drivers/STM32F3xx_HAL_Driver/Src/stm32f3xx_ll_rcc.o
 .debug_macro   0x0000000000020a3b      0x237 ./Drivers/STM32F3xx_HAL_Driver/Src/stm32f3xx_ll_utils.o

.debug_line     0x0000000000000000     0xaf7e
 .debug_line    0x0000000000000000       0xf5 ./Core/Src/BLT/asserts.o
 .debug_line    0x00000000000000f5      0x188 ./Core/Src/BLT/backdoor.o
 .debug_line    0x000000000000027d      0x141 ./Core/Src/BLT/boot.o
 .debug_line    0x00000000000003be      0x8ee ./Core/Src/BLT/can.o
 .debug_line    0x0000000000000cac      0x1ea ./Core/Src/BLT/com.o
 .debug_line    0x0000000000000e96       0xfd ./Core/Src/BLT/cop.o
 .debug_line    0x0000000000000f93      0x79e ./Core/Src/BLT/cpu.o
 .debug_line    0x0000000000001731      0xa9b ./Core/Src/BLT/flash.o
 .debug_line    0x00000000000021cc      0x193 ./Core/Src/BLT/nvm.o
 .debug_line    0x000000000000235f      0x7a4 ./Core/Src/BLT/timer.o
 .debug_line    0x0000000000002b03      0x5b1 ./Core/Src/BLT/xcp.o
 .debug_line    0x00000000000030b4      0xa3b ./Core/Src/main.o
 .debug_line    0x0000000000003aef      0x78e ./Core/Src/stm32f3xx_hal_msp.o
 .debug_line    0x000000000000427d      0x817 ./Core/Src/stm32f3xx_it.o
 .debug_line    0x0000000000004a94      0x6ed ./Core/Src/system_stm32f3xx.o
 .debug_line    0x0000000000005181       0x88 ./Core/Startup/startup_stm32f303vetx.o
 .debug_line    0x0000000000005209      0x91d ./Drivers/STM32F3xx_HAL_Driver/Src/stm32f3xx_hal.o
 .debug_line    0x0000000000005b26     0x10bc ./Drivers/STM32F3xx_HAL_Driver/Src/stm32f3xx_hal_can.o
 .debug_line    0x0000000000006be2      0xbe2 ./Drivers/STM32F3xx_HAL_Driver/Src/stm32f3xx_hal_cortex.o
 .debug_line    0x00000000000077c4      0x9b3 ./Drivers/STM32F3xx_HAL_Driver/Src/stm32f3xx_hal_flash.o
 .debug_line    0x0000000000008177      0xb1c ./Drivers/STM32F3xx_HAL_Driver/Src/stm32f3xx_hal_flash_ex.o
 .debug_line    0x0000000000008c93      0xaa6 ./Drivers/STM32F3xx_HAL_Driver/Src/stm32f3xx_hal_gpio.o
 .debug_line    0x0000000000009739      0xd4e ./Drivers/STM32F3xx_HAL_Driver/Src/stm32f3xx_ll_rcc.o
 .debug_line    0x000000000000a487      0xaf7 ./Drivers/STM32F3xx_HAL_Driver/Src/stm32f3xx_ll_utils.o

.debug_str      0x0000000000000000    0xc61c1
 .debug_str     0x0000000000000000     0x3af9 ./Core/Src/BLT/asserts.o
                                       0x3b6b (size before relaxing)
 .debug_str     0x0000000000003af9      0x110 ./Core/Src/BLT/backdoor.o
                                       0x3c35 (size before relaxing)
 .debug_str     0x0000000000003c09       0x82 ./Core/Src/BLT/boot.o
                                       0x3bc2 (size before relaxing)
 .debug_str     0x0000000000003c8b    0xb86b3 ./Core/Src/BLT/can.o
                                      0xbcb2e (size before relaxing)
 .debug_str     0x00000000000bc33e      0x125 ./Core/Src/BLT/com.o
                                       0x3cba (size before relaxing)
 .debug_str     0x00000000000bc463       0x16 ./Core/Src/BLT/cop.o
                                       0x3b43 (size before relaxing)
 .debug_str     0x00000000000bc479      0x187 ./Core/Src/BLT/cpu.o
                                      0xb9052 (size before relaxing)
 .debug_str     0x00000000000bc600      0x400 ./Core/Src/BLT/flash.o
                                      0xb92a2 (size before relaxing)
 .debug_str     0x00000000000bca00       0x3a ./Core/Src/BLT/nvm.o
                                       0x3c32 (size before relaxing)
 .debug_str     0x00000000000bca3a       0x60 ./Core/Src/BLT/timer.o
                                      0xb8e98 (size before relaxing)
 .debug_str     0x00000000000bca9a      0x241 ./Core/Src/BLT/xcp.o
                                       0x3e88 (size before relaxing)
 .debug_str     0x00000000000bccdb     0x68a3 ./Core/Src/main.o
                                      0xc307a (size before relaxing)
 .debug_str     0x00000000000c357e       0x5e ./Core/Src/stm32f3xx_hal_msp.o
                                      0xc20c6 (size before relaxing)
 .debug_str     0x00000000000c35dc       0xd6 ./Core/Src/stm32f3xx_it.o
                                      0xc1e1d (size before relaxing)
 .debug_str     0x00000000000c36b2       0x7b ./Core/Src/system_stm32f3xx.o
                                      0xb8175 (size before relaxing)
 .debug_str     0x00000000000c372d       0x36 ./Core/Startup/startup_stm32f303vetx.o
                                         0x81 (size before relaxing)
 .debug_str     0x00000000000c3763      0x6d0 ./Drivers/STM32F3xx_HAL_Driver/Src/stm32f3xx_hal.o
                                      0xb8a1e (size before relaxing)
 .debug_str     0x00000000000c3e33      0x407 ./Drivers/STM32F3xx_HAL_Driver/Src/stm32f3xx_hal_can.o
                                      0xb88fc (size before relaxing)
 .debug_str     0x00000000000c423a      0x35d ./Drivers/STM32F3xx_HAL_Driver/Src/stm32f3xx_hal_cortex.o
                                      0xb8a70 (size before relaxing)
 .debug_str     0x00000000000c4597      0x289 ./Drivers/STM32F3xx_HAL_Driver/Src/stm32f3xx_hal_flash.o
                                      0xb83c2 (size before relaxing)
 .debug_str     0x00000000000c4820      0x33d ./Drivers/STM32F3xx_HAL_Driver/Src/stm32f3xx_hal_flash_ex.o
                                      0xb85be (size before relaxing)
 .debug_str     0x00000000000c4b5d      0x177 ./Drivers/STM32F3xx_HAL_Driver/Src/stm32f3xx_hal_gpio.o
                                      0xb835a (size before relaxing)
 .debug_str     0x00000000000c4cd4      0x85c ./Drivers/STM32F3xx_HAL_Driver/Src/stm32f3xx_ll_rcc.o
                                      0xbc0c6 (size before relaxing)
 .debug_str     0x00000000000c5530      0xc91 ./Drivers/STM32F3xx_HAL_Driver/Src/stm32f3xx_ll_utils.o
                                      0xbef22 (size before relaxing)

.comment        0x0000000000000000       0x50
 .comment       0x0000000000000000       0x50 ./Core/Src/BLT/asserts.o
                                         0x51 (size before relaxing)
 .comment       0x0000000000000050       0x51 ./Core/Src/BLT/backdoor.o
 .comment       0x0000000000000050       0x51 ./Core/Src/BLT/boot.o
 .comment       0x0000000000000050       0x51 ./Core/Src/BLT/can.o
 .comment       0x0000000000000050       0x51 ./Core/Src/BLT/com.o
 .comment       0x0000000000000050       0x51 ./Core/Src/BLT/cop.o
 .comment       0x0000000000000050       0x51 ./Core/Src/BLT/cpu.o
 .comment       0x0000000000000050       0x51 ./Core/Src/BLT/flash.o
 .comment       0x0000000000000050       0x51 ./Core/Src/BLT/nvm.o
 .comment       0x0000000000000050       0x51 ./Core/Src/BLT/timer.o
 .comment       0x0000000000000050       0x51 ./Core/Src/BLT/xcp.o
 .comment       0x0000000000000050       0x51 ./Core/Src/main.o
 .comment       0x0000000000000050       0x51 ./Core/Src/stm32f3xx_hal_msp.o
 .comment       0x0000000000000050       0x51 ./Core/Src/stm32f3xx_it.o
 .comment       0x0000000000000050       0x51 ./Core/Src/system_stm32f3xx.o
 .comment       0x0000000000000050       0x51 ./Drivers/STM32F3xx_HAL_Driver/Src/stm32f3xx_hal.o
 .comment       0x0000000000000050       0x51 ./Drivers/STM32F3xx_HAL_Driver/Src/stm32f3xx_hal_can.o
 .comment       0x0000000000000050       0x51 ./Drivers/STM32F3xx_HAL_Driver/Src/stm32f3xx_hal_cortex.o
 .comment       0x0000000000000050       0x51 ./Drivers/STM32F3xx_HAL_Driver/Src/stm32f3xx_hal_flash.o
 .comment       0x0000000000000050       0x51 ./Drivers/STM32F3xx_HAL_Driver/Src/stm32f3xx_hal_flash_ex.o
 .comment       0x0000000000000050       0x51 ./Drivers/STM32F3xx_HAL_Driver/Src/stm32f3xx_hal_gpio.o
 .comment       0x0000000000000050       0x51 ./Drivers/STM32F3xx_HAL_Driver/Src/stm32f3xx_ll_rcc.o
 .comment       0x0000000000000050       0x51 ./Drivers/STM32F3xx_HAL_Driver/Src/stm32f3xx_ll_utils.o

.debug_frame    0x0000000000000000     0x2ae4
 .debug_frame   0x0000000000000000       0x30 ./Core/Src/BLT/asserts.o
 .debug_frame   0x0000000000000030       0xac ./Core/Src/BLT/backdoor.o
 .debug_frame   0x00000000000000dc       0x88 ./Core/Src/BLT/boot.o
 .debug_frame   0x0000000000000164       0xa0 ./Core/Src/BLT/can.o
 .debug_frame   0x0000000000000204      0x108 ./Core/Src/BLT/com.o
 .debug_frame   0x000000000000030c       0x50 ./Core/Src/BLT/cop.o
 .debug_frame   0x000000000000035c       0x98 ./Core/Src/BLT/cpu.o
 .debug_frame   0x00000000000003f4      0x1b4 ./Core/Src/BLT/flash.o
 .debug_frame   0x00000000000005a8       0xe4 ./Core/Src/BLT/nvm.o
 .debug_frame   0x000000000000068c       0xc4 ./Core/Src/BLT/timer.o
 .debug_frame   0x0000000000000750      0x398 ./Core/Src/BLT/xcp.o
 .debug_frame   0x0000000000000ae8      0x210 ./Core/Src/main.o
 .debug_frame   0x0000000000000cf8       0x80 ./Core/Src/stm32f3xx_hal_msp.o
 .debug_frame   0x0000000000000d78      0x104 ./Core/Src/stm32f3xx_it.o
 .debug_frame   0x0000000000000e7c       0x58 ./Core/Src/system_stm32f3xx.o
 .debug_frame   0x0000000000000ed4      0x334 ./Drivers/STM32F3xx_HAL_Driver/Src/stm32f3xx_hal.o
 .debug_frame   0x0000000000001208      0x5a0 ./Drivers/STM32F3xx_HAL_Driver/Src/stm32f3xx_hal_can.o
 .debug_frame   0x00000000000017a8      0x498 ./Drivers/STM32F3xx_HAL_Driver/Src/stm32f3xx_hal_cortex.o
 .debug_frame   0x0000000000001c40      0x20c ./Drivers/STM32F3xx_HAL_Driver/Src/stm32f3xx_hal_flash.o
 .debug_frame   0x0000000000001e4c      0x258 ./Drivers/STM32F3xx_HAL_Driver/Src/stm32f3xx_hal_flash_ex.o
 .debug_frame   0x00000000000020a4      0x14c ./Drivers/STM32F3xx_HAL_Driver/Src/stm32f3xx_hal_gpio.o
 .debug_frame   0x00000000000021f0      0x4ec ./Drivers/STM32F3xx_HAL_Driver/Src/stm32f3xx_ll_rcc.o
 .debug_frame   0x00000000000026dc      0x3dc ./Drivers/STM32F3xx_HAL_Driver/Src/stm32f3xx_ll_utils.o
 .debug_frame   0x0000000000002ab8       0x2c /opt/st/stm32cubeide_1.9.0/plugins/com.st.stm32cube.ide.mcu.externaltools.gnu-tools-for-stm32.10.3-2021.10.linux64_1.0.0.202111181127/tools/bin/../lib/gcc/arm-none-eabi/10.3.1/../../../../arm-none-eabi/lib/thumb/v7e-m+fp/hard/libc_nano.a(lib_a-init.o)
