Archive member included to satisfy reference by file (symbol)

/usr/lib/gcc/arm-none-eabi/12.1.0/../../../../arm-none-eabi/lib/thumb/v7e-m+fp/hard/libc_nano.a(lib_a-atexit.o)
                              /usr/lib/gcc/arm-none-eabi/12.1.0/../../../../arm-none-eabi/lib/thumb/v7e-m+fp/hard/crt0.o (atexit)
/usr/lib/gcc/arm-none-eabi/12.1.0/../../../../arm-none-eabi/lib/thumb/v7e-m+fp/hard/libc_nano.a(lib_a-errno.o)
                              build/syscalls.o (__errno)
/usr/lib/gcc/arm-none-eabi/12.1.0/../../../../arm-none-eabi/lib/thumb/v7e-m+fp/hard/libc_nano.a(lib_a-exit.o)
                              /usr/lib/gcc/arm-none-eabi/12.1.0/../../../../arm-none-eabi/lib/thumb/v7e-m+fp/hard/crt0.o (exit)
/usr/lib/gcc/arm-none-eabi/12.1.0/../../../../arm-none-eabi/lib/thumb/v7e-m+fp/hard/libc_nano.a(lib_a-fini.o)
                              /usr/lib/gcc/arm-none-eabi/12.1.0/../../../../arm-none-eabi/lib/thumb/v7e-m+fp/hard/crt0.o (__libc_fini_array)
/usr/lib/gcc/arm-none-eabi/12.1.0/../../../../arm-none-eabi/lib/thumb/v7e-m+fp/hard/libc_nano.a(lib_a-impure.o)
                              /usr/lib/gcc/arm-none-eabi/12.1.0/../../../../arm-none-eabi/lib/thumb/v7e-m+fp/hard/libc_nano.a(lib_a-exit.o) (_global_impure_ptr)
/usr/lib/gcc/arm-none-eabi/12.1.0/../../../../arm-none-eabi/lib/thumb/v7e-m+fp/hard/libc_nano.a(lib_a-init.o)
                              /usr/lib/gcc/arm-none-eabi/12.1.0/../../../../arm-none-eabi/lib/thumb/v7e-m+fp/hard/crt0.o (__libc_init_array)
/usr/lib/gcc/arm-none-eabi/12.1.0/../../../../arm-none-eabi/lib/thumb/v7e-m+fp/hard/libc_nano.a(lib_a-memset.o)
                              /usr/lib/gcc/arm-none-eabi/12.1.0/../../../../arm-none-eabi/lib/thumb/v7e-m+fp/hard/crt0.o (memset)
/usr/lib/gcc/arm-none-eabi/12.1.0/../../../../arm-none-eabi/lib/thumb/v7e-m+fp/hard/libc_nano.a(lib_a-__atexit.o)
                              /usr/lib/gcc/arm-none-eabi/12.1.0/../../../../arm-none-eabi/lib/thumb/v7e-m+fp/hard/libc_nano.a(lib_a-atexit.o) (__register_exitproc)
/usr/lib/gcc/arm-none-eabi/12.1.0/../../../../arm-none-eabi/lib/thumb/v7e-m+fp/hard/libc_nano.a(lib_a-__call_atexit.o)
                              /usr/lib/gcc/arm-none-eabi/12.1.0/../../../../arm-none-eabi/lib/thumb/v7e-m+fp/hard/libc_nano.a(lib_a-__atexit.o) (__call_exitprocs)
/usr/lib/gcc/arm-none-eabi/12.1.0/../../../../arm-none-eabi/lib/thumb/v7e-m+fp/hard/libc_nano.a(lib_a-lock.o)
                              /usr/lib/gcc/arm-none-eabi/12.1.0/../../../../arm-none-eabi/lib/thumb/v7e-m+fp/hard/libc_nano.a(lib_a-__atexit.o) (__retarget_lock_acquire_recursive)

Discarded input sections

 .text          0x0000000000000000        0x0 /usr/lib/gcc/arm-none-eabi/12.1.0/thumb/v7e-m+fp/hard/crti.o
 .data          0x0000000000000000        0x0 /usr/lib/gcc/arm-none-eabi/12.1.0/thumb/v7e-m+fp/hard/crti.o
 .bss           0x0000000000000000        0x0 /usr/lib/gcc/arm-none-eabi/12.1.0/thumb/v7e-m+fp/hard/crti.o
 .text          0x0000000000000000        0x0 /usr/lib/gcc/arm-none-eabi/12.1.0/thumb/v7e-m+fp/hard/crtbegin.o
 .data          0x0000000000000000        0x0 /usr/lib/gcc/arm-none-eabi/12.1.0/thumb/v7e-m+fp/hard/crtbegin.o
 .bss           0x0000000000000000        0x0 /usr/lib/gcc/arm-none-eabi/12.1.0/thumb/v7e-m+fp/hard/crtbegin.o
 .rodata.all_implied_fbits
                0x0000000000000000       0x24 /usr/lib/gcc/arm-none-eabi/12.1.0/thumb/v7e-m+fp/hard/crtbegin.o
 .data.__dso_handle
                0x0000000000000000        0x4 /usr/lib/gcc/arm-none-eabi/12.1.0/thumb/v7e-m+fp/hard/crtbegin.o
 .text          0x0000000000000000       0x70 /usr/lib/gcc/arm-none-eabi/12.1.0/../../../../arm-none-eabi/lib/thumb/v7e-m+fp/hard/crt0.o
 .data          0x0000000000000000        0x0 /usr/lib/gcc/arm-none-eabi/12.1.0/../../../../arm-none-eabi/lib/thumb/v7e-m+fp/hard/crt0.o
 .bss           0x0000000000000000        0x0 /usr/lib/gcc/arm-none-eabi/12.1.0/../../../../arm-none-eabi/lib/thumb/v7e-m+fp/hard/crt0.o
 .ARM.extab     0x0000000000000000        0x0 /usr/lib/gcc/arm-none-eabi/12.1.0/../../../../arm-none-eabi/lib/thumb/v7e-m+fp/hard/crt0.o
 .ARM.exidx     0x0000000000000000       0x10 /usr/lib/gcc/arm-none-eabi/12.1.0/../../../../arm-none-eabi/lib/thumb/v7e-m+fp/hard/crt0.o
 .debug_line_str
                0x0000000000000000       0x84 /usr/lib/gcc/arm-none-eabi/12.1.0/../../../../arm-none-eabi/lib/thumb/v7e-m+fp/hard/crt0.o
 .ARM.attributes
                0x0000000000000000       0x1c /usr/lib/gcc/arm-none-eabi/12.1.0/../../../../arm-none-eabi/lib/thumb/v7e-m+fp/hard/crt0.o
 .text          0x0000000000000000        0x0 build/asserts.o
 .data          0x0000000000000000        0x0 build/asserts.o
 .bss           0x0000000000000000        0x0 build/asserts.o
 .text.AssertFailure
                0x0000000000000000        0x8 build/asserts.o
 .debug_info    0x0000000000000000       0xc5 build/asserts.o
 .debug_abbrev  0x0000000000000000       0x91 build/asserts.o
 .debug_loclists
                0x0000000000000000       0x3a build/asserts.o
[...]
Memory Configuration

Name             Origin             Length             Attributes
RAM              0x0000000020000000 0x0000000000004000 xrw
FLASH            0x0000000008000000 0x0000000000010000 xr
*default*        0x0000000000000000 0xffffffffffffffff

Linker script and memory map

LOAD /usr/lib/gcc/arm-none-eabi/12.1.0/thumb/v7e-m+fp/hard/crti.o
LOAD /usr/lib/gcc/arm-none-eabi/12.1.0/thumb/v7e-m+fp/hard/crtbegin.o
LOAD /usr/lib/gcc/arm-none-eabi/12.1.0/../../../../arm-none-eabi/lib/thumb/v7e-m+fp/hard/crt0.o
LOAD build/asserts.o
LOAD build/backdoor.o
LOAD build/boot.o
LOAD build/can.o
LOAD build/com.o
LOAD build/cop.o
LOAD build/cpu.o
LOAD build/flash.o
LOAD build/hooks.o
LOAD build/led.o
LOAD build/net.o
LOAD build/nvm.o
LOAD build/rs232.o
LOAD build/timer.o
LOAD build/xcp.o
LOAD build/main.o
LOAD build/stm32f3xx_hal_msp.o
LOAD build/stm32f3xx_it.o
LOAD build/syscalls.o
LOAD build/sysmem.o
LOAD build/system_stm32f3xx.o
LOAD build/stm32f3xx_hal.o
LOAD build/stm32f3xx_hal_can.o
LOAD build/stm32f3xx_hal_cortex.o
LOAD build/stm32f3xx_hal_dma.o
LOAD build/stm32f3xx_hal_exti.o
LOAD build/stm32f3xx_hal_flash.o
LOAD build/stm32f3xx_hal_flash_ex.o
LOAD build/stm32f3xx_hal_gpio.o
LOAD build/stm32f3xx_hal_i2c.o
LOAD build/stm32f3xx_hal_i2c_ex.o
LOAD build/stm32f3xx_hal_pwr.o
LOAD build/stm32f3xx_hal_pwr_ex.o
LOAD build/stm32f3xx_hal_rcc.o
LOAD build/stm32f3xx_hal_rcc_ex.o
LOAD build/stm32f3xx_hal_tim.o
LOAD build/stm32f3xx_hal_tim_ex.o
LOAD build/stm32f3xx_hal_uart.o
LOAD build/stm32f3xx_hal_uart_ex.o
LOAD build/stm32f3xx_ll_exti.o
LOAD build/stm32f3xx_ll_rcc.o
LOAD build/stm32f3xx_ll_utils.o
LOAD build/startup_stm32f302x8.o
LOAD /usr/lib/gcc/arm-none-eabi/12.1.0/../../../../arm-none-eabi/lib/thumb/v7e-m+fp/hard/libc_nano.a
LOAD /usr/lib/gcc/arm-none-eabi/12.1.0/../../../../arm-none-eabi/lib/thumb/v7e-m+fp/hard/libm.a
LOAD /usr/lib/gcc/arm-none-eabi/12.1.0/../../../../arm-none-eabi/lib/thumb/v7e-m+fp/hard/libnosys.a
START GROUP
LOAD /usr/lib/gcc/arm-none-eabi/12.1.0/thumb/v7e-m+fp/hard/libgcc.a
LOAD /usr/lib/gcc/arm-none-eabi/12.1.0/../../../../arm-none-eabi/lib/thumb/v7e-m+fp/hard/libc_nano.a
END GROUP
START GROUP
LOAD /usr/lib/gcc/arm-none-eabi/12.1.0/thumb/v7e-m+fp/hard/libgcc.a
LOAD /usr/lib/gcc/arm-none-eabi/12.1.0/../../../../arm-none-eabi/lib/thumb/v7e-m+fp/hard/libc_nano.a
END GROUP
LOAD /usr/lib/gcc/arm-none-eabi/12.1.0/thumb/v7e-m+fp/hard/crtend.o
LOAD /usr/lib/gcc/arm-none-eabi/12.1.0/thumb/v7e-m+fp/hard/crtn.o
                0x0000000020004000                _estack = (ORIGIN (RAM) + LENGTH (RAM))
                0x0000000000000200                _Min_Heap_Size = 0x200
                0x0000000000000400                _Min_Stack_Size = 0x400

.isr_vector     0x0000000008000000      0x188
                0x0000000008000000                . = ALIGN (0x4)
 *(.isr_vector)
 .isr_vector    0x0000000008000000      0x188 build/startup_stm32f302x8.o
                0x0000000008000000                g_pfnVectors
                0x0000000008000188                . = ALIGN (0x4)

.text           0x0000000008000188     0x1d8c
                0x0000000008000188                . = ALIGN (0x4)
 *(.text)
 *(.text*)
 .text.__do_global_dtors_aux
                0x0000000008000188       0x24 /usr/lib/gcc/arm-none-eabi/12.1.0/thumb/v7e-m+fp/hard/crtbegin.o
 .text.frame_dummy
                0x00000000080001ac       0x1c /usr/lib/gcc/arm-none-eabi/12.1.0/thumb/v7e-m+fp/hard/crtbegin.o
 .text.BackDoorCheck
                0x00000000080001c8       0x44 build/backdoor.o
                0x00000000080001c8                BackDoorCheck
 .text.BackDoorRestartTimer
                0x000000000800020c       0x20 build/backdoor.o
                0x000000000800020c                BackDoorRestartTimer
 .text.BackDoorInit
                0x000000000800022c       0x18 build/backdoor.o
                0x000000000800022c                BackDoorInit
 .text.BootInit
                0x0000000008000244       0x26 build/boot.o
                0x0000000008000244                BootInit
 .text.BootTask
                0x000000000800026a       0x18 build/boot.o
                0x000000000800026a                BootTask
 .text.CpuIrqDisable
                0x0000000008000282        0x4 build/boot.o
                0x0000000008000282                CpuIrqDisable
 .text.CpuIrqEnable
                0x0000000008000286        0x4 build/boot.o
                0x0000000008000286                CpuIrqEnable
 *fill*         0x000000000800028a        0x2 
 .text.CanTransmitPacket
                0x000000000800028c       0x4c build/can.o
                0x000000000800028c                CanTransmitPacket
 .text.CanReceivePacket
                0x00000000080002d8       0x30 build/can.o
                0x00000000080002d8                CanReceivePacket
 .text.ComInit  0x0000000008000308       0x14 build/com.o
                0x0000000008000308                ComInit
 .text.ComTask  0x000000000800031c       0x34 build/com.o
                0x000000000800031c                ComTask
 .text.ComFree  0x0000000008000350        0x2 build/com.o
                0x0000000008000350                ComFree
 *fill*         0x0000000008000352        0x2 
 .text.ComTransmitPacket
                0x0000000008000354       0x1c build/com.o
                0x0000000008000354                ComTransmitPacket
 .text.ComGetActiveInterfaceMaxRxLen
                0x0000000008000370       0x24 build/com.o
                0x0000000008000370                ComGetActiveInterfaceMaxRxLen
 .text.ComGetActiveInterfaceMaxTxLen
                0x0000000008000394       0x24 build/com.o
                0x0000000008000394                ComGetActiveInterfaceMaxTxLen
 .text.ComIsConnected
                0x00000000080003b8        0xc build/com.o
                0x00000000080003b8                ComIsConnected
 .text.CopInit  0x00000000080003c4        0x2 build/cop.o
                0x00000000080003c4                CopInit
 .text.CopService
                0x00000000080003c6        0x2 build/cop.o
                0x00000000080003c6                CopService
 .text.CpuInit  0x00000000080003c8        0x8 build/cpu.o
                0x00000000080003c8                CpuInit
 .text.CpuStartUserProgram
                0x00000000080003d0       0x38 build/cpu.o
                0x00000000080003d0                CpuStartUserProgram
 .text.CpuMemCopy
                0x0000000008000408       0x20 build/cpu.o
                0x0000000008000408                CpuMemCopy
 .text.FlashInitBlock
                0x0000000008000428       0x26 build/flash.o
 .text.FlashWriteBlock
                0x000000000800044e       0x50 build/flash.o
 *fill*         0x000000000800049e        0x2 
 .text.FlashSwitchBlock
                0x00000000080004a0       0x44 build/flash.o
 .text.FlashAddToBlock
                0x00000000080004e4       0x80 build/flash.o
 .text.FlashInit
                0x0000000008000564       0x18 build/flash.o
                0x0000000008000564                FlashInit
 .text.FlashWrite
                0x000000000800057c       0x60 build/flash.o
                0x000000000800057c                FlashWrite
 .text.FlashErase
                0x00000000080005dc       0x90 build/flash.o
                0x00000000080005dc                FlashErase
 .text.FlashWriteChecksum
                0x000000000800066c       0x60 build/flash.o
                0x000000000800066c                FlashWriteChecksum
 .text.FlashVerifyChecksum
                0x00000000080006cc       0x30 build/flash.o
                0x00000000080006cc                FlashVerifyChecksum
 .text.FlashDone
                0x00000000080006fc       0x3c build/flash.o
                0x00000000080006fc                FlashDone
 .text.FlashGetUserProgBaseAddress
                0x0000000008000738        0x8 build/flash.o
                0x0000000008000738                FlashGetUserProgBaseAddress
 .text.LedBlinkInit
                0x0000000008000740        0xc build/led.o
                0x0000000008000740                LedBlinkInit
 .text.LedBlinkTask
                0x000000000800074c       0x74 build/led.o
                0x000000000800074c                LedBlinkTask
 .text.NvmInit  0x00000000080007c0        0x8 build/nvm.o
                0x00000000080007c0                NvmInit
 .text.NvmWrite
                0x00000000080007c8        0x8 build/nvm.o
                0x00000000080007c8                NvmWrite
 .text.NvmErase
                0x00000000080007d0        0x8 build/nvm.o
                0x00000000080007d0                NvmErase
 .text.NvmVerifyChecksum
                0x00000000080007d8        0x8 build/nvm.o
                0x00000000080007d8                NvmVerifyChecksum
 .text.NvmGetUserProgBaseAddress
                0x00000000080007e0        0x8 build/nvm.o
                0x00000000080007e0                NvmGetUserProgBaseAddress
 .text.NvmDone  0x00000000080007e8       0x10 build/nvm.o
                0x00000000080007e8                NvmDone
 .text.TimerReset
                0x00000000080007f8        0xe build/timer.o
                0x00000000080007f8                TimerReset
 *fill*         0x0000000008000806        0x2 
 .text.TimerInit
                0x0000000008000808       0x24 build/timer.o
                0x0000000008000808                TimerInit
 .text.TimerUpdate
                0x000000000800082c       0x1c build/timer.o
                0x000000000800082c                TimerUpdate
 .text.TimerGet
                0x0000000008000848       0x10 build/timer.o
                0x0000000008000848                TimerGet
 .text.HAL_GetTick
                0x0000000008000858        0x8 build/timer.o
                0x0000000008000858                HAL_GetTick
 .text.XcpProtectResources
                0x0000000008000860       0x10 build/xcp.o
 .text.XcpSetCtoError
                0x0000000008000870       0x14 build/xcp.o
 .text.XcpGetOrderedLong
                0x0000000008000884       0x16 build/xcp.o
 .text.XcpSetOrderedLong
                0x000000000800089a       0x14 build/xcp.o
 *fill*         0x00000000080008ae        0x2 
 .text.XcpCmdDisconnect
                0x00000000080008b0       0x20 build/xcp.o
 .text.XcpCmdGetStatus
                0x00000000080008d0       0x24 build/xcp.o
 .text.XcpCmdSynch
                0x00000000080008f4        0xa build/xcp.o
 *fill*         0x00000000080008fe        0x2 
 .text.XcpCmdGetId
                0x0000000008000900       0x2c build/xcp.o
 .text.XcpCmdSetMta
                0x000000000800092c       0x1c build/xcp.o
 .text.XcpCmdProgramPrepare
                0x0000000008000948        0xa build/xcp.o
 *fill*         0x0000000008000952        0x2 
 .text.XcpCmdProgramStart
                0x0000000008000954       0x28 build/xcp.o
 .text.XcpCmdConnect
                0x000000000800097c       0x48 build/xcp.o
 .text.XcpCmdUpload
                0x00000000080009c4       0x3c build/xcp.o
 .text.XcpCmdShortUpload
                0x0000000008000a00       0x44 build/xcp.o
 .text.XcpComputeChecksum
                0x0000000008000a44       0x24 build/xcp.o
 .text.XcpCmdBuildCheckSum
                0x0000000008000a68       0x3c build/xcp.o
 .text.XcpCmdProgramMax
                0x0000000008000aa4       0x40 build/xcp.o
 .text.XcpCmdProgram
                0x0000000008000ae4       0x5c build/xcp.o
 .text.XcpCmdProgramClear
                0x0000000008000b40       0x30 build/xcp.o
 .text.XcpCmdProgramReset
                0x0000000008000b70       0x18 build/xcp.o
 .text.XcpTransmitPacket
                0x0000000008000b88        0xa build/xcp.o
 *fill*         0x0000000008000b92        0x2 
 .text.XcpInit  0x0000000008000b94       0x20 build/xcp.o
                0x0000000008000b94                XcpInit
 .text.XcpIsConnected
                0x0000000008000bb4       0x10 build/xcp.o
                0x0000000008000bb4                XcpIsConnected
 .text.XcpPacketTransmitted
                0x0000000008000bc4       0x10 build/xcp.o
                0x0000000008000bc4                XcpPacketTransmitted
 .text.XcpPacketReceived
                0x0000000008000bd4       0xe4 build/xcp.o
                0x0000000008000bd4                XcpPacketReceived
 .text.MX_GPIO_Init
                0x0000000008000cb8       0xf4 build/main.o
 .text.Error_Handler
                0x0000000008000dac        0x4 build/main.o
                0x0000000008000dac                Error_Handler
 .text.MX_CAN_Init
                0x0000000008000db0       0x40 build/main.o
 .text.SystemClock_Config
                0x0000000008000df0       0xd8 build/main.o
                0x0000000008000df0                SystemClock_Config
 .text.main     0x0000000008000ec8       0x1c build/main.o
                0x0000000008000ec8                main
 .text.HAL_MspInit
                0x0000000008000ee4       0x30 build/stm32f3xx_hal_msp.o
                0x0000000008000ee4                HAL_MspInit
 .text.HAL_CAN_MspInit
                0x0000000008000f14       0x98 build/stm32f3xx_hal_msp.o
                0x0000000008000f14                HAL_CAN_MspInit
 .text.NMI_Handler
                0x0000000008000fac        0x2 build/stm32f3xx_it.o
                0x0000000008000fac                NMI_Handler
 .text.HardFault_Handler
                0x0000000008000fae        0x2 build/stm32f3xx_it.o
                0x0000000008000fae                HardFault_Handler
 .text.MemManage_Handler
                0x0000000008000fb0        0x2 build/stm32f3xx_it.o
                0x0000000008000fb0                MemManage_Handler
 .text.BusFault_Handler
                0x0000000008000fb2        0x2 build/stm32f3xx_it.o
                0x0000000008000fb2                BusFault_Handler
 .text.UsageFault_Handler
                0x0000000008000fb4        0x2 build/stm32f3xx_it.o
                0x0000000008000fb4                UsageFault_Handler
 .text.SVC_Handler
                0x0000000008000fb6        0x2 build/stm32f3xx_it.o
                0x0000000008000fb6                SVC_Handler
 .text.DebugMon_Handler
                0x0000000008000fb8        0x2 build/stm32f3xx_it.o
                0x0000000008000fb8                DebugMon_Handler
 .text.PendSV_Handler
                0x0000000008000fba        0x2 build/stm32f3xx_it.o
                0x0000000008000fba                PendSV_Handler
 .text.SysTick_Handler
                0x0000000008000fbc       0x40 build/stm32f3xx_it.o
                0x0000000008000fbc                SysTick_Handler
 .text.USB_LP_CAN_RX0_IRQHandler
                0x0000000008000ffc       0x10 build/stm32f3xx_it.o
                0x0000000008000ffc                USB_LP_CAN_RX0_IRQHandler
 .text.CAN_RX1_IRQHandler
                0x000000000800100c       0x10 build/stm32f3xx_it.o
                0x000000000800100c                CAN_RX1_IRQHandler
 .text.CAN_SCE_IRQHandler
                0x000000000800101c       0x10 build/stm32f3xx_it.o
                0x000000000800101c                CAN_SCE_IRQHandler
 .text.TIM1_BRK_TIM15_IRQHandler
                0x000000000800102c       0x18 build/stm32f3xx_it.o
                0x000000000800102c                TIM1_BRK_TIM15_IRQHandler
 .text.TIM1_UP_TIM16_IRQHandler
                0x0000000008001044       0x18 build/stm32f3xx_it.o
                0x0000000008001044                TIM1_UP_TIM16_IRQHandler
 .text.TIM1_TRG_COM_TIM17_IRQHandler
                0x000000000800105c       0x18 build/stm32f3xx_it.o
                0x000000000800105c                TIM1_TRG_COM_TIM17_IRQHandler
 .text.SystemInit
                0x0000000008001074       0x14 build/system_stm32f3xx.o
                0x0000000008001074                SystemInit
 .text.HAL_MspDeInit
                0x0000000008001088        0x2 build/stm32f3xx_hal.o
                0x0000000008001088                HAL_MspDeInit
 *fill*         0x000000000800108a        0x2 
 .text.HAL_DeInit
                0x000000000800108c       0x24 build/stm32f3xx_hal.o
                0x000000000800108c                HAL_DeInit
 .text.HAL_InitTick
                0x00000000080010b0       0x4c build/stm32f3xx_hal.o
                0x00000000080010b0                HAL_InitTick
 .text.HAL_Init
                0x00000000080010fc       0x24 build/stm32f3xx_hal.o
                0x00000000080010fc                HAL_Init
 .text.HAL_IncTick
                0x0000000008001120       0x18 build/stm32f3xx_hal.o
                0x0000000008001120                HAL_IncTick
 .text.HAL_CAN_Init
                0x0000000008001138      0x14c build/stm32f3xx_hal_can.o
                0x0000000008001138                HAL_CAN_Init
 .text.HAL_CAN_AddTxMessage
                0x0000000008001284       0xfc build/stm32f3xx_hal_can.o
                0x0000000008001284                HAL_CAN_AddTxMessage
 .text.HAL_CAN_IsTxMessagePending
                0x0000000008001380       0x26 build/stm32f3xx_hal_can.o
                0x0000000008001380                HAL_CAN_IsTxMessagePending
 .text.HAL_CAN_GetRxMessage
                0x00000000080013a6      0x14a build/stm32f3xx_hal_can.o
                0x00000000080013a6                HAL_CAN_GetRxMessage
 .text.HAL_CAN_TxMailbox0CompleteCallback
                0x00000000080014f0        0x2 build/stm32f3xx_hal_can.o
                0x00000000080014f0                HAL_CAN_TxMailbox0CompleteCallback
 .text.HAL_CAN_TxMailbox1CompleteCallback
                0x00000000080014f2        0x2 build/stm32f3xx_hal_can.o
                0x00000000080014f2                HAL_CAN_TxMailbox1CompleteCallback
 .text.HAL_CAN_TxMailbox2CompleteCallback
                0x00000000080014f4        0x2 build/stm32f3xx_hal_can.o
                0x00000000080014f4                HAL_CAN_TxMailbox2CompleteCallback
 .text.HAL_CAN_TxMailbox0AbortCallback
                0x00000000080014f6        0x2 build/stm32f3xx_hal_can.o
                0x00000000080014f6                HAL_CAN_TxMailbox0AbortCallback
 .text.HAL_CAN_TxMailbox1AbortCallback
                0x00000000080014f8        0x2 build/stm32f3xx_hal_can.o
                0x00000000080014f8                HAL_CAN_TxMailbox1AbortCallback
 .text.HAL_CAN_TxMailbox2AbortCallback
                0x00000000080014fa        0x2 build/stm32f3xx_hal_can.o
                0x00000000080014fa                HAL_CAN_TxMailbox2AbortCallback
 .text.HAL_CAN_RxFifo0MsgPendingCallback
                0x00000000080014fc        0x2 build/stm32f3xx_hal_can.o
                0x00000000080014fc                HAL_CAN_RxFifo0MsgPendingCallback
 .text.HAL_CAN_RxFifo0FullCallback
                0x00000000080014fe        0x2 build/stm32f3xx_hal_can.o
                0x00000000080014fe                HAL_CAN_RxFifo0FullCallback
 .text.HAL_CAN_RxFifo1MsgPendingCallback
                0x0000000008001500        0x2 build/stm32f3xx_hal_can.o
                0x0000000008001500                HAL_CAN_RxFifo1MsgPendingCallback
 .text.HAL_CAN_RxFifo1FullCallback
                0x0000000008001502        0x2 build/stm32f3xx_hal_can.o
                0x0000000008001502                HAL_CAN_RxFifo1FullCallback
 .text.HAL_CAN_SleepCallback
                0x0000000008001504        0x2 build/stm32f3xx_hal_can.o
                0x0000000008001504                HAL_CAN_SleepCallback
 .text.HAL_CAN_WakeUpFromRxMsgCallback
                0x0000000008001506        0x2 build/stm32f3xx_hal_can.o
                0x0000000008001506                HAL_CAN_WakeUpFromRxMsgCallback
 .text.HAL_CAN_ErrorCallback
                0x0000000008001508        0x2 build/stm32f3xx_hal_can.o
                0x0000000008001508                HAL_CAN_ErrorCallback
 .text.HAL_CAN_IRQHandler
                0x000000000800150a      0x24a build/stm32f3xx_hal_can.o
                0x000000000800150a                HAL_CAN_IRQHandler
 .text.__NVIC_SetPriority
                0x0000000008001754       0x28 build/stm32f3xx_hal_cortex.o
 .text.NVIC_EncodePriority
                0x000000000800177c       0x3e build/stm32f3xx_hal_cortex.o
 *fill*         0x00000000080017ba        0x2 
 .text.HAL_NVIC_SetPriorityGrouping
                0x00000000080017bc       0x24 build/stm32f3xx_hal_cortex.o
                0x00000000080017bc                HAL_NVIC_SetPriorityGrouping
 .text.HAL_NVIC_SetPriority
                0x00000000080017e0       0x20 build/stm32f3xx_hal_cortex.o
                0x00000000080017e0                HAL_NVIC_SetPriority
 .text.HAL_NVIC_EnableIRQ
                0x0000000008001800       0x1c build/stm32f3xx_hal_cortex.o
                0x0000000008001800                HAL_NVIC_EnableIRQ
 .text.HAL_SYSTICK_Config
                0x000000000800181c       0x28 build/stm32f3xx_hal_cortex.o
                0x000000000800181c                HAL_SYSTICK_Config
 .text.FLASH_Program_HalfWord
                0x0000000008001844       0x1c build/stm32f3xx_hal_flash.o
 .text.FLASH_SetErrorCode
                0x0000000008001860       0x3c build/stm32f3xx_hal_flash.o
 .text.HAL_FLASH_Unlock
                0x000000000800189c       0x34 build/stm32f3xx_hal_flash.o
                0x000000000800189c                HAL_FLASH_Unlock
 .text.HAL_FLASH_Lock
                0x00000000080018d0       0x14 build/stm32f3xx_hal_flash.o
                0x00000000080018d0                HAL_FLASH_Lock
 .text.FLASH_WaitForLastOperation
                0x00000000080018e4       0x60 build/stm32f3xx_hal_flash.o
                0x00000000080018e4                FLASH_WaitForLastOperation
 .text.HAL_FLASH_Program
                0x0000000008001944       0xa0 build/stm32f3xx_hal_flash.o
                0x0000000008001944                HAL_FLASH_Program
 .text.FLASH_MassErase
                0x00000000080019e4       0x24 build/stm32f3xx_hal_flash_ex.o
 .text.FLASH_PageErase
                0x0000000008001a08       0x24 build/stm32f3xx_hal_flash_ex.o
                0x0000000008001a08                FLASH_PageErase
 .text.HAL_FLASHEx_Erase
                0x0000000008001a2c       0xa4 build/stm32f3xx_hal_flash_ex.o
                0x0000000008001a2c                HAL_FLASHEx_Erase
 .text.HAL_GPIO_Init
                0x0000000008001ad0      0x1bc build/stm32f3xx_hal_gpio.o
                0x0000000008001ad0                HAL_GPIO_Init
 .text.HAL_GPIO_WritePin
                0x0000000008001c8c        0xa build/stm32f3xx_hal_gpio.o
                0x0000000008001c8c                HAL_GPIO_WritePin
 .text.HAL_GPIO_TogglePin
                0x0000000008001c96       0x12 build/stm32f3xx_hal_gpio.o
                0x0000000008001c96                HAL_GPIO_TogglePin
 .text.HAL_TIM_PeriodElapsedCallback
                0x0000000008001ca8        0x2 build/stm32f3xx_hal_tim.o
                0x0000000008001ca8                HAL_TIM_PeriodElapsedCallback
 .text.HAL_TIM_OC_DelayElapsedCallback
                0x0000000008001caa        0x2 build/stm32f3xx_hal_tim.o
                0x0000000008001caa                HAL_TIM_OC_DelayElapsedCallback
 .text.HAL_TIM_IC_CaptureCallback
                0x0000000008001cac        0x2 build/stm32f3xx_hal_tim.o
                0x0000000008001cac                HAL_TIM_IC_CaptureCallback
 .text.HAL_TIM_PWM_PulseFinishedCallback
                0x0000000008001cae        0x2 build/stm32f3xx_hal_tim.o
                0x0000000008001cae                HAL_TIM_PWM_PulseFinishedCallback
 .text.HAL_TIM_TriggerCallback
                0x0000000008001cb0        0x2 build/stm32f3xx_hal_tim.o
                0x0000000008001cb0                HAL_TIM_TriggerCallback
 .text.HAL_TIM_IRQHandler
                0x0000000008001cb2      0x19a build/stm32f3xx_hal_tim.o
                0x0000000008001cb2                HAL_TIM_IRQHandler
 .text.HAL_TIMEx_CommutCallback
                0x0000000008001e4c        0x2 build/stm32f3xx_hal_tim_ex.o
                0x0000000008001e4c                HAL_TIMEx_CommutCallback
 .text.HAL_TIMEx_BreakCallback
                0x0000000008001e4e        0x2 build/stm32f3xx_hal_tim_ex.o
                0x0000000008001e4e                HAL_TIMEx_BreakCallback
 .text.HAL_TIMEx_Break2Callback
                0x0000000008001e50        0x2 build/stm32f3xx_hal_tim_ex.o
                0x0000000008001e50                HAL_TIMEx_Break2Callback
 *fill*         0x0000000008001e52        0x2 
 .text.LL_SetSystemCoreClock
                0x0000000008001e54        0xc build/stm32f3xx_ll_utils.o
                0x0000000008001e54                LL_SetSystemCoreClock
 .text.Reset_Handler
                0x0000000008001e60       0x50 build/startup_stm32f302x8.o
                0x0000000008001e60                Reset_Handler
 .text.Default_Handler
                0x0000000008001eb0        0x2 build/startup_stm32f302x8.o
                0x0000000008001eb0                RTC_Alarm_IRQHandler
                0x0000000008001eb0                TIM1_CC_IRQHandler
                0x0000000008001eb0                USB_HP_IRQHandler
                0x0000000008001eb0                PVD_IRQHandler
                0x0000000008001eb0                TAMP_STAMP_IRQHandler
                0x0000000008001eb0                EXTI3_IRQHandler
                0x0000000008001eb0                I2C3_ER_IRQHandler
                0x0000000008001eb0                USB_HP_CAN_TX_IRQHandler
                0x0000000008001eb0                EXTI0_IRQHandler
                0x0000000008001eb0                I2C2_EV_IRQHandler
                0x0000000008001eb0                FPU_IRQHandler
                0x0000000008001eb0                TIM6_DAC_IRQHandler
                0x0000000008001eb0                DMA1_Channel4_IRQHandler
                0x0000000008001eb0                ADC1_IRQHandler
                0x0000000008001eb0                USART3_IRQHandler
                0x0000000008001eb0                DMA1_Channel7_IRQHandler
                0x0000000008001eb0                I2C1_EV_IRQHandler
                0x0000000008001eb0                DMA1_Channel6_IRQHandler
                0x0000000008001eb0                RCC_IRQHandler
                0x0000000008001eb0                DMA1_Channel1_IRQHandler
                0x0000000008001eb0                Default_Handler
                0x0000000008001eb0                USBWakeUp_RMP_IRQHandler
                0x0000000008001eb0                EXTI15_10_IRQHandler
                0x0000000008001eb0                COMP2_IRQHandler
                0x0000000008001eb0                I2C3_EV_IRQHandler
                0x0000000008001eb0                EXTI9_5_IRQHandler
                0x0000000008001eb0                RTC_WKUP_IRQHandler
                0x0000000008001eb0                SPI2_IRQHandler
                0x0000000008001eb0                DMA1_Channel5_IRQHandler
                0x0000000008001eb0                USB_LP_IRQHandler
                0x0000000008001eb0                EXTI4_IRQHandler
                0x0000000008001eb0                DMA1_Channel3_IRQHandler
                0x0000000008001eb0                WWDG_IRQHandler
                0x0000000008001eb0                TIM2_IRQHandler
                0x0000000008001eb0                EXTI1_IRQHandler
                0x0000000008001eb0                COMP4_6_IRQHandler
                0x0000000008001eb0                USART2_IRQHandler
                0x0000000008001eb0                I2C2_ER_IRQHandler
                0x0000000008001eb0                DMA1_Channel2_IRQHandler
                0x0000000008001eb0                FLASH_IRQHandler
                0x0000000008001eb0                USART1_IRQHandler
                0x0000000008001eb0                SPI3_IRQHandler
                0x0000000008001eb0                I2C1_ER_IRQHandler
                0x0000000008001eb0                USBWakeUp_IRQHandler
                0x0000000008001eb0                EXTI2_TSC_IRQHandler
 *fill*         0x0000000008001eb2        0x2 
 .text.__libc_init_array
                0x0000000008001eb4       0x48 /usr/lib/gcc/arm-none-eabi/12.1.0/../../../../arm-none-eabi/lib/thumb/v7e-m+fp/hard/libc_nano.a(lib_a-init.o)
                0x0000000008001eb4                __libc_init_array
 *(.glue_7)
 .glue_7        0x0000000008001efc        0x0 linker stubs
 *(.glue_7t)
 .glue_7t       0x0000000008001efc        0x0 linker stubs
 *(.eh_frame)
 .eh_frame      0x0000000008001efc        0x0 /usr/lib/gcc/arm-none-eabi/12.1.0/thumb/v7e-m+fp/hard/crtbegin.o
 *(.init)
 .init          0x0000000008001efc        0x4 /usr/lib/gcc/arm-none-eabi/12.1.0/thumb/v7e-m+fp/hard/crti.o
                0x0000000008001efc                _init
 .init          0x0000000008001f00        0x8 /usr/lib/gcc/arm-none-eabi/12.1.0/thumb/v7e-m+fp/hard/crtn.o
 *(.fini)
 .fini          0x0000000008001f08        0x4 /usr/lib/gcc/arm-none-eabi/12.1.0/thumb/v7e-m+fp/hard/crti.o
                0x0000000008001f08                _fini
 .fini          0x0000000008001f0c        0x8 /usr/lib/gcc/arm-none-eabi/12.1.0/thumb/v7e-m+fp/hard/crtn.o
                0x0000000008001f14                . = ALIGN (0x4)
                0x0000000008001f14                _etext = .

.vfp11_veneer   0x0000000008001f14        0x0
 .vfp11_veneer  0x0000000008001f14        0x0 linker stubs

.v4_bx          0x0000000008001f14        0x0
 .v4_bx         0x0000000008001f14        0x0 linker stubs

.iplt           0x0000000008001f14        0x0
 .iplt          0x0000000008001f14        0x0 /usr/lib/gcc/arm-none-eabi/12.1.0/thumb/v7e-m+fp/hard/crtbegin.o

.rodata         0x0000000008001f14        0x8
                0x0000000008001f14                . = ALIGN (0x4)
 *(.rodata)
 *(.rodata*)
 .rodata.xcpStationId
                0x0000000008001f14        0x8 build/xcp.o
                0x0000000008001f1c                . = ALIGN (0x4)

.rel.dyn        0x0000000008001f1c        0x0
 .rel.iplt      0x0000000008001f1c        0x0 /usr/lib/gcc/arm-none-eabi/12.1.0/thumb/v7e-m+fp/hard/crtbegin.o

.ARM.extab
 *(.ARM.extab* .gnu.linkonce.armextab.*)

.ARM            0x0000000008001f1c        0x0
                0x0000000008001f1c                __exidx_start = .
 *(.ARM.exidx*)
                0x0000000008001f1c                __exidx_end = .

.preinit_array  0x0000000008001f1c        0x0
                0x0000000008001f1c                PROVIDE (__preinit_array_start = .)
 *(.preinit_array*)
                0x0000000008001f1c                PROVIDE (__preinit_array_end = .)

.init_array     0x0000000008001f1c        0x4
                0x0000000008001f1c                PROVIDE (__init_array_start = .)
 *(SORT_BY_NAME(.init_array.*))
 *(.init_array*)
 .init_array    0x0000000008001f1c        0x4 /usr/lib/gcc/arm-none-eabi/12.1.0/thumb/v7e-m+fp/hard/crtbegin.o
                0x0000000008001f20                PROVIDE (__init_array_end = .)

.fini_array     0x0000000008001f20        0x4
                0x0000000008001f20                PROVIDE (__fini_array_start = .)
 *(SORT_BY_NAME(.fini_array.*))
 *(.fini_array*)
 .fini_array    0x0000000008001f20        0x4 /usr/lib/gcc/arm-none-eabi/12.1.0/thumb/v7e-m+fp/hard/crtbegin.o
                0x0000000008001f24                PROVIDE (__fini_array_end = .)
                0x0000000008001f24                _sidata = LOADADDR (.data)

.data           0x0000000020000000       0x10 load address 0x0000000008001f24
                0x0000000020000000                . = ALIGN (0x4)
                0x0000000020000000                _sdata = .
 *(.data)
 *(.data*)
 .data.comActiveInterface
                0x0000000020000000        0x1 build/com.o
 *fill*         0x0000000020000001        0x3 
 .data.SystemCoreClock
                0x0000000020000004        0x4 build/system_stm32f3xx.o
                0x0000000020000004                SystemCoreClock
 .data.uwTickFreq
                0x0000000020000008        0x1 build/stm32f3xx_hal.o
                0x0000000020000008                uwTickFreq
 *fill*         0x0000000020000009        0x3 
 .data.uwTickPrio
                0x000000002000000c        0x4 build/stm32f3xx_hal.o
                0x000000002000000c                uwTickPrio
                0x0000000020000010                . = ALIGN (0x4)
                0x0000000020000010                _edata = .

.igot.plt       0x0000000020000010        0x0 load address 0x0000000008001f34
 .igot.plt      0x0000000020000010        0x0 /usr/lib/gcc/arm-none-eabi/12.1.0/thumb/v7e-m+fp/hard/crtbegin.o
                0x0000000020000010                . = ALIGN (0x4)

.bss            0x0000000020000010      0x678 load address 0x0000000008001f34
                0x0000000020000010                _sbss = .
                0x0000000020000010                __bss_start__ = _sbss
 *(.bss)
 *(.bss*)
 .bss.completed.1
                0x0000000020000010        0x1 /usr/lib/gcc/arm-none-eabi/12.1.0/thumb/v7e-m+fp/hard/crtbegin.o
 *fill*         0x0000000020000011        0x3 
 .bss.object.0  0x0000000020000014       0x18 /usr/lib/gcc/arm-none-eabi/12.1.0/thumb/v7e-m+fp/hard/crtbegin.o
 .bss.backdoorExtensionTime
                0x000000002000002c        0x4 build/backdoor.o
 .bss.backdoorOpenTime
                0x0000000020000030        0x4 build/backdoor.o
 .bss.backdoorOpen
                0x0000000020000034        0x1 build/backdoor.o
 *fill*         0x0000000020000035        0x3 
 .bss.canHandle
                0x0000000020000038       0x28 build/can.o
 .bss.xcpCtoReqPacket.0
                0x0000000020000060       0x40 build/com.o
 .bss.bootBlockInfo
                0x00000000200000a0      0x204 build/flash.o
 .bss.blockInfo
                0x00000000200002a4      0x204 build/flash.o
 .bss.ledOn.0   0x00000000200004a8        0x1 build/led.o
 *fill*         0x00000000200004a9        0x3 
 .bss.nextBlinkEvent.1
                0x00000000200004ac        0x4 build/led.o
 .bss.ledBlinkIntervalMs
                0x00000000200004b0        0x4 build/led.o
 .bss.millisecond_counter
                0x00000000200004b4        0x4 build/timer.o
 .bss.xcpInfo   0x00000000200004b8       0x4c build/xcp.o
 .bss.htim17    0x0000000020000504       0x4c build/main.o
                0x0000000020000504                htim17
 .bss.htim16    0x0000000020000550       0x4c build/main.o
                0x0000000020000550                htim16
 .bss.htim15    0x000000002000059c       0x4c build/main.o
                0x000000002000059c                htim15
 .bss.htim1     0x00000000200005e8       0x4c build/main.o
                0x00000000200005e8                htim1
 .bss.hcan      0x0000000020000634       0x28 build/main.o
                0x0000000020000634                hcan
 .bss.lastTimer
                0x000000002000065c        0x4 build/stm32f3xx_it.o
                0x000000002000065c                lastTimer
 .bss.uwTick    0x0000000020000660        0x4 build/stm32f3xx_hal.o
                0x0000000020000660                uwTick
 *fill*         0x0000000020000664        0x4 
 .bss.pFlash    0x0000000020000668       0x20 build/stm32f3xx_hal_flash.o
                0x0000000020000668                pFlash
 *(COMMON)
                0x0000000020000688                . = ALIGN (0x4)
                0x0000000020000688                _ebss = .
                0x0000000020000688                __bss_end__ = _ebss

._user_heap_stack
                0x0000000020000688      0x600 load address 0x0000000008001f34
                0x0000000020000688                . = ALIGN (0x8)
                [!provide]                        PROVIDE (end = .)
                0x0000000020000688                PROVIDE (_end = .)
                0x0000000020000888                . = (. + _Min_Heap_Size)
 *fill*         0x0000000020000688      0x200 
                0x0000000020000c88                . = (. + _Min_Stack_Size)
 *fill*         0x0000000020000888      0x400 
                0x0000000020000c88                . = ALIGN (0x8)

/DISCARD/
 libc.a(*)
 libm.a(*)
 libgcc.a(*)

.ARM.attributes
                0x0000000000000000       0x30
 *(.ARM.attributes)
 .ARM.attributes
                0x0000000000000000       0x22 /usr/lib/gcc/arm-none-eabi/12.1.0/thumb/v7e-m+fp/hard/crti.o
 .ARM.attributes
                0x0000000000000022       0x34 /usr/lib/gcc/arm-none-eabi/12.1.0/thumb/v7e-m+fp/hard/crtbegin.o
 .ARM.attributes
                0x0000000000000056       0x34 build/backdoor.o
 .ARM.attributes
                0x000000000000008a       0x34 build/boot.o
 .ARM.attributes
                0x00000000000000be       0x34 build/can.o
 .ARM.attributes
                0x00000000000000f2       0x34 build/com.o
 .ARM.attributes
                0x0000000000000126       0x34 build/cop.o
 .ARM.attributes
                0x000000000000015a       0x34 build/cpu.o
 .ARM.attributes
                0x000000000000018e       0x34 build/flash.o
 .ARM.attributes
                0x00000000000001c2       0x34 build/led.o
 .ARM.attributes
                0x00000000000001f6       0x34 build/nvm.o
 .ARM.attributes
                0x000000000000022a       0x34 build/timer.o
 .ARM.attributes
                0x000000000000025e       0x34 build/xcp.o
 .ARM.attributes
                0x0000000000000292       0x34 build/main.o
 .ARM.attributes
                0x00000000000002c6       0x34 build/stm32f3xx_hal_msp.o
 .ARM.attributes
                0x00000000000002fa       0x34 build/stm32f3xx_it.o
 .ARM.attributes
                0x000000000000032e       0x34 build/system_stm32f3xx.o
 .ARM.attributes
                0x0000000000000362       0x34 build/stm32f3xx_hal.o
 .ARM.attributes
                0x0000000000000396       0x34 build/stm32f3xx_hal_can.o
 .ARM.attributes
                0x00000000000003ca       0x34 build/stm32f3xx_hal_cortex.o
 .ARM.attributes
                0x00000000000003fe       0x34 build/stm32f3xx_hal_flash.o
 .ARM.attributes
                0x0000000000000432       0x34 build/stm32f3xx_hal_flash_ex.o
 .ARM.attributes
                0x0000000000000466       0x34 build/stm32f3xx_hal_gpio.o
 .ARM.attributes
                0x000000000000049a       0x34 build/stm32f3xx_hal_tim.o
 .ARM.attributes
                0x00000000000004ce       0x34 build/stm32f3xx_hal_tim_ex.o
 .ARM.attributes
                0x0000000000000502       0x34 build/stm32f3xx_ll_utils.o
 .ARM.attributes
                0x0000000000000536       0x21 build/startup_stm32f302x8.o
 .ARM.attributes
                0x0000000000000557       0x34 /usr/lib/gcc/arm-none-eabi/12.1.0/../../../../arm-none-eabi/lib/thumb/v7e-m+fp/hard/libc_nano.a(lib_a-init.o)
 .ARM.attributes
                0x000000000000058b       0x22 /usr/lib/gcc/arm-none-eabi/12.1.0/thumb/v7e-m+fp/hard/crtn.o
OUTPUT(build/openBLT_Dash22.elf elf32-littlearm)
LOAD linker stubs
LOAD /usr/lib/gcc/arm-none-eabi/12.1.0/../../../../arm-none-eabi/lib/thumb/v7e-m+fp/hard/libc.a
LOAD /usr/lib/gcc/arm-none-eabi/12.1.0/../../../../arm-none-eabi/lib/thumb/v7e-m+fp/hard/libm.a
LOAD /usr/lib/gcc/arm-none-eabi/12.1.0/thumb/v7e-m+fp/hard/libgcc.a

.debug_info     0x0000000000000000    0x10ea2
 .debug_info    0x0000000000000000      0x170 build/backdoor.o
 .debug_info    0x0000000000000170      0x1a8 build/boot.o
 .debug_info    0x0000000000000318      0xb42 build/can.o
 .debug_info    0x0000000000000e5a      0x2b3 build/com.o
 .debug_info    0x000000000000110d       0x7f build/cop.o
 .debug_info    0x000000000000118c      0x474 build/cpu.o
 .debug_info    0x0000000000001600      0x7ff build/flash.o
 .debug_info    0x0000000000001dff      0x363 build/led.o
 .debug_info    0x0000000000002162      0x269 build/nvm.o
 .debug_info    0x00000000000023cb      0x19a build/timer.o
 .debug_info    0x0000000000002565      0xa04 build/xcp.o
 .debug_info    0x0000000000002f69     0x16bc build/main.o
 .debug_info    0x0000000000004625     0x167f build/stm32f3xx_hal_msp.o
 .debug_info    0x0000000000005ca4      0xd2e build/stm32f3xx_it.o
 .debug_info    0x00000000000069d2      0x417 build/system_stm32f3xx.o
 .debug_info    0x0000000000006de9      0x812 build/stm32f3xx_hal.o
 .debug_info    0x00000000000075fb     0x11ad build/stm32f3xx_hal_can.o
 .debug_info    0x00000000000087a8      0xcd7 build/stm32f3xx_hal_cortex.o
 .debug_info    0x000000000000947f      0x649 build/stm32f3xx_hal_flash.o
 .debug_info    0x0000000000009ac8      0xa58 build/stm32f3xx_hal_flash_ex.o
 .debug_info    0x000000000000a520      0x630 build/stm32f3xx_hal_gpio.o
 .debug_info    0x000000000000ab50     0x3c25 build/stm32f3xx_hal_tim.o
 .debug_info    0x000000000000e775     0x1b31 build/stm32f3xx_hal_tim_ex.o
 .debug_info    0x00000000000102a6      0xace build/stm32f3xx_ll_utils.o
 .debug_info    0x0000000000010d74       0x23 build/startup_stm32f302x8.o
 .debug_info    0x0000000000010d97      0x10b /usr/lib/gcc/arm-none-eabi/12.1.0/../../../../arm-none-eabi/lib/thumb/v7e-m+fp/hard/libc_nano.a(lib_a-init.o)

.debug_abbrev   0x0000000000000000     0x31c3
 .debug_abbrev  0x0000000000000000       0xe1 build/backdoor.o
 .debug_abbrev  0x00000000000000e1       0xd7 build/boot.o
 .debug_abbrev  0x00000000000001b8      0x2d5 build/can.o
 .debug_abbrev  0x000000000000048d      0x1b0 build/com.o
 .debug_abbrev  0x000000000000063d       0x45 build/cop.o
 .debug_abbrev  0x0000000000000682      0x1a6 build/cpu.o
 .debug_abbrev  0x0000000000000828      0x247 build/flash.o
 .debug_abbrev  0x0000000000000a6f      0x183 build/led.o
 .debug_abbrev  0x0000000000000bf2      0x129 build/nvm.o
 .debug_abbrev  0x0000000000000d1b       0xf4 build/timer.o
 .debug_abbrev  0x0000000000000e0f      0x273 build/xcp.o
 .debug_abbrev  0x0000000000001082      0x372 build/main.o
 .debug_abbrev  0x00000000000013f4      0x278 build/stm32f3xx_hal_msp.o
 .debug_abbrev  0x000000000000166c      0x250 build/stm32f3xx_it.o
 .debug_abbrev  0x00000000000018bc      0x11e build/system_stm32f3xx.o
 .debug_abbrev  0x00000000000019da      0x241 build/stm32f3xx_hal.o
 .debug_abbrev  0x0000000000001c1b      0x244 build/stm32f3xx_hal_can.o
 .debug_abbrev  0x0000000000001e5f      0x36e build/stm32f3xx_hal_cortex.o
 .debug_abbrev  0x00000000000021cd      0x258 build/stm32f3xx_hal_flash.o
 .debug_abbrev  0x0000000000002425      0x2bd build/stm32f3xx_hal_flash_ex.o
 .debug_abbrev  0x00000000000026e2      0x1f8 build/stm32f3xx_hal_gpio.o
 .debug_abbrev  0x00000000000028da      0x26a build/stm32f3xx_hal_tim.o
 .debug_abbrev  0x0000000000002b44      0x268 build/stm32f3xx_hal_tim_ex.o
 .debug_abbrev  0x0000000000002dac      0x33c build/stm32f3xx_ll_utils.o
 .debug_abbrev  0x00000000000030e8       0x12 build/startup_stm32f302x8.o
 .debug_abbrev  0x00000000000030fa       0xc9 /usr/lib/gcc/arm-none-eabi/12.1.0/../../../../arm-none-eabi/lib/thumb/v7e-m+fp/hard/libc_nano.a(lib_a-init.o)

.debug_aranges  0x0000000000000000      0xf28
 .debug_aranges
                0x0000000000000000       0x40 build/backdoor.o
 .debug_aranges
                0x0000000000000040       0x38 build/boot.o
 .debug_aranges
                0x0000000000000078       0x38 build/can.o
 .debug_aranges
                0x00000000000000b0       0x50 build/com.o
 .debug_aranges
                0x0000000000000100       0x28 build/cop.o
 .debug_aranges
                0x0000000000000128       0x38 build/cpu.o
 .debug_aranges
                0x0000000000000160       0x78 build/flash.o
 .debug_aranges
                0x00000000000001d8       0x30 build/led.o
 .debug_aranges
                0x0000000000000208       0x50 build/nvm.o
 .debug_aranges
                0x0000000000000258       0x48 build/timer.o
 .debug_aranges
                0x00000000000002a0       0xe0 build/xcp.o
 .debug_aranges
                0x0000000000000380       0x40 build/main.o
 .debug_aranges
                0x00000000000003c0       0x58 build/stm32f3xx_hal_msp.o
 .debug_aranges
                0x0000000000000418       0x90 build/stm32f3xx_it.o
 .debug_aranges
                0x00000000000004a8       0x28 build/system_stm32f3xx.o
 .debug_aranges
                0x00000000000004d0       0xe0 build/stm32f3xx_hal.o
 .debug_aranges
                0x00000000000005b0      0x138 build/stm32f3xx_hal_can.o
 .debug_aranges
                0x00000000000006e8       0xc0 build/stm32f3xx_hal_cortex.o
 .debug_aranges
                0x00000000000007a8       0x88 build/stm32f3xx_hal_flash.o
 .debug_aranges
                0x0000000000000830       0x98 build/stm32f3xx_hal_flash_ex.o
 .debug_aranges
                0x00000000000008c8       0x58 build/stm32f3xx_hal_gpio.o
 .debug_aranges
                0x0000000000000920      0x3e0 build/stm32f3xx_hal_tim.o
 .debug_aranges
                0x0000000000000d00      0x178 build/stm32f3xx_hal_tim_ex.o
 .debug_aranges
                0x0000000000000e78       0x68 build/stm32f3xx_ll_utils.o
 .debug_aranges
                0x0000000000000ee0       0x28 build/startup_stm32f302x8.o
 .debug_aranges
                0x0000000000000f08       0x20 /usr/lib/gcc/arm-none-eabi/12.1.0/../../../../arm-none-eabi/lib/thumb/v7e-m+fp/hard/libc_nano.a(lib_a-init.o)

.debug_rnglists
                0x0000000000000000      0xb32
 .debug_rnglists
                0x0000000000000000       0x2b build/backdoor.o
 .debug_rnglists
                0x000000000000002b       0x25 build/boot.o
 .debug_rnglists
                0x0000000000000050       0x26 build/can.o
 .debug_rnglists
                0x0000000000000076       0x37 build/com.o
 .debug_rnglists
                0x00000000000000ad       0x19 build/cop.o
 .debug_rnglists
                0x00000000000000c6       0x25 build/cpu.o
 .debug_rnglists
                0x00000000000000eb       0x57 build/flash.o
 .debug_rnglists
                0x0000000000000142       0x1f build/led.o
 .debug_rnglists
                0x0000000000000161       0x37 build/nvm.o
 .debug_rnglists
                0x0000000000000198       0x31 build/timer.o
 .debug_rnglists
                0x00000000000001c9       0xa4 build/xcp.o
 .debug_rnglists
                0x000000000000026d       0x2d build/main.o
 .debug_rnglists
                0x000000000000029a       0x40 build/stm32f3xx_hal_msp.o
 .debug_rnglists
                0x00000000000002da       0x67 build/stm32f3xx_it.o
 .debug_rnglists
                0x0000000000000341       0x1a build/system_stm32f3xx.o
 .debug_rnglists
                0x000000000000035b       0xa3 build/stm32f3xx_hal.o
 .debug_rnglists
                0x00000000000003fe       0xea build/stm32f3xx_hal_can.o
 .debug_rnglists
                0x00000000000004e8       0x8b build/stm32f3xx_hal_cortex.o
 .debug_rnglists
                0x0000000000000573       0x63 build/stm32f3xx_hal_flash.o
 .debug_rnglists
                0x00000000000005d6       0x71 build/stm32f3xx_hal_flash_ex.o
 .debug_rnglists
                0x0000000000000647       0x3f build/stm32f3xx_hal_gpio.o
 .debug_rnglists
                0x0000000000000686      0x30f build/stm32f3xx_hal_tim.o
 .debug_rnglists
                0x0000000000000995      0x127 build/stm32f3xx_hal_tim_ex.o
 .debug_rnglists
                0x0000000000000abc       0x4a build/stm32f3xx_ll_utils.o
 .debug_rnglists
                0x0000000000000b06       0x19 build/startup_stm32f302x8.o
 .debug_rnglists
                0x0000000000000b1f       0x13 /usr/lib/gcc/arm-none-eabi/12.1.0/../../../../arm-none-eabi/lib/thumb/v7e-m+fp/hard/libc_nano.a(lib_a-init.o)

.debug_line     0x0000000000000000     0xcfe9
 .debug_line    0x0000000000000000      0x13f build/backdoor.o
 .debug_line    0x000000000000013f      0x107 build/boot.o
 .debug_line    0x0000000000000246      0x418 build/can.o
 .debug_line    0x000000000000065e      0x168 build/com.o
 .debug_line    0x00000000000007c6       0x57 build/cop.o
 .debug_line    0x000000000000081d      0x238 build/cpu.o
 .debug_line    0x0000000000000a55      0x63f build/flash.o
 .debug_line    0x0000000000001094      0x1d1 build/led.o
 .debug_line    0x0000000000001265      0x12e build/nvm.o
 .debug_line    0x0000000000001393      0x1a4 build/timer.o
 .debug_line    0x0000000000001537      0x744 build/xcp.o
 .debug_line    0x0000000000001c7b      0x617 build/main.o
 .debug_line    0x0000000000002292      0x4ad build/stm32f3xx_hal_msp.o
 .debug_line    0x000000000000273f      0x361 build/stm32f3xx_it.o
 .debug_line    0x0000000000002aa0      0x1e2 build/system_stm32f3xx.o
 .debug_line    0x0000000000002c82      0x4c2 build/stm32f3xx_hal.o
 .debug_line    0x0000000000003144     0x10ac build/stm32f3xx_hal_can.o
 .debug_line    0x00000000000041f0      0x655 build/stm32f3xx_hal_cortex.o
 .debug_line    0x0000000000004845      0x65e build/stm32f3xx_hal_flash.o
 .debug_line    0x0000000000004ea3      0x85e build/stm32f3xx_hal_flash_ex.o
 .debug_line    0x0000000000005701      0x618 build/stm32f3xx_hal_gpio.o
 .debug_line    0x0000000000005d19     0x4d0d build/stm32f3xx_hal_tim.o
 .debug_line    0x000000000000aa26     0x1d08 build/stm32f3xx_hal_tim_ex.o
 .debug_line    0x000000000000c72e      0x70a build/stm32f3xx_ll_utils.o
 .debug_line    0x000000000000ce38       0x76 build/startup_stm32f302x8.o
 .debug_line    0x000000000000ceae      0x13b /usr/lib/gcc/arm-none-eabi/12.1.0/../../../../arm-none-eabi/lib/thumb/v7e-m+fp/hard/libc_nano.a(lib_a-init.o)

.debug_str      0x0000000000000000     0x48b3
 .debug_str     0x0000000000000000      0x1d8 build/backdoor.o
                                        0x208 (size before relaxing)
 .debug_str     0x00000000000001d8       0xaf build/boot.o
                                        0x1f3 (size before relaxing)
 .debug_str     0x0000000000000287      0x603 build/can.o
                                        0x7ba (size before relaxing)
 .debug_str     0x000000000000088a      0x122 build/com.o
                                        0x2a3 (size before relaxing)
 .debug_str     0x00000000000009ac       0x13 build/cop.o
                                        0x13b (size before relaxing)
 .debug_str     0x00000000000009bf       0xe3 build/cpu.o
                                        0x313 (size before relaxing)
 .debug_str     0x0000000000000aa2      0x255 build/flash.o
                                        0x45c (size before relaxing)
 .debug_str     0x0000000000000cf7       0xe0 build/led.o
                                        0x2a0 (size before relaxing)
 .debug_str     0x0000000000000dd7       0x37 build/nvm.o
                                        0x22a (size before relaxing)
 .debug_str     0x0000000000000e0e       0x62 build/timer.o
                                        0x1fa (size before relaxing)
 .debug_str     0x0000000000000e70      0x23e build/xcp.o
                                        0x480 (size before relaxing)
 .debug_str     0x00000000000010ae      0x929 build/main.o
                                        0xea1 (size before relaxing)
 .debug_str     0x00000000000019d7      0x468 build/stm32f3xx_hal_msp.o
                                       0x1038 (size before relaxing)
 .debug_str     0x0000000000001e3f      0x178 build/stm32f3xx_it.o
                                        0xae0 (size before relaxing)
 .debug_str     0x0000000000001fb7       0x78 build/system_stm32f3xx.o
                                        0x2a9 (size before relaxing)
 .debug_str     0x000000000000202f      0x2a2 build/stm32f3xx_hal.o
                                        0x8a5 (size before relaxing)
 .debug_str     0x00000000000022d1      0x3dc build/stm32f3xx_hal_can.o
                                        0xa1a (size before relaxing)
 .debug_str     0x00000000000026ad      0x31f build/stm32f3xx_hal_cortex.o
                                        0x928 (size before relaxing)
 .debug_str     0x00000000000029cc      0x25e build/stm32f3xx_hal_flash.o
                                        0x4f6 (size before relaxing)
 .debug_str     0x0000000000002c2a      0x242 build/stm32f3xx_hal_flash_ex.o
                                        0x600 (size before relaxing)
 .debug_str     0x0000000000002e6c      0x10f build/stm32f3xx_hal_gpio.o
                                        0x40d (size before relaxing)
 .debug_str     0x0000000000002f7b      0xf5e build/stm32f3xx_hal_tim.o
                                       0x16d0 (size before relaxing)
 .debug_str     0x0000000000003ed9      0x5b9 build/stm32f3xx_hal_tim_ex.o
                                        0xf26 (size before relaxing)
 .debug_str     0x0000000000004492      0x26a build/stm32f3xx_ll_utils.o
                                        0x61c (size before relaxing)
 .debug_str     0x00000000000046fc       0x22 build/startup_stm32f302x8.o
                                         0x46 (size before relaxing)
 .debug_str     0x000000000000471e      0x195 /usr/lib/gcc/arm-none-eabi/12.1.0/../../../../arm-none-eabi/lib/thumb/v7e-m+fp/hard/libc_nano.a(lib_a-init.o)
                                        0x230 (size before relaxing)

.comment        0x0000000000000000       0x3c
 .comment       0x0000000000000000       0x1e build/backdoor.o
                                         0x1f (size before relaxing)
 .comment       0x000000000000001e       0x1f build/boot.o
 .comment       0x000000000000001e       0x1f build/can.o
 .comment       0x000000000000001e       0x1f build/com.o
 .comment       0x000000000000001e       0x1f build/cop.o
 .comment       0x000000000000001e       0x1f build/cpu.o
 .comment       0x000000000000001e       0x1f build/flash.o
 .comment       0x000000000000001e       0x1f build/led.o
 .comment       0x000000000000001e       0x1f build/nvm.o
 .comment       0x000000000000001e       0x1f build/timer.o
 .comment       0x000000000000001e       0x1f build/xcp.o
 .comment       0x000000000000001e       0x1f build/main.o
 .comment       0x000000000000001e       0x1f build/stm32f3xx_hal_msp.o
 .comment       0x000000000000001e       0x1f build/stm32f3xx_it.o
 .comment       0x000000000000001e       0x1f build/system_stm32f3xx.o
 .comment       0x000000000000001e       0x1f build/stm32f3xx_hal.o
 .comment       0x000000000000001e       0x1f build/stm32f3xx_hal_can.o
 .comment       0x000000000000001e       0x1f build/stm32f3xx_hal_cortex.o
 .comment       0x000000000000001e       0x1f build/stm32f3xx_hal_flash.o
 .comment       0x000000000000001e       0x1f build/stm32f3xx_hal_flash_ex.o
 .comment       0x000000000000001e       0x1f build/stm32f3xx_hal_gpio.o
 .comment       0x000000000000001e       0x1f build/stm32f3xx_hal_tim.o
 .comment       0x000000000000001e       0x1f build/stm32f3xx_hal_tim_ex.o
 .comment       0x000000000000001e       0x1f build/stm32f3xx_ll_utils.o
 .comment       0x000000000000001e       0x1e /usr/lib/gcc/arm-none-eabi/12.1.0/../../../../arm-none-eabi/lib/thumb/v7e-m+fp/hard/libc_nano.a(lib_a-init.o)
                                         0x1f (size before relaxing)

.debug_frame    0x0000000000000000     0x2540
 .debug_frame   0x0000000000000000       0x78 build/backdoor.o
 .debug_frame   0x0000000000000078       0x60 build/boot.o
 .debug_frame   0x00000000000000d8       0xa0 build/can.o
 .debug_frame   0x0000000000000178       0xa8 build/com.o
 .debug_frame   0x0000000000000220       0x30 build/cop.o
 .debug_frame   0x0000000000000250       0x78 build/cpu.o
 .debug_frame   0x00000000000002c8      0x144 build/flash.o
 .debug_frame   0x000000000000040c       0x50 build/led.o
 .debug_frame   0x000000000000045c       0xb8 build/nvm.o
 .debug_frame   0x0000000000000514       0x88 build/timer.o
 .debug_frame   0x000000000000059c      0x24c build/xcp.o
 .debug_frame   0x00000000000007e8       0x8c build/main.o
 .debug_frame   0x0000000000000874       0xe8 build/stm32f3xx_hal_msp.o
 .debug_frame   0x000000000000095c      0x138 build/stm32f3xx_it.o
 .debug_frame   0x0000000000000a94       0x30 build/system_stm32f3xx.o
 .debug_frame   0x0000000000000ac4      0x1cc build/stm32f3xx_hal.o
 .debug_frame   0x0000000000000c90      0x2dc build/stm32f3xx_hal_can.o
 .debug_frame   0x0000000000000f6c      0x19c build/stm32f3xx_hal_cortex.o
 .debug_frame   0x0000000000001108      0x134 build/stm32f3xx_hal_flash.o
 .debug_frame   0x000000000000123c      0x18c build/stm32f3xx_hal_flash_ex.o
 .debug_frame   0x00000000000013c8       0xd0 build/stm32f3xx_hal_gpio.o
 .debug_frame   0x0000000000001498      0xb48 build/stm32f3xx_hal_tim.o
 .debug_frame   0x0000000000001fe0      0x450 build/stm32f3xx_hal_tim_ex.o
 .debug_frame   0x0000000000002430       0xe4 build/stm32f3xx_ll_utils.o
 .debug_frame   0x0000000000002514       0x2c /usr/lib/gcc/arm-none-eabi/12.1.0/../../../../arm-none-eabi/lib/thumb/v7e-m+fp/hard/libc_nano.a(lib_a-init.o)

.debug_loclists
                0x0000000000000000     0x7676
 .debug_loclists
                0x0000000000000000      0x170 build/can.o
 .debug_loclists
                0x0000000000000170       0x87 build/com.o
 .debug_loclists
                0x00000000000001f7      0x123 build/cpu.o
 .debug_loclists
                0x000000000000031a      0x51f build/flash.o
 .debug_loclists
                0x0000000000000839       0x7f build/nvm.o
 .debug_loclists
                0x00000000000008b8      0x57c build/xcp.o
 .debug_loclists
                0x0000000000000e34       0xa8 build/main.o
 .debug_loclists
                0x0000000000000edc      0x162 build/stm32f3xx_hal_msp.o
 .debug_loclists
                0x000000000000103e       0xbc build/system_stm32f3xx.o
 .debug_loclists
                0x00000000000010fa       0xc9 build/stm32f3xx_hal.o
 .debug_loclists
                0x00000000000011c3      0x848 build/stm32f3xx_hal_can.o
 .debug_loclists
                0x0000000000001a0b      0x422 build/stm32f3xx_hal_cortex.o
 .debug_loclists
                0x0000000000001e2d      0x24a build/stm32f3xx_hal_flash.o
 .debug_loclists
                0x0000000000002077      0x472 build/stm32f3xx_hal_flash_ex.o
 .debug_loclists
                0x00000000000024e9      0x267 build/stm32f3xx_hal_gpio.o
 .debug_loclists
                0x0000000000002750     0x361d build/stm32f3xx_hal_tim.o
 .debug_loclists
                0x0000000000005d6d     0x1526 build/stm32f3xx_hal_tim_ex.o
 .debug_loclists
                0x0000000000007293      0x39f build/stm32f3xx_ll_utils.o
 .debug_loclists
                0x0000000000007632       0x44 /usr/lib/gcc/arm-none-eabi/12.1.0/../../../../arm-none-eabi/lib/thumb/v7e-m+fp/hard/libc_nano.a(lib_a-init.o)

.debug_line_str
                0x0000000000000000       0x3a
 .debug_line_str
                0x0000000000000000       0x3a build/startup_stm32f302x8.o
                                         0x50 (size before relaxing)

Cross Reference Table

Symbol                                            File
ADC1_IRQHandler                                   build/startup_stm32f302x8.o
AHBPrescTable                                     build/system_stm32f3xx.o
                                                  build/stm32f3xx_ll_utils.o
                                                  build/stm32f3xx_ll_rcc.o
                                                  build/stm32f3xx_hal_rcc.o
APBPrescTable                                     build/system_stm32f3xx.o
                                                  build/stm32f3xx_ll_rcc.o
                                                  build/stm32f3xx_hal_rcc.o
AssertFailure                                     build/asserts.o
                                                  build/can.o
BackDoorCheck                                     build/backdoor.o
                                                  build/boot.o
BackDoorGetExtension                              build/backdoor.o
BackDoorInit                                      build/backdoor.o
                                                  build/boot.o
BackDoorRestartTimer                              build/backdoor.o
BackDoorSetExtension                              build/backdoor.o
BootInit                                          build/boot.o
                                                  build/main.o
BootTask                                          build/boot.o
                                                  build/main.o
BusFault_Handler                                  build/stm32f3xx_it.o
CAN_RX1_IRQHandler                                build/stm32f3xx_it.o
CAN_SCE_IRQHandler                                build/stm32f3xx_it.o
COMP2_IRQHandler                                  build/startup_stm32f302x8.o
COMP4_6_IRQHandler                                build/startup_stm32f302x8.o
CanInit                                           build/can.o
CanReceivePacket                                  build/can.o
                                                  build/com.o
CanTransmitPacket                                 build/can.o
                                                  build/com.o
ComFree                                           build/com.o
                                                  build/cpu.o
ComGetActiveInterfaceMaxRxLen                     build/com.o
                                                  build/xcp.o
ComGetActiveInterfaceMaxTxLen                     build/com.o
                                                  build/xcp.o
ComInit                                           build/com.o
                                                  build/boot.o
ComIsConnected                                    build/com.o
                                                  build/backdoor.o
ComTask                                           build/com.o
                                                  build/boot.o
ComTransmitPacket                                 build/com.o
                                                  build/xcp.o
CopInit                                           build/cop.o
                                                  build/boot.o
CopService                                        build/cop.o
                                                  build/xcp.o
                                                  build/flash.o
                                                  build/cpu.o
                                                  build/can.o
                                                  build/boot.o
                                                  build/asserts.o
CpuInit                                           build/cpu.o
                                                  build/boot.o
CpuIrqDisable                                     build/boot.o
                                                  build/cpu.o
CpuIrqEnable                                      build/boot.o
                                                  build/cpu.o
CpuMemCopy                                        build/cpu.o
                                                  build/xcp.o
                                                  build/flash.o
CpuMemSet                                         build/cpu.o
CpuStartUserProgram                               build/cpu.o
                                                  build/xcp.o
                                                  build/backdoor.o
DMA1_Channel1_IRQHandler                          build/startup_stm32f302x8.o
DMA1_Channel2_IRQHandler                          build/startup_stm32f302x8.o
DMA1_Channel3_IRQHandler                          build/startup_stm32f302x8.o
DMA1_Channel4_IRQHandler                          build/startup_stm32f302x8.o
DMA1_Channel5_IRQHandler                          build/startup_stm32f302x8.o
DMA1_Channel6_IRQHandler                          build/startup_stm32f302x8.o
DMA1_Channel7_IRQHandler                          build/startup_stm32f302x8.o
DebugMon_Handler                                  build/stm32f3xx_it.o
Default_Handler                                   build/startup_stm32f302x8.o
EXTI0_IRQHandler                                  build/startup_stm32f302x8.o
EXTI15_10_IRQHandler                              build/startup_stm32f302x8.o
EXTI1_IRQHandler                                  build/startup_stm32f302x8.o
EXTI2_TSC_IRQHandler                              build/startup_stm32f302x8.o
EXTI3_IRQHandler                                  build/startup_stm32f302x8.o
EXTI4_IRQHandler                                  build/startup_stm32f302x8.o
EXTI9_5_IRQHandler                                build/startup_stm32f302x8.o
Error_Handler                                     build/main.o
FLASH_IRQHandler                                  build/startup_stm32f302x8.o
FLASH_PageErase                                   build/stm32f3xx_hal_flash_ex.o
                                                  build/stm32f3xx_hal_flash.o
FLASH_WaitForLastOperation                        build/stm32f3xx_hal_flash.o
                                                  build/stm32f3xx_hal_flash_ex.o
FPU_IRQHandler                                    build/startup_stm32f302x8.o
FlashDone                                         build/flash.o
                                                  build/nvm.o
FlashErase                                        build/flash.o
                                                  build/nvm.o
FlashGetUserProgBaseAddress                       build/flash.o
                                                  build/nvm.o
FlashInit                                         build/flash.o
                                                  build/nvm.o
FlashReinit                                       build/flash.o
                                                  build/nvm.o
FlashVerifyChecksum                               build/flash.o
                                                  build/nvm.o
FlashWrite                                        build/flash.o
                                                  build/nvm.o
FlashWriteChecksum                                build/flash.o
                                                  build/nvm.o
HAL_CAN_AbortTxRequest                            build/stm32f3xx_hal_can.o
HAL_CAN_ActivateNotification                      build/stm32f3xx_hal_can.o
HAL_CAN_AddTxMessage                              build/stm32f3xx_hal_can.o
                                                  build/can.o
HAL_CAN_ConfigFilter                              build/stm32f3xx_hal_can.o
                                                  build/can.o
HAL_CAN_DeInit                                    build/stm32f3xx_hal_can.o
HAL_CAN_DeactivateNotification                    build/stm32f3xx_hal_can.o
HAL_CAN_ErrorCallback                             build/stm32f3xx_hal_can.o
HAL_CAN_GetError                                  build/stm32f3xx_hal_can.o
HAL_CAN_GetRxFifoFillLevel                        build/stm32f3xx_hal_can.o
HAL_CAN_GetRxMessage                              build/stm32f3xx_hal_can.o
                                                  build/can.o
HAL_CAN_GetState                                  build/stm32f3xx_hal_can.o
HAL_CAN_GetTxMailboxesFreeLevel                   build/stm32f3xx_hal_can.o
HAL_CAN_GetTxTimestamp                            build/stm32f3xx_hal_can.o
HAL_CAN_IRQHandler                                build/stm32f3xx_hal_can.o
                                                  build/stm32f3xx_it.o
HAL_CAN_Init                                      build/stm32f3xx_hal_can.o
                                                  build/main.o
                                                  build/can.o
HAL_CAN_IsSleepActive                             build/stm32f3xx_hal_can.o
HAL_CAN_IsTxMessagePending                        build/stm32f3xx_hal_can.o
                                                  build/can.o
HAL_CAN_MspDeInit                                 build/stm32f3xx_hal_msp.o
HAL_CAN_MspInit                                   build/stm32f3xx_hal_msp.o
HAL_CAN_RequestSleep                              build/stm32f3xx_hal_can.o
HAL_CAN_ResetError                                build/stm32f3xx_hal_can.o
HAL_CAN_RxFifo0FullCallback                       build/stm32f3xx_hal_can.o
HAL_CAN_RxFifo0MsgPendingCallback                 build/stm32f3xx_hal_can.o
HAL_CAN_RxFifo1FullCallback                       build/stm32f3xx_hal_can.o
HAL_CAN_RxFifo1MsgPendingCallback                 build/stm32f3xx_hal_can.o
HAL_CAN_SleepCallback                             build/stm32f3xx_hal_can.o
HAL_CAN_Start                                     build/stm32f3xx_hal_can.o
                                                  build/can.o
HAL_CAN_Stop                                      build/stm32f3xx_hal_can.o
HAL_CAN_TxMailbox0AbortCallback                   build/stm32f3xx_hal_can.o
HAL_CAN_TxMailbox0CompleteCallback                build/stm32f3xx_hal_can.o
HAL_CAN_TxMailbox1AbortCallback                   build/stm32f3xx_hal_can.o
HAL_CAN_TxMailbox1CompleteCallback                build/stm32f3xx_hal_can.o
HAL_CAN_TxMailbox2AbortCallback                   build/stm32f3xx_hal_can.o
HAL_CAN_TxMailbox2CompleteCallback                build/stm32f3xx_hal_can.o
HAL_CAN_WakeUp                                    build/stm32f3xx_hal_can.o
HAL_CAN_WakeUpFromRxMsgCallback                   build/stm32f3xx_hal_can.o
HAL_DBGMCU_DisableDBGSleepMode                    build/stm32f3xx_hal.o
HAL_DBGMCU_DisableDBGStandbyMode                  build/stm32f3xx_hal.o
HAL_DBGMCU_DisableDBGStopMode                     build/stm32f3xx_hal.o
HAL_DBGMCU_EnableDBGSleepMode                     build/stm32f3xx_hal.o
HAL_DBGMCU_EnableDBGStandbyMode                   build/stm32f3xx_hal.o
HAL_DBGMCU_EnableDBGStopMode                      build/stm32f3xx_hal.o
HAL_DMA_Abort                                     build/stm32f3xx_hal_dma.o
                                                  build/stm32f3xx_hal_uart.o
HAL_DMA_Abort_IT                                  build/stm32f3xx_hal_dma.o
                                                  build/stm32f3xx_hal_uart.o
                                                  build/stm32f3xx_hal_tim_ex.o
                                                  build/stm32f3xx_hal_tim.o
                                                  build/stm32f3xx_hal_i2c.o
HAL_DMA_DeInit                                    build/stm32f3xx_hal_dma.o
HAL_DMA_GetError                                  build/stm32f3xx_hal_dma.o
                                                  build/stm32f3xx_hal_uart.o
HAL_DMA_GetState                                  build/stm32f3xx_hal_dma.o
                                                  build/stm32f3xx_hal_i2c.o
HAL_DMA_IRQHandler                                build/stm32f3xx_hal_dma.o
HAL_DMA_Init                                      build/stm32f3xx_hal_dma.o
HAL_DMA_PollForTransfer                           build/stm32f3xx_hal_dma.o
HAL_DMA_RegisterCallback                          build/stm32f3xx_hal_dma.o
HAL_DMA_Start                                     build/stm32f3xx_hal_dma.o
HAL_DMA_Start_IT                                  build/stm32f3xx_hal_dma.o
                                                  build/stm32f3xx_hal_uart.o
                                                  build/stm32f3xx_hal_tim_ex.o
                                                  build/stm32f3xx_hal_tim.o
                                                  build/stm32f3xx_hal_i2c.o
HAL_DMA_UnRegisterCallback                        build/stm32f3xx_hal_dma.o
HAL_DeInit                                        build/stm32f3xx_hal.o
                                                  build/cpu.o
HAL_Delay                                         build/stm32f3xx_hal.o
HAL_EXTI_ClearConfigLine                          build/stm32f3xx_hal_exti.o
HAL_EXTI_ClearPending                             build/stm32f3xx_hal_exti.o
HAL_EXTI_GenerateSWI                              build/stm32f3xx_hal_exti.o
HAL_EXTI_GetConfigLine                            build/stm32f3xx_hal_exti.o
HAL_EXTI_GetHandle                                build/stm32f3xx_hal_exti.o
HAL_EXTI_GetPending                               build/stm32f3xx_hal_exti.o
HAL_EXTI_IRQHandler                               build/stm32f3xx_hal_exti.o
HAL_EXTI_RegisterCallback                         build/stm32f3xx_hal_exti.o
HAL_EXTI_SetConfigLine                            build/stm32f3xx_hal_exti.o
HAL_FLASHEx_Erase                                 build/stm32f3xx_hal_flash_ex.o
                                                  build/flash.o
HAL_FLASHEx_Erase_IT                              build/stm32f3xx_hal_flash_ex.o
HAL_FLASHEx_OBErase                               build/stm32f3xx_hal_flash_ex.o
HAL_FLASHEx_OBGetConfig                           build/stm32f3xx_hal_flash_ex.o
HAL_FLASHEx_OBGetUserData                         build/stm32f3xx_hal_flash_ex.o
HAL_FLASHEx_OBProgram                             build/stm32f3xx_hal_flash_ex.o
HAL_FLASH_EndOfOperationCallback                  build/stm32f3xx_hal_flash.o
HAL_FLASH_GetError                                build/stm32f3xx_hal_flash.o
HAL_FLASH_IRQHandler                              build/stm32f3xx_hal_flash.o
HAL_FLASH_Lock                                    build/stm32f3xx_hal_flash.o
                                                  build/flash.o
HAL_FLASH_OB_Launch                               build/stm32f3xx_hal_flash.o
HAL_FLASH_OB_Lock                                 build/stm32f3xx_hal_flash.o
HAL_FLASH_OB_Unlock                               build/stm32f3xx_hal_flash.o
HAL_FLASH_OperationErrorCallback                  build/stm32f3xx_hal_flash.o
HAL_FLASH_Program                                 build/stm32f3xx_hal_flash.o
                                                  build/flash.o
HAL_FLASH_Program_IT                              build/stm32f3xx_hal_flash.o
HAL_FLASH_Unlock                                  build/stm32f3xx_hal_flash.o
                                                  build/flash.o
HAL_GPIO_DeInit                                   build/stm32f3xx_hal_gpio.o
                                                  build/stm32f3xx_hal_msp.o
HAL_GPIO_EXTI_Callback                            build/stm32f3xx_hal_gpio.o
HAL_GPIO_EXTI_IRQHandler                          build/stm32f3xx_hal_gpio.o
HAL_GPIO_Init                                     build/stm32f3xx_hal_gpio.o
                                                  build/stm32f3xx_hal_rcc.o
                                                  build/stm32f3xx_hal_msp.o
                                                  build/main.o
HAL_GPIO_LockPin                                  build/stm32f3xx_hal_gpio.o
HAL_GPIO_ReadPin                                  build/stm32f3xx_hal_gpio.o
HAL_GPIO_TogglePin                                build/stm32f3xx_hal_gpio.o
                                                  build/stm32f3xx_it.o
HAL_GPIO_WritePin                                 build/stm32f3xx_hal_gpio.o
                                                  build/main.o
                                                  build/led.o
HAL_GetDEVID                                      build/stm32f3xx_hal.o
HAL_GetHalVersion                                 build/stm32f3xx_hal.o
HAL_GetREVID                                      build/stm32f3xx_hal.o
HAL_GetTick                                       build/timer.o
                                                  build/stm32f3xx_hal_uart_ex.o
                                                  build/stm32f3xx_hal_uart.o
                                                  build/stm32f3xx_hal_rcc_ex.o
                                                  build/stm32f3xx_hal_rcc.o
                                                  build/stm32f3xx_hal_i2c.o
                                                  build/stm32f3xx_hal_flash.o
                                                  build/stm32f3xx_hal_dma.o
                                                  build/stm32f3xx_hal_can.o
                                                  build/stm32f3xx_it.o
HAL_GetTickFreq                                   build/stm32f3xx_hal.o
HAL_GetTickPrio                                   build/stm32f3xx_hal.o
HAL_GetUIDw0                                      build/stm32f3xx_hal.o
HAL_GetUIDw1                                      build/stm32f3xx_hal.o
HAL_GetUIDw2                                      build/stm32f3xx_hal.o
HAL_HalfDuplex_EnableReceiver                     build/stm32f3xx_hal_uart.o
HAL_HalfDuplex_EnableTransmitter                  build/stm32f3xx_hal_uart.o
HAL_HalfDuplex_Init                               build/stm32f3xx_hal_uart.o
HAL_I2CEx_ConfigAnalogFilter                      build/stm32f3xx_hal_i2c_ex.o
HAL_I2CEx_ConfigDigitalFilter                     build/stm32f3xx_hal_i2c_ex.o
HAL_I2CEx_DisableFastModePlus                     build/stm32f3xx_hal_i2c_ex.o
HAL_I2CEx_DisableWakeUp                           build/stm32f3xx_hal_i2c_ex.o
HAL_I2CEx_EnableFastModePlus                      build/stm32f3xx_hal_i2c_ex.o
HAL_I2CEx_EnableWakeUp                            build/stm32f3xx_hal_i2c_ex.o
HAL_I2C_AbortCpltCallback                         build/stm32f3xx_hal_i2c.o
HAL_I2C_AddrCallback                              build/stm32f3xx_hal_i2c.o
HAL_I2C_DeInit                                    build/stm32f3xx_hal_i2c.o
HAL_I2C_DisableListen_IT                          build/stm32f3xx_hal_i2c.o
HAL_I2C_ER_IRQHandler                             build/stm32f3xx_hal_i2c.o
HAL_I2C_EV_IRQHandler                             build/stm32f3xx_hal_i2c.o
HAL_I2C_EnableListen_IT                           build/stm32f3xx_hal_i2c.o
HAL_I2C_ErrorCallback                             build/stm32f3xx_hal_i2c.o
HAL_I2C_GetError                                  build/stm32f3xx_hal_i2c.o
HAL_I2C_GetMode                                   build/stm32f3xx_hal_i2c.o
HAL_I2C_GetState                                  build/stm32f3xx_hal_i2c.o
HAL_I2C_Init                                      build/stm32f3xx_hal_i2c.o
HAL_I2C_IsDeviceReady                             build/stm32f3xx_hal_i2c.o
HAL_I2C_ListenCpltCallback                        build/stm32f3xx_hal_i2c.o
HAL_I2C_MasterRxCpltCallback                      build/stm32f3xx_hal_i2c.o
HAL_I2C_MasterTxCpltCallback                      build/stm32f3xx_hal_i2c.o
HAL_I2C_Master_Abort_IT                           build/stm32f3xx_hal_i2c.o
HAL_I2C_Master_Receive                            build/stm32f3xx_hal_i2c.o
HAL_I2C_Master_Receive_DMA                        build/stm32f3xx_hal_i2c.o
HAL_I2C_Master_Receive_IT                         build/stm32f3xx_hal_i2c.o
HAL_I2C_Master_Seq_Receive_DMA                    build/stm32f3xx_hal_i2c.o
HAL_I2C_Master_Seq_Receive_IT                     build/stm32f3xx_hal_i2c.o
HAL_I2C_Master_Seq_Transmit_DMA                   build/stm32f3xx_hal_i2c.o
HAL_I2C_Master_Seq_Transmit_IT                    build/stm32f3xx_hal_i2c.o
HAL_I2C_Master_Transmit                           build/stm32f3xx_hal_i2c.o
HAL_I2C_Master_Transmit_DMA                       build/stm32f3xx_hal_i2c.o
HAL_I2C_Master_Transmit_IT                        build/stm32f3xx_hal_i2c.o
HAL_I2C_MemRxCpltCallback                         build/stm32f3xx_hal_i2c.o
HAL_I2C_MemTxCpltCallback                         build/stm32f3xx_hal_i2c.o
HAL_I2C_Mem_Read                                  build/stm32f3xx_hal_i2c.o
HAL_I2C_Mem_Read_DMA                              build/stm32f3xx_hal_i2c.o
HAL_I2C_Mem_Read_IT                               build/stm32f3xx_hal_i2c.o
HAL_I2C_Mem_Write                                 build/stm32f3xx_hal_i2c.o
HAL_I2C_Mem_Write_DMA                             build/stm32f3xx_hal_i2c.o
HAL_I2C_Mem_Write_IT                              build/stm32f3xx_hal_i2c.o
HAL_I2C_MspDeInit                                 build/stm32f3xx_hal_i2c.o
HAL_I2C_MspInit                                   build/stm32f3xx_hal_i2c.o
HAL_I2C_SlaveRxCpltCallback                       build/stm32f3xx_hal_i2c.o
HAL_I2C_SlaveTxCpltCallback                       build/stm32f3xx_hal_i2c.o
HAL_I2C_Slave_Receive                             build/stm32f3xx_hal_i2c.o
HAL_I2C_Slave_Receive_DMA                         build/stm32f3xx_hal_i2c.o
HAL_I2C_Slave_Receive_IT                          build/stm32f3xx_hal_i2c.o
HAL_I2C_Slave_Seq_Receive_DMA                     build/stm32f3xx_hal_i2c.o
HAL_I2C_Slave_Seq_Receive_IT                      build/stm32f3xx_hal_i2c.o
HAL_I2C_Slave_Seq_Transmit_DMA                    build/stm32f3xx_hal_i2c.o
HAL_I2C_Slave_Seq_Transmit_IT                     build/stm32f3xx_hal_i2c.o
HAL_I2C_Slave_Transmit                            build/stm32f3xx_hal_i2c.o
HAL_I2C_Slave_Transmit_DMA                        build/stm32f3xx_hal_i2c.o
HAL_I2C_Slave_Transmit_IT                         build/stm32f3xx_hal_i2c.o
HAL_IncTick                                       build/stm32f3xx_hal.o
                                                  build/stm32f3xx_it.o
HAL_Init                                          build/stm32f3xx_hal.o
                                                  build/main.o
HAL_InitTick                                      build/stm32f3xx_hal.o
                                                  build/stm32f3xx_hal_rcc.o
                                                  build/main.o
HAL_LIN_Init                                      build/stm32f3xx_hal_uart.o
HAL_LIN_SendBreak                                 build/stm32f3xx_hal_uart.o
HAL_MspDeInit                                     build/stm32f3xx_hal.o
HAL_MspInit                                       build/stm32f3xx_hal_msp.o
HAL_MultiProcessorEx_AddressLength_Set            build/stm32f3xx_hal_uart_ex.o
HAL_MultiProcessor_DisableMuteMode                build/stm32f3xx_hal_uart.o
HAL_MultiProcessor_EnableMuteMode                 build/stm32f3xx_hal_uart.o
HAL_MultiProcessor_EnterMuteMode                  build/stm32f3xx_hal_uart.o
HAL_MultiProcessor_Init                           build/stm32f3xx_hal_uart.o
HAL_NVIC_ClearPendingIRQ                          build/stm32f3xx_hal_cortex.o
HAL_NVIC_DisableIRQ                               build/stm32f3xx_hal_cortex.o
                                                  build/stm32f3xx_hal_msp.o
HAL_NVIC_EnableIRQ                                build/stm32f3xx_hal_cortex.o
                                                  build/stm32f3xx_hal_msp.o
HAL_NVIC_GetActive                                build/stm32f3xx_hal_cortex.o
HAL_NVIC_GetPendingIRQ                            build/stm32f3xx_hal_cortex.o
HAL_NVIC_GetPriority                              build/stm32f3xx_hal_cortex.o
HAL_NVIC_GetPriorityGrouping                      build/stm32f3xx_hal_cortex.o
HAL_NVIC_SetPendingIRQ                            build/stm32f3xx_hal_cortex.o
HAL_NVIC_SetPriority                              build/stm32f3xx_hal_cortex.o
                                                  build/stm32f3xx_hal.o
                                                  build/stm32f3xx_hal_msp.o
HAL_NVIC_SetPriorityGrouping                      build/stm32f3xx_hal_cortex.o
                                                  build/stm32f3xx_hal.o
HAL_NVIC_SystemReset                              build/stm32f3xx_hal_cortex.o
HAL_PWR_ConfigPVD                                 build/stm32f3xx_hal_pwr_ex.o
HAL_PWR_DeInit                                    build/stm32f3xx_hal_pwr.o
HAL_PWR_DisableBkUpAccess                         build/stm32f3xx_hal_pwr.o
HAL_PWR_DisablePVD                                build/stm32f3xx_hal_pwr_ex.o
HAL_PWR_DisableSEVOnPend                          build/stm32f3xx_hal_pwr.o
HAL_PWR_DisableSleepOnExit                        build/stm32f3xx_hal_pwr.o
HAL_PWR_DisableWakeUpPin                          build/stm32f3xx_hal_pwr.o
HAL_PWR_EnableBkUpAccess                          build/stm32f3xx_hal_pwr.o
HAL_PWR_EnablePVD                                 build/stm32f3xx_hal_pwr_ex.o
HAL_PWR_EnableSEVOnPend                           build/stm32f3xx_hal_pwr.o
HAL_PWR_EnableSleepOnExit                         build/stm32f3xx_hal_pwr.o
HAL_PWR_EnableWakeUpPin                           build/stm32f3xx_hal_pwr.o
HAL_PWR_EnterSLEEPMode                            build/stm32f3xx_hal_pwr.o
HAL_PWR_EnterSTANDBYMode                          build/stm32f3xx_hal_pwr.o
HAL_PWR_EnterSTOPMode                             build/stm32f3xx_hal_pwr.o
HAL_PWR_PVDCallback                               build/stm32f3xx_hal_pwr_ex.o
HAL_PWR_PVD_IRQHandler                            build/stm32f3xx_hal_pwr_ex.o
HAL_RCCEx_GetPeriphCLKConfig                      build/stm32f3xx_hal_rcc_ex.o
HAL_RCCEx_GetPeriphCLKFreq                        build/stm32f3xx_hal_rcc_ex.o
HAL_RCCEx_PeriphCLKConfig                         build/stm32f3xx_hal_rcc_ex.o
HAL_RCC_CSSCallback                               build/stm32f3xx_hal_rcc.o
HAL_RCC_ClockConfig                               build/stm32f3xx_hal_rcc.o
HAL_RCC_DeInit                                    build/stm32f3xx_hal_rcc.o
HAL_RCC_DisableCSS                                build/stm32f3xx_hal_rcc.o
HAL_RCC_EnableCSS                                 build/stm32f3xx_hal_rcc.o
HAL_RCC_GetClockConfig                            build/stm32f3xx_hal_rcc.o
HAL_RCC_GetHCLKFreq                               build/stm32f3xx_hal_rcc.o
HAL_RCC_GetOscConfig                              build/stm32f3xx_hal_rcc.o
HAL_RCC_GetPCLK1Freq                              build/stm32f3xx_hal_rcc.o
                                                  build/stm32f3xx_hal_uart.o
                                                  build/stm32f3xx_hal_rcc_ex.o
HAL_RCC_GetPCLK2Freq                              build/stm32f3xx_hal_rcc.o
                                                  build/stm32f3xx_hal_uart.o
HAL_RCC_GetSysClockFreq                           build/stm32f3xx_hal_rcc.o
                                                  build/stm32f3xx_hal_uart.o
                                                  build/stm32f3xx_hal_rcc_ex.o
HAL_RCC_MCOConfig                                 build/stm32f3xx_hal_rcc.o
HAL_RCC_NMI_IRQHandler                            build/stm32f3xx_hal_rcc.o
HAL_RCC_OscConfig                                 build/stm32f3xx_hal_rcc.o
HAL_RS485Ex_Init                                  build/stm32f3xx_hal_uart_ex.o
HAL_ResumeTick                                    build/stm32f3xx_hal.o
HAL_SYSTICK_CLKSourceConfig                       build/stm32f3xx_hal_cortex.o
HAL_SYSTICK_Callback                              build/stm32f3xx_hal_cortex.o
HAL_SYSTICK_Config                                build/stm32f3xx_hal_cortex.o
                                                  build/stm32f3xx_hal.o
HAL_SYSTICK_IRQHandler                            build/stm32f3xx_hal_cortex.o
HAL_SetTickFreq                                   build/stm32f3xx_hal.o
HAL_SuspendTick                                   build/stm32f3xx_hal.o
HAL_TIMEx_Break2Callback                          build/stm32f3xx_hal_tim_ex.o
                                                  build/stm32f3xx_hal_tim.o
HAL_TIMEx_BreakCallback                           build/stm32f3xx_hal_tim_ex.o
                                                  build/stm32f3xx_hal_tim.o
HAL_TIMEx_CommutCallback                          build/stm32f3xx_hal_tim_ex.o
                                                  build/stm32f3xx_hal_tim.o
HAL_TIMEx_CommutHalfCpltCallback                  build/stm32f3xx_hal_tim_ex.o
HAL_TIMEx_ConfigBreakDeadTime                     build/stm32f3xx_hal_tim_ex.o
HAL_TIMEx_ConfigCommutEvent                       build/stm32f3xx_hal_tim_ex.o
HAL_TIMEx_ConfigCommutEvent_DMA                   build/stm32f3xx_hal_tim_ex.o
HAL_TIMEx_ConfigCommutEvent_IT                    build/stm32f3xx_hal_tim_ex.o
HAL_TIMEx_GetChannelNState                        build/stm32f3xx_hal_tim_ex.o
HAL_TIMEx_GroupChannel5                           build/stm32f3xx_hal_tim_ex.o
HAL_TIMEx_HallSensor_DeInit                       build/stm32f3xx_hal_tim_ex.o
HAL_TIMEx_HallSensor_GetState                     build/stm32f3xx_hal_tim_ex.o
HAL_TIMEx_HallSensor_Init                         build/stm32f3xx_hal_tim_ex.o
HAL_TIMEx_HallSensor_MspDeInit                    build/stm32f3xx_hal_tim_ex.o
HAL_TIMEx_HallSensor_MspInit                      build/stm32f3xx_hal_tim_ex.o
HAL_TIMEx_HallSensor_Start                        build/stm32f3xx_hal_tim_ex.o
HAL_TIMEx_HallSensor_Start_DMA                    build/stm32f3xx_hal_tim_ex.o
HAL_TIMEx_HallSensor_Start_IT                     build/stm32f3xx_hal_tim_ex.o
HAL_TIMEx_HallSensor_Stop                         build/stm32f3xx_hal_tim_ex.o
HAL_TIMEx_HallSensor_Stop_DMA                     build/stm32f3xx_hal_tim_ex.o
HAL_TIMEx_HallSensor_Stop_IT                      build/stm32f3xx_hal_tim_ex.o
HAL_TIMEx_MasterConfigSynchronization             build/stm32f3xx_hal_tim_ex.o
HAL_TIMEx_OCN_Start                               build/stm32f3xx_hal_tim_ex.o
HAL_TIMEx_OCN_Start_DMA                           build/stm32f3xx_hal_tim_ex.o
HAL_TIMEx_OCN_Start_IT                            build/stm32f3xx_hal_tim_ex.o
HAL_TIMEx_OCN_Stop                                build/stm32f3xx_hal_tim_ex.o
HAL_TIMEx_OCN_Stop_DMA                            build/stm32f3xx_hal_tim_ex.o
HAL_TIMEx_OCN_Stop_IT                             build/stm32f3xx_hal_tim_ex.o
HAL_TIMEx_OnePulseN_Start                         build/stm32f3xx_hal_tim_ex.o
HAL_TIMEx_OnePulseN_Start_IT                      build/stm32f3xx_hal_tim_ex.o
HAL_TIMEx_OnePulseN_Stop                          build/stm32f3xx_hal_tim_ex.o
HAL_TIMEx_OnePulseN_Stop_IT                       build/stm32f3xx_hal_tim_ex.o
HAL_TIMEx_PWMN_Start                              build/stm32f3xx_hal_tim_ex.o
HAL_TIMEx_PWMN_Start_DMA                          build/stm32f3xx_hal_tim_ex.o
HAL_TIMEx_PWMN_Start_IT                           build/stm32f3xx_hal_tim_ex.o
HAL_TIMEx_PWMN_Stop                               build/stm32f3xx_hal_tim_ex.o
HAL_TIMEx_PWMN_Stop_DMA                           build/stm32f3xx_hal_tim_ex.o
HAL_TIMEx_PWMN_Stop_IT                            build/stm32f3xx_hal_tim_ex.o
HAL_TIMEx_RemapConfig                             build/stm32f3xx_hal_tim_ex.o
HAL_TIM_Base_DeInit                               build/stm32f3xx_hal_tim.o
HAL_TIM_Base_GetState                             build/stm32f3xx_hal_tim.o
HAL_TIM_Base_Init                                 build/stm32f3xx_hal_tim.o
HAL_TIM_Base_MspDeInit                            build/stm32f3xx_hal_msp.o
HAL_TIM_Base_MspInit                              build/stm32f3xx_hal_msp.o
HAL_TIM_Base_Start                                build/stm32f3xx_hal_tim.o
HAL_TIM_Base_Start_DMA                            build/stm32f3xx_hal_tim.o
HAL_TIM_Base_Start_IT                             build/stm32f3xx_hal_tim.o
HAL_TIM_Base_Stop                                 build/stm32f3xx_hal_tim.o
HAL_TIM_Base_Stop_DMA                             build/stm32f3xx_hal_tim.o
HAL_TIM_Base_Stop_IT                              build/stm32f3xx_hal_tim.o
HAL_TIM_ConfigClockSource                         build/stm32f3xx_hal_tim.o
HAL_TIM_ConfigOCrefClear                          build/stm32f3xx_hal_tim.o
HAL_TIM_ConfigTI1Input                            build/stm32f3xx_hal_tim.o
HAL_TIM_DMABurstState                             build/stm32f3xx_hal_tim.o
HAL_TIM_DMABurst_MultiReadStart                   build/stm32f3xx_hal_tim.o
HAL_TIM_DMABurst_MultiWriteStart                  build/stm32f3xx_hal_tim.o
HAL_TIM_DMABurst_ReadStart                        build/stm32f3xx_hal_tim.o
HAL_TIM_DMABurst_ReadStop                         build/stm32f3xx_hal_tim.o
HAL_TIM_DMABurst_WriteStart                       build/stm32f3xx_hal_tim.o
HAL_TIM_DMABurst_WriteStop                        build/stm32f3xx_hal_tim.o
HAL_TIM_Encoder_DeInit                            build/stm32f3xx_hal_tim.o
HAL_TIM_Encoder_GetState                          build/stm32f3xx_hal_tim.o
HAL_TIM_Encoder_Init                              build/stm32f3xx_hal_tim.o
HAL_TIM_Encoder_MspDeInit                         build/stm32f3xx_hal_tim.o
HAL_TIM_Encoder_MspInit                           build/stm32f3xx_hal_tim.o
HAL_TIM_Encoder_Start                             build/stm32f3xx_hal_tim.o
HAL_TIM_Encoder_Start_DMA                         build/stm32f3xx_hal_tim.o
HAL_TIM_Encoder_Start_IT                          build/stm32f3xx_hal_tim.o
HAL_TIM_Encoder_Stop                              build/stm32f3xx_hal_tim.o
HAL_TIM_Encoder_Stop_DMA                          build/stm32f3xx_hal_tim.o
HAL_TIM_Encoder_Stop_IT                           build/stm32f3xx_hal_tim.o
HAL_TIM_ErrorCallback                             build/stm32f3xx_hal_tim.o
                                                  build/stm32f3xx_hal_tim_ex.o
HAL_TIM_GenerateEvent                             build/stm32f3xx_hal_tim.o
HAL_TIM_GetActiveChannel                          build/stm32f3xx_hal_tim.o
HAL_TIM_GetChannelState                           build/stm32f3xx_hal_tim.o
HAL_TIM_IC_CaptureCallback                        build/stm32f3xx_hal_tim.o
HAL_TIM_IC_CaptureHalfCpltCallback                build/stm32f3xx_hal_tim.o
HAL_TIM_IC_ConfigChannel                          build/stm32f3xx_hal_tim.o
HAL_TIM_IC_DeInit                                 build/stm32f3xx_hal_tim.o
HAL_TIM_IC_GetState                               build/stm32f3xx_hal_tim.o
HAL_TIM_IC_Init                                   build/stm32f3xx_hal_tim.o
HAL_TIM_IC_MspDeInit                              build/stm32f3xx_hal_tim.o
HAL_TIM_IC_MspInit                                build/stm32f3xx_hal_tim.o
HAL_TIM_IC_Start                                  build/stm32f3xx_hal_tim.o
HAL_TIM_IC_Start_DMA                              build/stm32f3xx_hal_tim.o
HAL_TIM_IC_Start_IT                               build/stm32f3xx_hal_tim.o
HAL_TIM_IC_Stop                                   build/stm32f3xx_hal_tim.o
HAL_TIM_IC_Stop_DMA                               build/stm32f3xx_hal_tim.o
HAL_TIM_IC_Stop_IT                                build/stm32f3xx_hal_tim.o
HAL_TIM_IRQHandler                                build/stm32f3xx_hal_tim.o
                                                  build/stm32f3xx_it.o
HAL_TIM_MspPostInit                               build/stm32f3xx_hal_msp.o
HAL_TIM_OC_ConfigChannel                          build/stm32f3xx_hal_tim.o
HAL_TIM_OC_DeInit                                 build/stm32f3xx_hal_tim.o
HAL_TIM_OC_DelayElapsedCallback                   build/stm32f3xx_hal_tim.o
HAL_TIM_OC_GetState                               build/stm32f3xx_hal_tim.o
HAL_TIM_OC_Init                                   build/stm32f3xx_hal_tim.o
HAL_TIM_OC_MspDeInit                              build/stm32f3xx_hal_tim.o
HAL_TIM_OC_MspInit                                build/stm32f3xx_hal_tim.o
HAL_TIM_OC_Start                                  build/stm32f3xx_hal_tim.o
HAL_TIM_OC_Start_DMA                              build/stm32f3xx_hal_tim.o
HAL_TIM_OC_Start_IT                               build/stm32f3xx_hal_tim.o
HAL_TIM_OC_Stop                                   build/stm32f3xx_hal_tim.o
HAL_TIM_OC_Stop_DMA                               build/stm32f3xx_hal_tim.o
HAL_TIM_OC_Stop_IT                                build/stm32f3xx_hal_tim.o
HAL_TIM_OnePulse_ConfigChannel                    build/stm32f3xx_hal_tim.o