Archive member included to satisfy reference by file (symbol)

/Applications/STM32CubeIDE.app/Contents/Eclipse/plugins/com.st.stm32cube.ide.mcu.externaltools.gnu-tools-for-stm32.7-2018-q2-update.macos64_1.0.0.201904181610/tools/bin/../lib/gcc/arm-none-eabi/7.3.1/../../../../arm-none-eabi/lib/thumb/v7e-m/fpv4-sp/hard/libc_nano.a(lib_a-exit.o)
                              /Applications/STM32CubeIDE.app/Contents/Eclipse/plugins/com.st.stm32cube.ide.mcu.externaltools.gnu-tools-for-stm32.7-2018-q2-update.macos64_1.0.0.201904181610/tools/bin/../lib/gcc/arm-none-eabi/7.3.1/../../../../arm-none-eabi/lib/thumb/v7e-m/fpv4-sp/hard/crt0.o (exit)
/Applications/STM32CubeIDE.app/Contents/Eclipse/plugins/com.st.stm32cube.ide.mcu.externaltools.gnu-tools-for-stm32.7-2018-q2-update.macos64_1.0.0.201904181610/tools/bin/../lib/gcc/arm-none-eabi/7.3.1/../../../../arm-none-eabi/lib/thumb/v7e-m/fpv4-sp/hard/libc_nano.a(lib_a-impure.o)
                              /Applications/STM32CubeIDE.app/Contents/Eclipse/plugins/com.st.stm32cube.ide.mcu.externaltools.gnu-tools-for-stm32.7-2018-q2-update.macos64_1.0.0.201904181610/tools/bin/../lib/gcc/arm-none-eabi/7.3.1/../../../../arm-none-eabi/lib/thumb/v7e-m/fpv4-sp/hard/libc_nano.a(lib_a-exit.o) (_global_impure_ptr)
/Applications/STM32CubeIDE.app/Contents/Eclipse/plugins/com.st.stm32cube.ide.mcu.externaltools.gnu-tools-for-stm32.7-2018-q2-update.macos64_1.0.0.201904181610/tools/bin/../lib/gcc/arm-none-eabi/7.3.1/../../../../arm-none-eabi/lib/thumb/v7e-m/fpv4-sp/hard/libc_nano.a(lib_a-init.o)
                              /Applications/STM32CubeIDE.app/Contents/Eclipse/plugins/com.st.stm32cube.ide.mcu.externaltools.gnu-tools-for-stm32.7-2018-q2-update.macos64_1.0.0.201904181610/tools/bin/../lib/gcc/arm-none-eabi/7.3.1/../../../../arm-none-eabi/lib/thumb/v7e-m/fpv4-sp/hard/crt0.o (__libc_init_array)
/Applications/STM32CubeIDE.app/Contents/Eclipse/plugins/com.st.stm32cube.ide.mcu.externaltools.gnu-tools-for-stm32.7-2018-q2-update.macos64_1.0.0.201904181610/tools/bin/../lib/gcc/arm-none-eabi/7.3.1/../../../../arm-none-eabi/lib/thumb/v7e-m/fpv4-sp/hard/libc_nano.a(lib_a-memset.o)
                              /Applications/STM32CubeIDE.app/Contents/Eclipse/plugins/com.st.stm32cube.ide.mcu.externaltools.gnu-tools-for-stm32.7-2018-q2-update.macos64_1.0.0.201904181610/tools/bin/../lib/gcc/arm-none-eabi/7.3.1/../../../../arm-none-eabi/lib/thumb/v7e-m/fpv4-sp/hard/crt0.o (memset)
/Applications/STM32CubeIDE.app/Contents/Eclipse/plugins/com.st.stm32cube.ide.mcu.externaltools.gnu-tools-for-stm32.7-2018-q2-update.macos64_1.0.0.201904181610/tools/bin/../lib/gcc/arm-none-eabi/7.3.1/../../../../arm-none-eabi/lib/thumb/v7e-m/fpv4-sp/hard/libnosys.a(_exit.o)
                              /Applications/STM32CubeIDE.app/Contents/Eclipse/plugins/com.st.stm32cube.ide.mcu.externaltools.gnu-tools-for-stm32.7-2018-q2-update.macos64_1.0.0.201904181610/tools/bin/../lib/gcc/arm-none-eabi/7.3.1/../../../../arm-none-eabi/lib/thumb/v7e-m/fpv4-sp/hard/libc_nano.a(lib_a-exit.o) (_exit)

Allocating common symbols
Common symbol       size              file

uwTick              0x4               lib/STM32F3xx_HAL_Driver/Src/stm32f3xx_hal.o
pFlash              0x20              lib/STM32F3xx_HAL_Driver/Src/stm32f3xx_hal_flash.o
USB_Rx_Buffer       0x40              usbd_bulk.o
hpcd_USB_FS         0x3a8             usbd_conf.o
USBD_StrDesc        0x200             usbd_desc.o

Discarded input sections

 .text          0x0000000000000000        0x0 /Applications/STM32CubeIDE.app/Contents/Eclipse/plugins/com.st.stm32cube.ide.mcu.externaltools.gnu-tools-for-stm32.7-2018-q2-update.macos64_1.0.0.201904181610/tools/bin/../lib/gcc/arm-none-eabi/7.3.1/thumb/v7e-m/fpv4-sp/hard/crti.o
 .data          0x0000000000000000        0x0 /Applications/STM32CubeIDE.app/Contents/Eclipse/plugins/com.st.stm32cube.ide.mcu.externaltools.gnu-tools-for-stm32.7-2018-q2-update.macos64_1.0.0.201904181610/tools/bin/../lib/gcc/arm-none-eabi/7.3.1/thumb/v7e-m/fpv4-sp/hard/crti.o
 .bss           0x0000000000000000        0x0 /Applications/STM32CubeIDE.app/Contents/Eclipse/plugins/com.st.stm32cube.ide.mcu.externaltools.gnu-tools-for-stm32.7-2018-q2-update.macos64_1.0.0.201904181610/tools/bin/../lib/gcc/arm-none-eabi/7.3.1/thumb/v7e-m/fpv4-sp/hard/crti.o
 .data          0x0000000000000000        0x4 /Applications/STM32CubeIDE.app/Contents/Eclipse/plugins/com.st.stm32cube.ide.mcu.externaltools.gnu-tools-for-stm32.7-2018-q2-update.macos64_1.0.0.201904181610/tools/bin/../lib/gcc/arm-none-eabi/7.3.1/thumb/v7e-m/fpv4-sp/hard/crtbegin.o
 .text          0x0000000000000000       0x74 /Applications/STM32CubeIDE.app/Contents/Eclipse/plugins/com.st.stm32cube.ide.mcu.externaltools.gnu-tools-for-stm32.7-2018-q2-update.macos64_1.0.0.201904181610/tools/bin/../lib/gcc/arm-none-eabi/7.3.1/../../../../arm-none-eabi/lib/thumb/v7e-m/fpv4-sp/hard/crt0.o
[...]
Memory Configuration

Name             Origin             Length             Attributes
FLASH            0x0000000008000000 0x0000000000004000 xr
RAM              0x0000000020000000 0x000000000000a000 xrw
MEMORY_B1        0x0000000060000000 0x0000000000000000 xr
CCMRAM           0x0000000010000000 0x0000000000002000 rw
*default*        0x0000000000000000 0xffffffffffffffff

Linker script and memory map

LOAD /Applications/STM32CubeIDE.app/Contents/Eclipse/plugins/com.st.stm32cube.ide.mcu.externaltools.gnu-tools-for-stm32.7-2018-q2-update.macos64_1.0.0.201904181610/tools/bin/../lib/gcc/arm-none-eabi/7.3.1/thumb/v7e-m/fpv4-sp/hard/crti.o
LOAD /Applications/STM32CubeIDE.app/Contents/Eclipse/plugins/com.st.stm32cube.ide.mcu.externaltools.gnu-tools-for-stm32.7-2018-q2-update.macos64_1.0.0.201904181610/tools/bin/../lib/gcc/arm-none-eabi/7.3.1/thumb/v7e-m/fpv4-sp/hard/crtbegin.o
LOAD /Applications/STM32CubeIDE.app/Contents/Eclipse/plugins/com.st.stm32cube.ide.mcu.externaltools.gnu-tools-for-stm32.7-2018-q2-update.macos64_1.0.0.201904181610/tools/bin/../lib/gcc/arm-none-eabi/7.3.1/../../../../arm-none-eabi/lib/thumb/v7e-m/fpv4-sp/hard/crt0.o
LOAD core/ARMCM4_STM32F3/GCC/cpu_comp.o
LOAD core/ARMCM4_STM32F3/can.o
LOAD core/ARMCM4_STM32F3/cpu.o
LOAD core/ARMCM4_STM32F3/flash.o
LOAD core/ARMCM4_STM32F3/nvm.o
LOAD core/ARMCM4_STM32F3/timer.o
LOAD core/ARMCM4_STM32F3/uart.o
LOAD core/ARMCM4_STM32F3/usb.o
LOAD core/assert.o
LOAD core/backdoor.o
LOAD core/boot.o
LOAD core/com.o
LOAD core/cop.o
LOAD core/file.o
LOAD core/net.o
LOAD core/xcp.o
LOAD hooks.o
LOAD led.o
LOAD main.o
LOAD startup_stm32f303xc.o
LOAD usbd_bulk.o
LOAD usbd_conf.o
LOAD usbd_desc.o
LOAD lib/STM32F3xx_HAL_Driver/Src/stm32f3xx_hal.o
LOAD lib/STM32F3xx_HAL_Driver/Src/stm32f3xx_hal_can.o
LOAD lib/STM32F3xx_HAL_Driver/Src/stm32f3xx_hal_cortex.o
LOAD lib/STM32F3xx_HAL_Driver/Src/stm32f3xx_hal_dma.o
LOAD lib/STM32F3xx_HAL_Driver/Src/stm32f3xx_hal_flash.o
LOAD lib/STM32F3xx_HAL_Driver/Src/stm32f3xx_hal_flash_ex.o
LOAD lib/STM32F3xx_HAL_Driver/Src/stm32f3xx_hal_gpio.o
LOAD lib/STM32F3xx_HAL_Driver/Src/stm32f3xx_hal_i2c.o
LOAD lib/STM32F3xx_HAL_Driver/Src/stm32f3xx_hal_i2c_ex.o
LOAD lib/STM32F3xx_HAL_Driver/Src/stm32f3xx_hal_pcd.o
LOAD lib/STM32F3xx_HAL_Driver/Src/stm32f3xx_hal_pcd_ex.o
LOAD lib/STM32F3xx_HAL_Driver/Src/stm32f3xx_hal_pwr.o
LOAD lib/STM32F3xx_HAL_Driver/Src/stm32f3xx_hal_pwr_ex.o
LOAD lib/STM32F3xx_HAL_Driver/Src/stm32f3xx_hal_rcc.o
LOAD lib/STM32F3xx_HAL_Driver/Src/stm32f3xx_hal_rcc_ex.o
LOAD lib/STM32F3xx_HAL_Driver/Src/stm32f3xx_hal_tim.o
LOAD lib/STM32F3xx_HAL_Driver/Src/stm32f3xx_hal_tim_ex.o
LOAD lib/STM32F3xx_HAL_Driver/Src/stm32f3xx_ll_dma.o
LOAD lib/STM32F3xx_HAL_Driver/Src/stm32f3xx_ll_exti.o
LOAD lib/STM32F3xx_HAL_Driver/Src/stm32f3xx_ll_gpio.o
LOAD lib/STM32F3xx_HAL_Driver/Src/stm32f3xx_ll_rcc.o
LOAD lib/STM32F3xx_HAL_Driver/Src/stm32f3xx_ll_usart.o
LOAD lib/STM32F3xx_HAL_Driver/Src/stm32f3xx_ll_utils.o
LOAD lib/STM32_USB_Device_Library/Core/Src/usbd_core.o
LOAD lib/STM32_USB_Device_Library/Core/Src/usbd_ctlreq.o
LOAD lib/STM32_USB_Device_Library/Core/Src/usbd_ioreq.o
LOAD lib/system_stm32f3xx.o
START GROUP
LOAD /Applications/STM32CubeIDE.app/Contents/Eclipse/plugins/com.st.stm32cube.ide.mcu.externaltools.gnu-tools-for-stm32.7-2018-q2-update.macos64_1.0.0.201904181610/tools/bin/../lib/gcc/arm-none-eabi/7.3.1/../../../../arm-none-eabi/lib/thumb/v7e-m/fpv4-sp/hard/libc_nano.a
LOAD /Applications/STM32CubeIDE.app/Contents/Eclipse/plugins/com.st.stm32cube.ide.mcu.externaltools.gnu-tools-for-stm32.7-2018-q2-update.macos64_1.0.0.201904181610/tools/bin/../lib/gcc/arm-none-eabi/7.3.1/../../../../arm-none-eabi/lib/thumb/v7e-m/fpv4-sp/hard/libm.a
END GROUP
START GROUP
LOAD /Applications/STM32CubeIDE.app/Contents/Eclipse/plugins/com.st.stm32cube.ide.mcu.externaltools.gnu-tools-for-stm32.7-2018-q2-update.macos64_1.0.0.201904181610/tools/bin/../lib/gcc/arm-none-eabi/7.3.1/thumb/v7e-m/fpv4-sp/hard/libgcc.a
LOAD /Applications/STM32CubeIDE.app/Contents/Eclipse/plugins/com.st.stm32cube.ide.mcu.externaltools.gnu-tools-for-stm32.7-2018-q2-update.macos64_1.0.0.201904181610/tools/bin/../lib/gcc/arm-none-eabi/7.3.1/../../../../arm-none-eabi/lib/thumb/v7e-m/fpv4-sp/hard/libc_nano.a
END GROUP
START GROUP
LOAD /Applications/STM32CubeIDE.app/Contents/Eclipse/plugins/com.st.stm32cube.ide.mcu.externaltools.gnu-tools-for-stm32.7-2018-q2-update.macos64_1.0.0.201904181610/tools/bin/../lib/gcc/arm-none-eabi/7.3.1/thumb/v7e-m/fpv4-sp/hard/libgcc.a
LOAD /Applications/STM32CubeIDE.app/Contents/Eclipse/plugins/com.st.stm32cube.ide.mcu.externaltools.gnu-tools-for-stm32.7-2018-q2-update.macos64_1.0.0.201904181610/tools/bin/../lib/gcc/arm-none-eabi/7.3.1/../../../../arm-none-eabi/lib/thumb/v7e-m/fpv4-sp/hard/libc_nano.a
LOAD /Applications/STM32CubeIDE.app/Contents/Eclipse/plugins/com.st.stm32cube.ide.mcu.externaltools.gnu-tools-for-stm32.7-2018-q2-update.macos64_1.0.0.201904181610/tools/bin/../lib/gcc/arm-none-eabi/7.3.1/../../../../arm-none-eabi/lib/thumb/v7e-m/fpv4-sp/hard/libnosys.a
END GROUP
START GROUP
LOAD /Applications/STM32CubeIDE.app/Contents/Eclipse/plugins/com.st.stm32cube.ide.mcu.externaltools.gnu-tools-for-stm32.7-2018-q2-update.macos64_1.0.0.201904181610/tools/bin/../lib/gcc/arm-none-eabi/7.3.1/thumb/v7e-m/fpv4-sp/hard/libgcc.a
LOAD /Applications/STM32CubeIDE.app/Contents/Eclipse/plugins/com.st.stm32cube.ide.mcu.externaltools.gnu-tools-for-stm32.7-2018-q2-update.macos64_1.0.0.201904181610/tools/bin/../lib/gcc/arm-none-eabi/7.3.1/../../../../arm-none-eabi/lib/thumb/v7e-m/fpv4-sp/hard/libc_nano.a
LOAD /Applications/STM32CubeIDE.app/Contents/Eclipse/plugins/com.st.stm32cube.ide.mcu.externaltools.gnu-tools-for-stm32.7-2018-q2-update.macos64_1.0.0.201904181610/tools/bin/../lib/gcc/arm-none-eabi/7.3.1/../../../../arm-none-eabi/lib/thumb/v7e-m/fpv4-sp/hard/libnosys.a
END GROUP
LOAD /Applications/STM32CubeIDE.app/Contents/Eclipse/plugins/com.st.stm32cube.ide.mcu.externaltools.gnu-tools-for-stm32.7-2018-q2-update.macos64_1.0.0.201904181610/tools/bin/../lib/gcc/arm-none-eabi/7.3.1/thumb/v7e-m/fpv4-sp/hard/crtend.o
LOAD /Applications/STM32CubeIDE.app/Contents/Eclipse/plugins/com.st.stm32cube.ide.mcu.externaltools.gnu-tools-for-stm32.7-2018-q2-update.macos64_1.0.0.201904181610/tools/bin/../lib/gcc/arm-none-eabi/7.3.1/thumb/v7e-m/fpv4-sp/hard/crtn.o
                0x000000002000a000                _estack = 0x2000a000
                0x0000000000000800                _Min_Heap_Size = 0x800
                0x0000000000000800                _Min_Stack_Size = 0x800

.isr_vector     0x0000000008000000      0x188
                0x0000000008000000                . = ALIGN (0x4)
 *(.isr_vector)
 .isr_vector    0x0000000008000000      0x188 startup_stm32f303xc.o
                0x0000000008000000                g_pfnVectors
                0x0000000008000188                . = ALIGN (0x4)

.text           0x0000000008000188     0x1cf0
                0x0000000008000188                . = ALIGN (0x4)
 *(.text)
 .text          0x0000000008000188       0x40 /Applications/STM32CubeIDE.app/Contents/Eclipse/plugins/com.st.stm32cube.ide.mcu.externaltools.gnu-tools-for-stm32.7-2018-q2-update.macos64_1.0.0.201904181610/tools/bin/../lib/gcc/arm-none-eabi/7.3.1/thumb/v7e-m/fpv4-sp/hard/crtbegin.o
 *(.text*)
 .text.CpuIrqDisable
                0x00000000080001c8        0x4 core/ARMCM4_STM32F3/GCC/cpu_comp.o
                0x00000000080001c8                CpuIrqDisable
 .text.CpuIrqEnable
                0x00000000080001cc        0x4 core/ARMCM4_STM32F3/GCC/cpu_comp.o
                0x00000000080001cc                CpuIrqEnable
 .text.CanGetSpeedConfig
                0x00000000080001d0       0x78 core/ARMCM4_STM32F3/can.o
 .text.CanInit  0x0000000008000248       0xb4 core/ARMCM4_STM32F3/can.o
                0x0000000008000248                CanInit
 .text.CanTransmitPacket
                0x00000000080002fc       0x3c core/ARMCM4_STM32F3/can.o
                0x00000000080002fc                CanTransmitPacket
 .text.CanReceivePacket
                0x0000000008000338       0x4c core/ARMCM4_STM32F3/can.o
                0x0000000008000338                CanReceivePacket
 .text.CpuInit  0x0000000008000384        0x8 core/ARMCM4_STM32F3/cpu.o
                0x0000000008000384                CpuInit
 .text.CpuStartUserProgram
                0x000000000800038c       0x38 core/ARMCM4_STM32F3/cpu.o
                0x000000000800038c                CpuStartUserProgram
 .text.CpuMemCopy
                0x00000000080003c4       0x20 core/ARMCM4_STM32F3/cpu.o
                0x00000000080003c4                CpuMemCopy
 .text.FlashInitBlock
                0x00000000080003e4       0x26 core/ARMCM4_STM32F3/flash.o
 .text.FlashWriteBlock
                0x000000000800040a       0x4e core/ARMCM4_STM32F3/flash.o
 .text.FlashSwitchBlock
                0x0000000008000458       0x44 core/ARMCM4_STM32F3/flash.o
 .text.FlashAddToBlock
                0x000000000800049c       0x84 core/ARMCM4_STM32F3/flash.o
 .text.FlashInit
                0x0000000008000520       0x18 core/ARMCM4_STM32F3/flash.o
                0x0000000008000520                FlashInit
 .text.FlashWrite
                0x0000000008000538       0x60 core/ARMCM4_STM32F3/flash.o
                0x0000000008000538                FlashWrite
 .text.FlashErase
                0x0000000008000598       0x90 core/ARMCM4_STM32F3/flash.o
                0x0000000008000598                FlashErase
 .text.FlashWriteChecksum
                0x0000000008000628       0x4c core/ARMCM4_STM32F3/flash.o
                0x0000000008000628                FlashWriteChecksum
 .text.FlashVerifyChecksum
                0x0000000008000674       0x58 core/ARMCM4_STM32F3/flash.o
                0x0000000008000674                FlashVerifyChecksum
 .text.FlashDone
                0x00000000080006cc       0x40 core/ARMCM4_STM32F3/flash.o
                0x00000000080006cc                FlashDone
 .text.FlashGetUserProgBaseAddress
                0x000000000800070c        0x8 core/ARMCM4_STM32F3/flash.o
                0x000000000800070c                FlashGetUserProgBaseAddress
 .text.NvmInit  0x0000000008000714        0x8 core/ARMCM4_STM32F3/nvm.o
                0x0000000008000714                NvmInit
 .text.NvmWrite
                0x000000000800071c        0x8 core/ARMCM4_STM32F3/nvm.o
                0x000000000800071c                NvmWrite
 .text.NvmErase
                0x0000000008000724        0x8 core/ARMCM4_STM32F3/nvm.o
                0x0000000008000724                NvmErase
 .text.NvmVerifyChecksum
                0x000000000800072c        0x8 core/ARMCM4_STM32F3/nvm.o
                0x000000000800072c                NvmVerifyChecksum
 .text.NvmGetUserProgBaseAddress
                0x0000000008000734        0x8 core/ARMCM4_STM32F3/nvm.o
                0x0000000008000734                NvmGetUserProgBaseAddress
 .text.NvmDone  0x000000000800073c       0x16 core/ARMCM4_STM32F3/nvm.o
                0x000000000800073c                NvmDone
 *fill*         0x0000000008000752        0x2 
 .text.TimerReset
                0x0000000008000754        0xc core/ARMCM4_STM32F3/timer.o
                0x0000000008000754                TimerReset
 .text.TimerInit
                0x0000000008000760       0x24 core/ARMCM4_STM32F3/timer.o
                0x0000000008000760                TimerInit
 .text.TimerUpdate
                0x0000000008000784       0x1c core/ARMCM4_STM32F3/timer.o
                0x0000000008000784                TimerUpdate
 .text.TimerGet
                0x00000000080007a0       0x10 core/ARMCM4_STM32F3/timer.o
                0x00000000080007a0                TimerGet
 .text.HAL_GetTick
                0x00000000080007b0        0x8 core/ARMCM4_STM32F3/timer.o
                0x00000000080007b0                HAL_GetTick
 .text.SysTick_Handler
                0x00000000080007b8        0x2 core/ARMCM4_STM32F3/timer.o
                0x00000000080007b8                SysTick_Handler
 .text.AssertFailure
                0x00000000080007ba        0x8 core/assert.o
                0x00000000080007ba                AssertFailure
 *fill*         0x00000000080007c2        0x2 
 .text.BackDoorCheck
                0x00000000080007c4       0x44 core/backdoor.o
                0x00000000080007c4                BackDoorCheck
 .text.BackDoorRestartTimer
                0x0000000008000808       0x20 core/backdoor.o
                0x0000000008000808                BackDoorRestartTimer
 .text.BackDoorInit
                0x0000000008000828       0x18 core/backdoor.o
                0x0000000008000828                BackDoorInit
 .text.BootInit
                0x0000000008000840       0x1c core/boot.o
                0x0000000008000840                BootInit
 .text.BootTask
                0x000000000800085c       0x14 core/boot.o
                0x000000000800085c                BootTask
 .text.ComInit  0x0000000008000870       0x18 core/com.o
                0x0000000008000870                ComInit
 .text.ComTask  0x0000000008000888       0x34 core/com.o
                0x0000000008000888                ComTask
 .text.ComFree  0x00000000080008bc        0x2 core/com.o
                0x00000000080008bc                ComFree
 *fill*         0x00000000080008be        0x2 
 .text.ComTransmitPacket
                0x00000000080008c0       0x1c core/com.o
                0x00000000080008c0                ComTransmitPacket
 .text.ComGetActiveInterfaceMaxRxLen
                0x00000000080008dc       0x24 core/com.o
                0x00000000080008dc                ComGetActiveInterfaceMaxRxLen
 .text.ComGetActiveInterfaceMaxTxLen
                0x0000000008000900       0x24 core/com.o
                0x0000000008000900                ComGetActiveInterfaceMaxTxLen
 .text.ComIsConnected
                0x0000000008000924       0x10 core/com.o
                0x0000000008000924                ComIsConnected
 .text.CopInit  0x0000000008000934        0x8 core/cop.o
                0x0000000008000934                CopInit
 .text.CopService
                0x000000000800093c        0x8 core/cop.o
                0x000000000800093c                CopService
 .text.XcpProtectResources
                0x0000000008000944        0xc core/xcp.o
 .text.XcpSetCtoError
                0x0000000008000950       0x14 core/xcp.o
 .text.XcpCmdDisconnect
                0x0000000008000964       0x1c core/xcp.o
 .text.XcpCmdGetStatus
                0x0000000008000980       0x20 core/xcp.o
 .text.XcpCmdSynch
                0x00000000080009a0        0xa core/xcp.o
 *fill*         0x00000000080009aa        0x2 
 .text.XcpCmdGetId
                0x00000000080009ac       0x28 core/xcp.o
 .text.XcpCmdSetMta
                0x00000000080009d4       0x18 core/xcp.o
 .text.XcpCmdProgramPrepare
                0x00000000080009ec        0xa core/xcp.o
 *fill*         0x00000000080009f6        0x2 
 .text.XcpCmdProgramStart
                0x00000000080009f8       0x28 core/xcp.o
 .text.XcpCmdConnect
                0x0000000008000a20       0x44 core/xcp.o
 .text.XcpCmdUpload
                0x0000000008000a64       0x40 core/xcp.o
 .text.XcpCmdShortUpload
                0x0000000008000aa4       0x40 core/xcp.o
 .text.XcpComputeChecksum
                0x0000000008000ae4       0x24 core/xcp.o
 .text.XcpCmdBuildCheckSum
                0x0000000008000b08       0x28 core/xcp.o
 .text.XcpCmdProgramMax
                0x0000000008000b30       0x40 core/xcp.o
 .text.XcpCmdProgram
                0x0000000008000b70       0x5c core/xcp.o
 .text.XcpCmdProgramClear
                0x0000000008000bcc       0x28 core/xcp.o
 .text.XcpCmdProgramReset
                0x0000000008000bf4       0x18 core/xcp.o
 .text.XcpTransmitPacket
                0x0000000008000c0c        0xa core/xcp.o
 *fill*         0x0000000008000c16        0x2 
 .text.XcpInit  0x0000000008000c18       0x1c core/xcp.o
                0x0000000008000c18                XcpInit
 .text.XcpIsConnected
                0x0000000008000c34       0x14 core/xcp.o
                0x0000000008000c34                XcpIsConnected
 .text.XcpPacketTransmitted
                0x0000000008000c48       0x10 core/xcp.o
                0x0000000008000c48                XcpPacketTransmitted
 .text.XcpPacketReceived
                0x0000000008000c58       0xe4 core/xcp.o
                0x0000000008000c58                XcpPacketReceived
 .text.CopInitHook
                0x0000000008000d3c        0xa hooks.o
                0x0000000008000d3c                CopInitHook
 .text.CopServiceHook
                0x0000000008000d46        0x8 hooks.o
                0x0000000008000d46                CopServiceHook
 *fill*         0x0000000008000d4e        0x2 
 .text.LedBlinkInit
                0x0000000008000d50        0xc led.o
                0x0000000008000d50                LedBlinkInit
 .text.LedBlinkTask
                0x0000000008000d5c       0x50 led.o
                0x0000000008000d5c                LedBlinkTask
 .text.SystemClock_Config
                0x0000000008000dac       0xe4 main.o
 .text.Init     0x0000000008000e90        0xc main.o
 .text.main     0x0000000008000e9c       0x10 main.o
                0x0000000008000e9c                main
 .text.HAL_MspInit
                0x0000000008000eac       0xb8 main.o
                0x0000000008000eac                HAL_MspInit
 .text.HAL_MspDeInit
                0x0000000008000f64       0x4c main.o
                0x0000000008000f64                HAL_MspDeInit
 .text.Reset_Handler
                0x0000000008000fb0       0x50 startup_stm32f303xc.o
                0x0000000008000fb0                Reset_Handler
 .text.Default_Handler
                0x0000000008001000        0x2 startup_stm32f303xc.o
                0x0000000008001000                TIM1_BRK_TIM15_IRQHandler
                0x0000000008001000                TIM8_TRG_COM_IRQHandler
                0x0000000008001000                TIM8_CC_IRQHandler
                0x0000000008001000                DebugMon_Handler
                0x0000000008001000                TIM1_CC_IRQHandler
                0x0000000008001000                HardFault_Handler
                0x0000000008001000                USB_HP_IRQHandler
                0x0000000008001000                PVD_IRQHandler
                0x0000000008001000                TAMP_STAMP_IRQHandler
                0x0000000008001000                PendSV_Handler
                0x0000000008001000                NMI_Handler
                0x0000000008001000                EXTI3_IRQHandler
                0x0000000008001000                USB_HP_CAN_TX_IRQHandler
                0x0000000008001000                EXTI0_IRQHandler
                0x0000000008001000                I2C2_EV_IRQHandler
                0x0000000008001000                FPU_IRQHandler
                0x0000000008001000                TIM1_UP_TIM16_IRQHandler
                0x0000000008001000                UsageFault_Handler
                0x0000000008001000                ADC1_2_IRQHandler
                0x0000000008001000                SPI1_IRQHandler
                0x0000000008001000                CAN_SCE_IRQHandler
                0x0000000008001000                TIM6_DAC_IRQHandler
                0x0000000008001000                TIM8_UP_IRQHandler
                0x0000000008001000                DMA2_Channel2_IRQHandler
                0x0000000008001000                DMA1_Channel4_IRQHandler
                0x0000000008001000                USART3_IRQHandler
                0x0000000008001000                DMA1_Channel7_IRQHandler
                0x0000000008001000                UART5_IRQHandler
                0x0000000008001000                ADC3_IRQHandler
                0x0000000008001000                TIM4_IRQHandler
                0x0000000008001000                CAN_RX1_IRQHandler
                0x0000000008001000                DMA2_Channel1_IRQHandler
                0x0000000008001000                I2C1_EV_IRQHandler
                0x0000000008001000                DMA1_Channel6_IRQHandler
                0x0000000008001000                UART4_IRQHandler
                0x0000000008001000                DMA2_Channel4_IRQHandler
                0x0000000008001000                TIM3_IRQHandler
                0x0000000008001000                RCC_IRQHandler
                0x0000000008001000                DMA1_Channel1_IRQHandler
                0x0000000008001000                Default_Handler
                0x0000000008001000                USBWakeUp_RMP_IRQHandler
                0x0000000008001000                EXTI15_10_IRQHandler
                0x0000000008001000                TIM7_IRQHandler
                0x0000000008001000                EXTI9_5_IRQHandler
                0x0000000008001000                RTC_WKUP_IRQHandler
                0x0000000008001000                SPI2_IRQHandler
                0x0000000008001000                USB_LP_CAN_RX0_IRQHandler
                0x0000000008001000                MemManage_Handler
                0x0000000008001000                SVC_Handler
                0x0000000008001000                DMA2_Channel5_IRQHandler
                0x0000000008001000                DMA1_Channel5_IRQHandler
                0x0000000008001000                USB_LP_IRQHandler
                0x0000000008001000                EXTI4_IRQHandler
                0x0000000008001000                TIM1_TRG_COM_TIM17_IRQHandler
                0x0000000008001000                DMA1_Channel3_IRQHandler
                0x0000000008001000                ADC4_IRQHandler
                0x0000000008001000                WWDG_IRQHandler
                0x0000000008001000                TIM2_IRQHandler
                0x0000000008001000                COMP7_IRQHandler
                0x0000000008001000                COMP1_2_3_IRQHandler
                0x0000000008001000                EXTI1_IRQHandler
                0x0000000008001000                USART2_IRQHandler
                0x0000000008001000                COMP4_5_6_IRQHandler
                0x0000000008001000                I2C2_ER_IRQHandler
                0x0000000008001000                DMA1_Channel2_IRQHandler
                0x0000000008001000                TIM8_BRK_IRQHandler
                0x0000000008001000                FLASH_IRQHandler
                0x0000000008001000                BusFault_Handler
                0x0000000008001000                USART1_IRQHandler
                0x0000000008001000                SPI3_IRQHandler
                0x0000000008001000                I2C1_ER_IRQHandler
                0x0000000008001000                USBWakeUp_IRQHandler
                0x0000000008001000                DMA2_Channel3_IRQHandler
                0x0000000008001000                EXTI2_TSC_IRQHandler
                0x0000000008001000                RTC_Alarm_IRQHandler
 *fill*         0x0000000008001002        0x2 
 .text.HAL_DeInit
                0x0000000008001004       0x24 lib/STM32F3xx_HAL_Driver/Src/stm32f3xx_hal.o
                0x0000000008001004                HAL_DeInit
 .text.HAL_InitTick
                0x0000000008001028       0x2c lib/STM32F3xx_HAL_Driver/Src/stm32f3xx_hal.o
                0x0000000008001028                HAL_InitTick
 .text.HAL_Init
                0x0000000008001054       0x24 lib/STM32F3xx_HAL_Driver/Src/stm32f3xx_hal.o
                0x0000000008001054                HAL_Init
 .text.HAL_CAN_ConfigFilter
                0x0000000008001078       0xfe lib/STM32F3xx_HAL_Driver/Src/stm32f3xx_hal_can.o
                0x0000000008001078                HAL_CAN_ConfigFilter
 .text.HAL_CAN_MspInit
                0x0000000008001176        0x2 lib/STM32F3xx_HAL_Driver/Src/stm32f3xx_hal_can.o
                0x0000000008001176                HAL_CAN_MspInit
 .text.HAL_CAN_Init
                0x0000000008001178      0x174 lib/STM32F3xx_HAL_Driver/Src/stm32f3xx_hal_can.o
                0x0000000008001178                HAL_CAN_Init
 .text.HAL_CAN_Transmit
                0x00000000080012ec      0x214 lib/STM32F3xx_HAL_Driver/Src/stm32f3xx_hal_can.o
                0x00000000080012ec                HAL_CAN_Transmit
 .text.HAL_CAN_Receive
                0x0000000008001500      0x280 lib/STM32F3xx_HAL_Driver/Src/stm32f3xx_hal_can.o
                0x0000000008001500                HAL_CAN_Receive
 .text.HAL_NVIC_SetPriorityGrouping
                0x0000000008001780       0x24 lib/STM32F3xx_HAL_Driver/Src/stm32f3xx_hal_cortex.o
                0x0000000008001780                HAL_NVIC_SetPriorityGrouping
 .text.HAL_NVIC_SetPriority
                0x00000000080017a4       0x68 lib/STM32F3xx_HAL_Driver/Src/stm32f3xx_hal_cortex.o
                0x00000000080017a4                HAL_NVIC_SetPriority
 .text.HAL_SYSTICK_Config
                0x000000000800180c       0x2c lib/STM32F3xx_HAL_Driver/Src/stm32f3xx_hal_cortex.o
                0x000000000800180c                HAL_SYSTICK_Config
 .text.FLASH_Program_HalfWord
                0x0000000008001838       0x1c lib/STM32F3xx_HAL_Driver/Src/stm32f3xx_hal_flash.o
 .text.FLASH_SetErrorCode
                0x0000000008001854       0x40 lib/STM32F3xx_HAL_Driver/Src/stm32f3xx_hal_flash.o
 .text.HAL_FLASH_Unlock
                0x0000000008001894       0x28 lib/STM32F3xx_HAL_Driver/Src/stm32f3xx_hal_flash.o
                0x0000000008001894                HAL_FLASH_Unlock
 .text.HAL_FLASH_Lock
                0x00000000080018bc       0x14 lib/STM32F3xx_HAL_Driver/Src/stm32f3xx_hal_flash.o
                0x00000000080018bc                HAL_FLASH_Lock
 .text.FLASH_WaitForLastOperation
                0x00000000080018d0       0x64 lib/STM32F3xx_HAL_Driver/Src/stm32f3xx_hal_flash.o
                0x00000000080018d0                FLASH_WaitForLastOperation
 .text.HAL_FLASH_Program
                0x0000000008001934       0x9c lib/STM32F3xx_HAL_Driver/Src/stm32f3xx_hal_flash.o
                0x0000000008001934                HAL_FLASH_Program
 .text.FLASH_MassErase
                0x00000000080019d0       0x24 lib/STM32F3xx_HAL_Driver/Src/stm32f3xx_hal_flash_ex.o
 .text.FLASH_PageErase
                0x00000000080019f4       0x24 lib/STM32F3xx_HAL_Driver/Src/stm32f3xx_hal_flash_ex.o
                0x00000000080019f4                FLASH_PageErase
 .text.HAL_FLASHEx_Erase
                0x0000000008001a18       0xa4 lib/STM32F3xx_HAL_Driver/Src/stm32f3xx_hal_flash_ex.o
                0x0000000008001a18                HAL_FLASHEx_Erase
 .text.LL_GPIO_DeInit
                0x0000000008001abc       0xe4 lib/STM32F3xx_HAL_Driver/Src/stm32f3xx_ll_gpio.o
                0x0000000008001abc                LL_GPIO_DeInit
 .text.LL_GPIO_Init
                0x0000000008001ba0      0x132 lib/STM32F3xx_HAL_Driver/Src/stm32f3xx_ll_gpio.o
                0x0000000008001ba0                LL_GPIO_Init
 *fill*         0x0000000008001cd2        0x2 
 .text.RCC_GetHCLKClockFreq
                0x0000000008001cd4       0x18 lib/STM32F3xx_HAL_Driver/Src/stm32f3xx_ll_rcc.o
                0x0000000008001cd4                RCC_GetHCLKClockFreq
 .text.RCC_GetPCLK1ClockFreq
                0x0000000008001cec       0x18 lib/STM32F3xx_HAL_Driver/Src/stm32f3xx_ll_rcc.o
                0x0000000008001cec                RCC_GetPCLK1ClockFreq
 .text.RCC_GetPCLK2ClockFreq
                0x0000000008001d04       0x18 lib/STM32F3xx_HAL_Driver/Src/stm32f3xx_ll_rcc.o
                0x0000000008001d04                RCC_GetPCLK2ClockFreq
 .text.RCC_PLL_GetFreqDomain_SYS
                0x0000000008001d1c       0x48 lib/STM32F3xx_HAL_Driver/Src/stm32f3xx_ll_rcc.o
                0x0000000008001d1c                RCC_PLL_GetFreqDomain_SYS
 .text.RCC_GetSystemClockFreq
                0x0000000008001d64       0x20 lib/STM32F3xx_HAL_Driver/Src/stm32f3xx_ll_rcc.o
                0x0000000008001d64                RCC_GetSystemClockFreq
 .text.LL_RCC_GetSystemClocksFreq
                0x0000000008001d84       0x20 lib/STM32F3xx_HAL_Driver/Src/stm32f3xx_ll_rcc.o
                0x0000000008001d84                LL_RCC_GetSystemClocksFreq
 .text.LL_SetSystemCoreClock
                0x0000000008001da4        0xc lib/STM32F3xx_HAL_Driver/Src/stm32f3xx_ll_utils.o
                0x0000000008001da4                LL_SetSystemCoreClock
 .text.SystemInit
                0x0000000008001db0       0x68 lib/system_stm32f3xx.o
                0x0000000008001db0                SystemInit
 .text.__libc_init_array
                0x0000000008001e18       0x48 /Applications/STM32CubeIDE.app/Contents/Eclipse/plugins/com.st.stm32cube.ide.mcu.externaltools.gnu-tools-for-stm32.7-2018-q2-update.macos64_1.0.0.201904181610/tools/bin/../lib/gcc/arm-none-eabi/7.3.1/../../../../arm-none-eabi/lib/thumb/v7e-m/fpv4-sp/hard/libc_nano.a(lib_a-init.o)
                0x0000000008001e18                __libc_init_array
 *(.glue_7)
 .glue_7        0x0000000008001e60        0x0 linker stubs
 *(.glue_7t)
 .glue_7t       0x0000000008001e60        0x0 linker stubs
 *(.eh_frame)
 .eh_frame      0x0000000008001e60        0x0 /Applications/STM32CubeIDE.app/Contents/Eclipse/plugins/com.st.stm32cube.ide.mcu.externaltools.gnu-tools-for-stm32.7-2018-q2-update.macos64_1.0.0.201904181610/tools/bin/../lib/gcc/arm-none-eabi/7.3.1/thumb/v7e-m/fpv4-sp/hard/crtbegin.o
 *(.init)
 .init          0x0000000008001e60        0x4 /Applications/STM32CubeIDE.app/Contents/Eclipse/plugins/com.st.stm32cube.ide.mcu.externaltools.gnu-tools-for-stm32.7-2018-q2-update.macos64_1.0.0.201904181610/tools/bin/../lib/gcc/arm-none-eabi/7.3.1/thumb/v7e-m/fpv4-sp/hard/crti.o
                0x0000000008001e60                _init
 .init          0x0000000008001e64        0x8 /Applications/STM32CubeIDE.app/Contents/Eclipse/plugins/com.st.stm32cube.ide.mcu.externaltools.gnu-tools-for-stm32.7-2018-q2-update.macos64_1.0.0.201904181610/tools/bin/../lib/gcc/arm-none-eabi/7.3.1/thumb/v7e-m/fpv4-sp/hard/crtn.o
 *(.fini)
 .fini          0x0000000008001e6c        0x4 /Applications/STM32CubeIDE.app/Contents/Eclipse/plugins/com.st.stm32cube.ide.mcu.externaltools.gnu-tools-for-stm32.7-2018-q2-update.macos64_1.0.0.201904181610/tools/bin/../lib/gcc/arm-none-eabi/7.3.1/thumb/v7e-m/fpv4-sp/hard/crti.o
                0x0000000008001e6c                _fini
 .fini          0x0000000008001e70        0x8 /Applications/STM32CubeIDE.app/Contents/Eclipse/plugins/com.st.stm32cube.ide.mcu.externaltools.gnu-tools-for-stm32.7-2018-q2-update.macos64_1.0.0.201904181610/tools/bin/../lib/gcc/arm-none-eabi/7.3.1/thumb/v7e-m/fpv4-sp/hard/crtn.o
                0x0000000008001e78                . = ALIGN (0x4)
                0x0000000008001e78                _etext = .

.vfp11_veneer   0x0000000008001e78        0x0
 .vfp11_veneer  0x0000000008001e78        0x0 linker stubs

.v4_bx          0x0000000008001e78        0x0
 .v4_bx         0x0000000008001e78        0x0 linker stubs

.iplt           0x0000000008001e78        0x0
 .iplt          0x0000000008001e78        0x0 /Applications/STM32CubeIDE.app/Contents/Eclipse/plugins/com.st.stm32cube.ide.mcu.externaltools.gnu-tools-for-stm32.7-2018-q2-update.macos64_1.0.0.201904181610/tools/bin/../lib/gcc/arm-none-eabi/7.3.1/thumb/v7e-m/fpv4-sp/hard/crtbegin.o

.rodata         0x0000000008001e78       0xc0
                0x0000000008001e78                . = ALIGN (0x4)
 *(.rodata)
 *(.rodata*)
 .rodata.CanInit.str1.4
                0x0000000008001e78       0x6d core/ARMCM4_STM32F3/can.o
 *fill*         0x0000000008001ee5        0x3 
 .rodata.canTiming
                0x0000000008001ee8       0x24 core/ARMCM4_STM32F3/can.o
 .rodata.xcpStationId
                0x0000000008001f0c        0x8 core/xcp.o
 .rodata.SystemClock_Config.str1.4
                0x0000000008001f14        0xc main.o
                                          0xa (size before relaxing)
 .rodata.AHBPrescTable
                0x0000000008001f20       0x10 lib/system_stm32f3xx.o
                0x0000000008001f20                AHBPrescTable
 .rodata.APBPrescTable
                0x0000000008001f30        0x8 lib/system_stm32f3xx.o
                0x0000000008001f30                APBPrescTable
                0x0000000008001f38                . = ALIGN (0x4)

.rel.dyn        0x0000000008001f38        0x0
 .rel.iplt      0x0000000008001f38        0x0 /Applications/STM32CubeIDE.app/Contents/Eclipse/plugins/com.st.stm32cube.ide.mcu.externaltools.gnu-tools-for-stm32.7-2018-q2-update.macos64_1.0.0.201904181610/tools/bin/../lib/gcc/arm-none-eabi/7.3.1/thumb/v7e-m/fpv4-sp/hard/crtbegin.o

.ARM.extab
 *(.ARM.extab* .gnu.linkonce.armextab.*)

.ARM            0x0000000008001f38        0x0
                0x0000000008001f38                __exidx_start = .
 *(.ARM.exidx*)
                0x0000000008001f38                __exidx_end = .

.preinit_array  0x0000000008001f38        0x0
                0x0000000008001f38                PROVIDE (__preinit_array_start = .)
 *(.preinit_array*)
                0x0000000008001f38                PROVIDE (__preinit_array_end = .)

.init_array     0x0000000008001f38        0x4
                0x0000000008001f38                PROVIDE (__init_array_start = .)
 *(SORT_BY_NAME(.init_array.*))
 *(.init_array*)
 .init_array    0x0000000008001f38        0x4 /Applications/STM32CubeIDE.app/Contents/Eclipse/plugins/com.st.stm32cube.ide.mcu.externaltools.gnu-tools-for-stm32.7-2018-q2-update.macos64_1.0.0.201904181610/tools/bin/../lib/gcc/arm-none-eabi/7.3.1/thumb/v7e-m/fpv4-sp/hard/crtbegin.o
                0x0000000008001f3c                PROVIDE (__init_array_end = .)

.fini_array     0x0000000008001f3c        0x4
                [!provide]                        PROVIDE (__fini_array_start = .)
 *(SORT_BY_NAME(.fini_array.*))
 *(.fini_array*)
 .fini_array    0x0000000008001f3c        0x4 /Applications/STM32CubeIDE.app/Contents/Eclipse/plugins/com.st.stm32cube.ide.mcu.externaltools.gnu-tools-for-stm32.7-2018-q2-update.macos64_1.0.0.201904181610/tools/bin/../lib/gcc/arm-none-eabi/7.3.1/thumb/v7e-m/fpv4-sp/hard/crtbegin.o
                [!provide]                        PROVIDE (__fini_array_end = .)
                0x0000000008001f40                _sidata = LOADADDR (.data)

.data           0x0000000020000000        0x8 load address 0x0000000008001f40
                0x0000000020000000                . = ALIGN (0x4)
                0x0000000020000000                _sdata = .
 *(.data)
 *(.data*)
 .data.comActiveInterface
                0x0000000020000000        0x1 core/com.o
 *fill*         0x0000000020000001        0x3 
 .data.SystemCoreClock
                0x0000000020000004        0x4 lib/system_stm32f3xx.o
                0x0000000020000004                SystemCoreClock
                0x0000000020000008                . = ALIGN (0x4)
                0x0000000020000008                _edata = .
                0x0000000008001f48                _siccmram = LOADADDR (.ccmram)

.igot.plt       0x0000000020000008        0x0 load address 0x0000000008001f48
 .igot.plt      0x0000000020000008        0x0 /Applications/STM32CubeIDE.app/Contents/Eclipse/plugins/com.st.stm32cube.ide.mcu.externaltools.gnu-tools-for-stm32.7-2018-q2-update.macos64_1.0.0.201904181610/tools/bin/../lib/gcc/arm-none-eabi/7.3.1/thumb/v7e-m/fpv4-sp/hard/crtbegin.o

.ccmram         0x0000000010000000        0x0 load address 0x0000000008001f48
                0x0000000010000000                . = ALIGN (0x4)
                0x0000000010000000                _sccmram = .
 *(.ccmram)
 *(.ccmram*)
                0x0000000010000000                . = ALIGN (0x4)
                0x0000000010000000                _eccmram = .
                0x0000000010000000                . = ALIGN (0x4)

.bss            0x0000000020000008      0x570
                0x0000000020000008                _sbss = .
                0x0000000020000008                __bss_start__ = _sbss
 *(.bss)
 .bss           0x0000000020000008       0x1c /Applications/STM32CubeIDE.app/Contents/Eclipse/plugins/com.st.stm32cube.ide.mcu.externaltools.gnu-tools-for-stm32.7-2018-q2-update.macos64_1.0.0.201904181610/tools/bin/../lib/gcc/arm-none-eabi/7.3.1/thumb/v7e-m/fpv4-sp/hard/crtbegin.o
 *(.bss*)
 .bss.canHandle
                0x0000000020000024       0x44 core/ARMCM4_STM32F3/can.o
 .bss.canRxMessage
                0x0000000020000068       0x24 core/ARMCM4_STM32F3/can.o
 .bss.canTxMessage
                0x000000002000008c       0x1c core/ARMCM4_STM32F3/can.o
 .bss.blockInfo
                0x00000000200000a8      0x204 core/ARMCM4_STM32F3/flash.o
 .bss.bootBlockInfo
                0x00000000200002ac      0x204 core/ARMCM4_STM32F3/flash.o
 .bss.millisecond_counter
                0x00000000200004b0        0x4 core/ARMCM4_STM32F3/timer.o
 .bss.backdoorExtensionTime
                0x00000000200004b4        0x4 core/backdoor.o
 .bss.backdoorOpen
                0x00000000200004b8        0x1 core/backdoor.o
 *fill*         0x00000000200004b9        0x3 
 .bss.backdoorOpenTime
                0x00000000200004bc        0x4 core/backdoor.o
 .bss.xcpCtoReqPacket.5491
                0x00000000200004c0       0x40 core/com.o
 .bss.xcpInfo   0x0000000020000500       0x4c core/xcp.o
 .bss.ledBlinkIntervalMs
                0x000000002000054c        0x2 led.o
 .bss.ledOn.8836
                0x000000002000054e        0x1 led.o
 *fill*         0x000000002000054f        0x1 
 .bss.nextBlinkEvent.8837
                0x0000000020000550        0x4 led.o
 *(COMMON)
 *fill*         0x0000000020000554        0x4 
 COMMON         0x0000000020000558       0x20 lib/STM32F3xx_HAL_Driver/Src/stm32f3xx_hal_flash.o
                0x0000000020000558                pFlash
                0x0000000020000578                . = ALIGN (0x4)
                0x0000000020000578                _ebss = .
                0x0000000020000578                __bss_end__ = _ebss

._user_heap_stack
                0x0000000020000578     0x1000
                0x0000000020000578                . = ALIGN (0x4)
                [!provide]                        PROVIDE (end = .)
                [!provide]                        PROVIDE (_end = .)
                0x0000000020000d78                . = (. + _Min_Heap_Size)
 *fill*         0x0000000020000578      0x800 
                0x0000000020001578                . = (. + _Min_Stack_Size)
 *fill*         0x0000000020000d78      0x800 
                0x0000000020001578                . = ALIGN (0x4)

.memory_b1_text
 *(.mb1text)
 *(.mb1text*)
 *(.mb1rodata)
 *(.mb1rodata*)

/DISCARD/
 libc.a(*)
 libm.a(*)
 libgcc.a(*)

.ARM.attributes
                0x0000000000000000       0x30
 *(.ARM.attributes)
 .ARM.attributes
                0x0000000000000000       0x22 /Applications/STM32CubeIDE.app/Contents/Eclipse/plugins/com.st.stm32cube.ide.mcu.externaltools.gnu-tools-for-stm32.7-2018-q2-update.macos64_1.0.0.201904181610/tools/bin/../lib/gcc/arm-none-eabi/7.3.1/thumb/v7e-m/fpv4-sp/hard/crti.o
 .ARM.attributes
                0x0000000000000022       0x34 /Applications/STM32CubeIDE.app/Contents/Eclipse/plugins/com.st.stm32cube.ide.mcu.externaltools.gnu-tools-for-stm32.7-2018-q2-update.macos64_1.0.0.201904181610/tools/bin/../lib/gcc/arm-none-eabi/7.3.1/thumb/v7e-m/fpv4-sp/hard/crtbegin.o
 .ARM.attributes
                0x0000000000000056       0x39 core/ARMCM4_STM32F3/GCC/cpu_comp.o
 .ARM.attributes
                0x000000000000008f       0x39 core/ARMCM4_STM32F3/can.o
 .ARM.attributes
                0x00000000000000c8       0x39 core/ARMCM4_STM32F3/cpu.o
 .ARM.attributes
                0x0000000000000101       0x39 core/ARMCM4_STM32F3/flash.o
 .ARM.attributes
                0x000000000000013a       0x39 core/ARMCM4_STM32F3/nvm.o
 .ARM.attributes
                0x0000000000000173       0x39 core/ARMCM4_STM32F3/timer.o
 .ARM.attributes
                0x00000000000001ac       0x39 core/assert.o
 .ARM.attributes
                0x00000000000001e5       0x39 core/backdoor.o
 .ARM.attributes
                0x000000000000021e       0x39 core/boot.o
 .ARM.attributes
                0x0000000000000257       0x39 core/com.o
 .ARM.attributes
                0x0000000000000290       0x39 core/cop.o
 .ARM.attributes
                0x00000000000002c9       0x39 core/xcp.o
 .ARM.attributes
                0x0000000000000302       0x39 hooks.o
 .ARM.attributes
                0x000000000000033b       0x39 led.o
 .ARM.attributes
                0x0000000000000374       0x39 main.o
 .ARM.attributes
                0x00000000000003ad       0x21 startup_stm32f303xc.o
 .ARM.attributes
                0x00000000000003ce       0x39 lib/STM32F3xx_HAL_Driver/Src/stm32f3xx_hal.o
 .ARM.attributes
                0x0000000000000407       0x39 lib/STM32F3xx_HAL_Driver/Src/stm32f3xx_hal_can.o
 .ARM.attributes
                0x0000000000000440       0x39 lib/STM32F3xx_HAL_Driver/Src/stm32f3xx_hal_cortex.o
 .ARM.attributes
                0x0000000000000479       0x39 lib/STM32F3xx_HAL_Driver/Src/stm32f3xx_hal_flash.o
 .ARM.attributes
                0x00000000000004b2       0x39 lib/STM32F3xx_HAL_Driver/Src/stm32f3xx_hal_flash_ex.o
 .ARM.attributes
                0x00000000000004eb       0x39 lib/STM32F3xx_HAL_Driver/Src/stm32f3xx_ll_gpio.o
 .ARM.attributes
                0x0000000000000524       0x39 lib/STM32F3xx_HAL_Driver/Src/stm32f3xx_ll_rcc.o
 .ARM.attributes
                0x000000000000055d       0x39 lib/STM32F3xx_HAL_Driver/Src/stm32f3xx_ll_utils.o
 .ARM.attributes
                0x0000000000000596       0x39 lib/system_stm32f3xx.o
 .ARM.attributes
                0x00000000000005cf       0x34 /Applications/STM32CubeIDE.app/Contents/Eclipse/plugins/com.st.stm32cube.ide.mcu.externaltools.gnu-tools-for-stm32.7-2018-q2-update.macos64_1.0.0.201904181610/tools/bin/../lib/gcc/arm-none-eabi/7.3.1/../../../../arm-none-eabi/lib/thumb/v7e-m/fpv4-sp/hard/libc_nano.a(lib_a-init.o)
 .ARM.attributes
                0x0000000000000603       0x22 /Applications/STM32CubeIDE.app/Contents/Eclipse/plugins/com.st.stm32cube.ide.mcu.externaltools.gnu-tools-for-stm32.7-2018-q2-update.macos64_1.0.0.201904181610/tools/bin/../lib/gcc/arm-none-eabi/7.3.1/thumb/v7e-m/fpv4-sp/hard/crtn.o
OUTPUT(DashBoard_Bootloader.elf elf32-littlearm)

.debug_info     0x0000000000000000    0x1126c
 .debug_info    0x0000000000000000       0x84 core/ARMCM4_STM32F3/GCC/cpu_comp.o
 .debug_info    0x0000000000000084     0x12a1 core/ARMCM4_STM32F3/can.o
 .debug_info    0x0000000000001325      0xcac core/ARMCM4_STM32F3/cpu.o
 .debug_info    0x0000000000001fd1      0xfb0 core/ARMCM4_STM32F3/flash.o
 .debug_info    0x0000000000002f81      0x252 core/ARMCM4_STM32F3/nvm.o
 .debug_info    0x00000000000031d3      0xa30 core/ARMCM4_STM32F3/timer.o
 .debug_info    0x0000000000003c03       0xc6 core/assert.o
 .debug_info    0x0000000000003cc9      0x17c core/backdoor.o
 .debug_info    0x0000000000003e45      0x156 core/boot.o
 .debug_info    0x0000000000003f9b      0x298 core/com.o
 .debug_info    0x0000000000004233       0xb6 core/cop.o
 .debug_info    0x00000000000042e9      0x7f9 core/xcp.o
 .debug_info    0x0000000000004ae2      0x987 hooks.o
 .debug_info    0x0000000000005469      0xb5b led.o
 .debug_info    0x0000000000005fc4     0x1272 main.o
 .debug_info    0x0000000000007236       0x22 startup_stm32f303xc.o
 .debug_info    0x0000000000007258      0xfb3 lib/STM32F3xx_HAL_Driver/Src/stm32f3xx_hal.o
 .debug_info    0x000000000000820b     0x143d lib/STM32F3xx_HAL_Driver/Src/stm32f3xx_hal_can.o
 .debug_info    0x0000000000009648     0x16af lib/STM32F3xx_HAL_Driver/Src/stm32f3xx_hal_cortex.o
 .debug_info    0x000000000000acf7      0xe90 lib/STM32F3xx_HAL_Driver/Src/stm32f3xx_hal_flash.o
 .debug_info    0x000000000000bb87     0x1302 lib/STM32F3xx_HAL_Driver/Src/stm32f3xx_hal_flash_ex.o
 .debug_info    0x000000000000ce89     0x11d3 lib/STM32F3xx_HAL_Driver/Src/stm32f3xx_ll_gpio.o
 .debug_info    0x000000000000e05c     0x13f6 lib/STM32F3xx_HAL_Driver/Src/stm32f3xx_ll_rcc.o
 .debug_info    0x000000000000f452     0x11fd lib/STM32F3xx_HAL_Driver/Src/stm32f3xx_ll_utils.o
 .debug_info    0x000000000001064f      0xc1d lib/system_stm32f3xx.o

.debug_abbrev   0x0000000000000000     0x3012
 .debug_abbrev  0x0000000000000000       0x45 core/ARMCM4_STM32F3/GCC/cpu_comp.o
 .debug_abbrev  0x0000000000000045      0x2e3 core/ARMCM4_STM32F3/can.o
 .debug_abbrev  0x0000000000000328      0x20e core/ARMCM4_STM32F3/cpu.o
 .debug_abbrev  0x0000000000000536      0x2fe core/ARMCM4_STM32F3/flash.o
 .debug_abbrev  0x0000000000000834       0xca core/ARMCM4_STM32F3/nvm.o
 .debug_abbrev  0x00000000000008fe      0x1d6 core/ARMCM4_STM32F3/timer.o
 .debug_abbrev  0x0000000000000ad4       0x88 core/assert.o
 .debug_abbrev  0x0000000000000b5c       0xa8 core/backdoor.o
 .debug_abbrev  0x0000000000000c04       0x63 core/boot.o
 .debug_abbrev  0x0000000000000c67      0x164 core/com.o
 .debug_abbrev  0x0000000000000dcb       0x63 core/cop.o
 .debug_abbrev  0x0000000000000e2e      0x1d3 core/xcp.o
 .debug_abbrev  0x0000000000001001      0x1b0 hooks.o
 .debug_abbrev  0x00000000000011b1      0x21d led.o
 .debug_abbrev  0x00000000000013ce      0x2b5 main.o
 .debug_abbrev  0x0000000000001683       0x12 startup_stm32f303xc.o
 .debug_abbrev  0x0000000000001695      0x2a0 lib/STM32F3xx_HAL_Driver/Src/stm32f3xx_hal.o
 .debug_abbrev  0x0000000000001935      0x2a8 lib/STM32F3xx_HAL_Driver/Src/stm32f3xx_hal_can.o
 .debug_abbrev  0x0000000000001bdd      0x391 lib/STM32F3xx_HAL_Driver/Src/stm32f3xx_hal_cortex.o
 .debug_abbrev  0x0000000000001f6e      0x2e2 lib/STM32F3xx_HAL_Driver/Src/stm32f3xx_hal_flash.o
 .debug_abbrev  0x0000000000002250      0x324 lib/STM32F3xx_HAL_Driver/Src/stm32f3xx_hal_flash_ex.o
 .debug_abbrev  0x0000000000002574      0x2a1 lib/STM32F3xx_HAL_Driver/Src/stm32f3xx_ll_gpio.o
 .debug_abbrev  0x0000000000002815      0x2fc lib/STM32F3xx_HAL_Driver/Src/stm32f3xx_ll_rcc.o
 .debug_abbrev  0x0000000000002b11      0x334 lib/STM32F3xx_HAL_Driver/Src/stm32f3xx_ll_utils.o
 .debug_abbrev  0x0000000000002e45      0x1cd lib/system_stm32f3xx.o

.debug_aranges  0x0000000000000000      0x8b8
 .debug_aranges
                0x0000000000000000       0x28 core/ARMCM4_STM32F3/GCC/cpu_comp.o
 .debug_aranges
                0x0000000000000028       0x38 core/ARMCM4_STM32F3/can.o
 .debug_aranges
                0x0000000000000060       0x38 core/ARMCM4_STM32F3/cpu.o
 .debug_aranges
                0x0000000000000098       0x78 core/ARMCM4_STM32F3/flash.o
 .debug_aranges
                0x0000000000000110       0x50 core/ARMCM4_STM32F3/nvm.o
 .debug_aranges
                0x0000000000000160       0x48 core/ARMCM4_STM32F3/timer.o
 .debug_aranges
                0x00000000000001a8       0x20 core/assert.o
 .debug_aranges
                0x00000000000001c8       0x40 core/backdoor.o
 .debug_aranges
                0x0000000000000208       0x28 core/boot.o
 .debug_aranges
                0x0000000000000230       0x50 core/com.o
 .debug_aranges
                0x0000000000000280       0x28 core/cop.o
 .debug_aranges
                0x00000000000002a8       0xd0 core/xcp.o
 .debug_aranges
                0x0000000000000378       0x28 hooks.o
 .debug_aranges
                0x00000000000003a0       0x30 led.o
 .debug_aranges
                0x00000000000003d0       0x40 main.o
 .debug_aranges
                0x0000000000000410       0x28 startup_stm32f303xc.o
 .debug_aranges
                0x0000000000000438       0xc8 lib/STM32F3xx_HAL_Driver/Src/stm32f3xx_hal.o
 .debug_aranges
                0x0000000000000500       0xb0 lib/STM32F3xx_HAL_Driver/Src/stm32f3xx_hal_can.o
 .debug_aranges
                0x00000000000005b0       0xa8 lib/STM32F3xx_HAL_Driver/Src/stm32f3xx_hal_cortex.o
 .debug_aranges
                0x0000000000000658       0x88 lib/STM32F3xx_HAL_Driver/Src/stm32f3xx_hal_flash.o
 .debug_aranges
                0x00000000000006e0       0x98 lib/STM32F3xx_HAL_Driver/Src/stm32f3xx_hal_flash_ex.o
 .debug_aranges
                0x0000000000000778       0x30 lib/STM32F3xx_HAL_Driver/Src/stm32f3xx_ll_gpio.o
 .debug_aranges
                0x00000000000007a8       0x88 lib/STM32F3xx_HAL_Driver/Src/stm32f3xx_ll_rcc.o
 .debug_aranges
                0x0000000000000830       0x60 lib/STM32F3xx_HAL_Driver/Src/stm32f3xx_ll_utils.o
 .debug_aranges
                0x0000000000000890       0x28 lib/system_stm32f3xx.o

.debug_ranges   0x0000000000000000      0x790
 .debug_ranges  0x0000000000000000       0x18 core/ARMCM4_STM32F3/GCC/cpu_comp.o
 .debug_ranges  0x0000000000000018       0x28 core/ARMCM4_STM32F3/can.o
 .debug_ranges  0x0000000000000040       0x28 core/ARMCM4_STM32F3/cpu.o
 .debug_ranges  0x0000000000000068       0x68 core/ARMCM4_STM32F3/flash.o
 .debug_ranges  0x00000000000000d0       0x40 core/ARMCM4_STM32F3/nvm.o
 .debug_ranges  0x0000000000000110       0x38 core/ARMCM4_STM32F3/timer.o
 .debug_ranges  0x0000000000000148       0x10 core/assert.o
 .debug_ranges  0x0000000000000158       0x30 core/backdoor.o
 .debug_ranges  0x0000000000000188       0x18 core/boot.o
 .debug_ranges  0x00000000000001a0       0x40 core/com.o
 .debug_ranges  0x00000000000001e0       0x18 core/cop.o
 .debug_ranges  0x00000000000001f8       0xc0 core/xcp.o
 .debug_ranges  0x00000000000002b8       0x18 hooks.o
 .debug_ranges  0x00000000000002d0       0x20 led.o
 .debug_ranges  0x00000000000002f0       0x30 main.o
 .debug_ranges  0x0000000000000320       0x20 startup_stm32f303xc.o
 .debug_ranges  0x0000000000000340       0xb8 lib/STM32F3xx_HAL_Driver/Src/stm32f3xx_hal.o
 .debug_ranges  0x00000000000003f8       0xa0 lib/STM32F3xx_HAL_Driver/Src/stm32f3xx_hal_can.o
 .debug_ranges  0x0000000000000498       0xf8 lib/STM32F3xx_HAL_Driver/Src/stm32f3xx_hal_cortex.o
 .debug_ranges  0x0000000000000590       0x78 lib/STM32F3xx_HAL_Driver/Src/stm32f3xx_hal_flash.o
 .debug_ranges  0x0000000000000608       0x88 lib/STM32F3xx_HAL_Driver/Src/stm32f3xx_hal_flash_ex.o
 .debug_ranges  0x0000000000000690       0x20 lib/STM32F3xx_HAL_Driver/Src/stm32f3xx_ll_gpio.o
 .debug_ranges  0x00000000000006b0       0x78 lib/STM32F3xx_HAL_Driver/Src/stm32f3xx_ll_rcc.o
 .debug_ranges  0x0000000000000728       0x50 lib/STM32F3xx_HAL_Driver/Src/stm32f3xx_ll_utils.o
 .debug_ranges  0x0000000000000778       0x18 lib/system_stm32f3xx.o

.debug_macro    0x0000000000000000    0x1cfe2
 .debug_macro   0x0000000000000000       0x91 core/ARMCM4_STM32F3/GCC/cpu_comp.o
 .debug_macro   0x0000000000000091      0xa5a core/ARMCM4_STM32F3/GCC/cpu_comp.o
 .debug_macro   0x0000000000000aeb       0x1c core/ARMCM4_STM32F3/GCC/cpu_comp.o
 .debug_macro   0x0000000000000b07       0x1c core/ARMCM4_STM32F3/GCC/cpu_comp.o
 .debug_macro   0x0000000000000b23       0x22 core/ARMCM4_STM32F3/GCC/cpu_comp.o
 .debug_macro   0x0000000000000b45       0xad core/ARMCM4_STM32F3/GCC/cpu_comp.o
 .debug_macro   0x0000000000000bf2       0x55 core/ARMCM4_STM32F3/GCC/cpu_comp.o
 .debug_macro   0x0000000000000c47       0x1c core/ARMCM4_STM32F3/GCC/cpu_comp.o
 .debug_macro   0x0000000000000c63      0x1aa core/ARMCM4_STM32F3/GCC/cpu_comp.o
 .debug_macro   0x0000000000000e0d       0x40 core/ARMCM4_STM32F3/GCC/cpu_comp.o
 .debug_macro   0x0000000000000e4d      0x39d core/ARMCM4_STM32F3/can.o
 .debug_macro   0x00000000000011ea       0x2f core/ARMCM4_STM32F3/can.o
 .debug_macro   0x0000000000001219       0x28 core/ARMCM4_STM32F3/can.o
 .debug_macro   0x0000000000001241       0x22 core/ARMCM4_STM32F3/can.o
 .debug_macro   0x0000000000001263       0x8e core/ARMCM4_STM32F3/can.o
 .debug_macro   0x00000000000012f1       0x51 core/ARMCM4_STM32F3/can.o
 .debug_macro   0x0000000000001342       0xef core/ARMCM4_STM32F3/can.o
 .debug_macro   0x0000000000001431       0x6a core/ARMCM4_STM32F3/can.o
 .debug_macro   0x000000000000149b      0x1df core/ARMCM4_STM32F3/can.o
 .debug_macro   0x000000000000167a       0x35 core/ARMCM4_STM32F3/can.o
 .debug_macro   0x00000000000016af       0x50 core/ARMCM4_STM32F3/can.o
 .debug_macro   0x00000000000016ff      0xe66 core/ARMCM4_STM32F3/can.o
 .debug_macro   0x0000000000002565    0x12a56 core/ARMCM4_STM32F3/can.o
 .debug_macro   0x0000000000014fbb       0x43 core/ARMCM4_STM32F3/can.o
 .debug_macro   0x0000000000014ffe       0xab core/ARMCM4_STM32F3/can.o
 .debug_macro   0x00000000000150a9       0x46 core/ARMCM4_STM32F3/can.o
 .debug_macro   0x00000000000150ef       0x18 core/ARMCM4_STM32F3/can.o
 .debug_macro   0x0000000000015107       0x3c core/ARMCM4_STM32F3/can.o
 .debug_macro   0x0000000000015143       0x34 core/ARMCM4_STM32F3/can.o
 .debug_macro   0x0000000000015177       0x16 core/ARMCM4_STM32F3/can.o
 .debug_macro   0x000000000001518d       0x97 core/ARMCM4_STM32F3/can.o
 .debug_macro   0x0000000000015224      0x330 core/ARMCM4_STM32F3/can.o
 .debug_macro   0x0000000000015554       0xfd core/ARMCM4_STM32F3/can.o
 .debug_macro   0x0000000000015651       0x10 core/ARMCM4_STM32F3/can.o
 .debug_macro   0x0000000000015661       0x52 core/ARMCM4_STM32F3/can.o
 .debug_macro   0x00000000000156b3       0x1f core/ARMCM4_STM32F3/can.o
 .debug_macro   0x00000000000156d2       0x43 core/ARMCM4_STM32F3/can.o
 .debug_macro   0x0000000000015715       0x20 core/ARMCM4_STM32F3/can.o
 .debug_macro   0x0000000000015735      0x1a3 core/ARMCM4_STM32F3/can.o
 .debug_macro   0x00000000000158d8       0x10 core/ARMCM4_STM32F3/can.o
 .debug_macro   0x00000000000158e8       0x1c core/ARMCM4_STM32F3/can.o
 .debug_macro   0x0000000000015904       0x52 core/ARMCM4_STM32F3/can.o
 .debug_macro   0x0000000000015956       0x40 core/ARMCM4_STM32F3/can.o
 .debug_macro   0x0000000000015996       0x10 core/ARMCM4_STM32F3/can.o
 .debug_macro   0x00000000000159a6       0x40 core/ARMCM4_STM32F3/can.o
 .debug_macro   0x00000000000159e6       0xd7 core/ARMCM4_STM32F3/can.o
 .debug_macro   0x0000000000015abd       0x1c core/ARMCM4_STM32F3/can.o
 .debug_macro   0x0000000000015ad9       0x3d core/ARMCM4_STM32F3/can.o
 .debug_macro   0x0000000000015b16       0x16 core/ARMCM4_STM32F3/can.o
 .debug_macro   0x0000000000015b2c      0x145 core/ARMCM4_STM32F3/can.o
 .debug_macro   0x0000000000015c71       0x50 core/ARMCM4_STM32F3/can.o
 .debug_macro   0x0000000000015cc1      0x968 core/ARMCM4_STM32F3/can.o
 .debug_macro   0x0000000000016629      0x5fe core/ARMCM4_STM32F3/can.o
 .debug_macro   0x0000000000016c27      0x13a core/ARMCM4_STM32F3/can.o
 .debug_macro   0x0000000000016d61      0x1fb core/ARMCM4_STM32F3/can.o
 .debug_macro   0x0000000000016f5c      0x1bc core/ARMCM4_STM32F3/can.o
 .debug_macro   0x0000000000017118       0x31 core/ARMCM4_STM32F3/can.o
 .debug_macro   0x0000000000017149       0x3c core/ARMCM4_STM32F3/can.o
 .debug_macro   0x0000000000017185      0x23a core/ARMCM4_STM32F3/can.o
 .debug_macro   0x00000000000173bf      0x391 core/ARMCM4_STM32F3/can.o
 .debug_macro   0x0000000000017750       0xcb core/ARMCM4_STM32F3/can.o
 .debug_macro   0x000000000001781b      0x22b core/ARMCM4_STM32F3/can.o
 .debug_macro   0x0000000000017a46      0x202 core/ARMCM4_STM32F3/can.o
 .debug_macro   0x0000000000017c48       0x5b core/ARMCM4_STM32F3/can.o
 .debug_macro   0x0000000000017ca3       0x90 core/ARMCM4_STM32F3/can.o
 .debug_macro   0x0000000000017d33       0x28 core/ARMCM4_STM32F3/can.o
 .debug_macro   0x0000000000017d5b      0x265 core/ARMCM4_STM32F3/can.o
 .debug_macro   0x0000000000017fc0       0x82 core/ARMCM4_STM32F3/can.o
 .debug_macro   0x0000000000018042       0xd3 core/ARMCM4_STM32F3/can.o
 .debug_macro   0x0000000000018115      0x26e core/ARMCM4_STM32F3/can.o
 .debug_macro   0x0000000000018383      0x5c5 core/ARMCM4_STM32F3/can.o
 .debug_macro   0x0000000000018948      0x39a core/ARMCM4_STM32F3/cpu.o
 .debug_macro   0x0000000000018ce2      0x3c3 core/ARMCM4_STM32F3/flash.o
 .debug_macro   0x00000000000190a5       0x9b core/ARMCM4_STM32F3/nvm.o
 .debug_macro   0x0000000000019140      0x38e core/ARMCM4_STM32F3/timer.o
 .debug_macro   0x00000000000194ce       0x91 core/assert.o
 .debug_macro   0x000000000001955f       0x97 core/backdoor.o
 .debug_macro   0x00000000000195f6       0x91 core/boot.o
 .debug_macro   0x0000000000019687       0x9b core/com.o
 .debug_macro   0x0000000000019722       0x91 core/cop.o
 .debug_macro   0x00000000000197b3       0x91 core/xcp.o
 .debug_macro   0x0000000000019844      0x3a1 hooks.o
 .debug_macro   0x0000000000019be5      0x14f hooks.o
 .debug_macro   0x0000000000019d34      0x3a1 led.o
 .debug_macro   0x000000000001a0d5      0x3c4 main.o
 .debug_macro   0x000000000001a499      0x128 main.o
 .debug_macro   0x000000000001a5c1      0x281 main.o
 .debug_macro   0x000000000001a842       0x30 main.o
 .debug_macro   0x000000000001a872      0x2f0 main.o
 .debug_macro   0x000000000001ab62      0x332 lib/STM32F3xx_HAL_Driver/Src/stm32f3xx_hal.o
 .debug_macro   0x000000000001ae94      0x315 lib/STM32F3xx_HAL_Driver/Src/stm32f3xx_hal_can.o
 .debug_macro   0x000000000001b1a9      0x30e lib/STM32F3xx_HAL_Driver/Src/stm32f3xx_hal_cortex.o
 .debug_macro   0x000000000001b4b7      0x30e lib/STM32F3xx_HAL_Driver/Src/stm32f3xx_hal_flash.o
 .debug_macro   0x000000000001b7c5      0x320 lib/STM32F3xx_HAL_Driver/Src/stm32f3xx_hal_flash_ex.o
 .debug_macro   0x000000000001bae5      0x350 lib/STM32F3xx_HAL_Driver/Src/stm32f3xx_ll_gpio.o
 .debug_macro   0x000000000001be35      0x149 lib/STM32F3xx_HAL_Driver/Src/stm32f3xx_ll_gpio.o
 .debug_macro   0x000000000001bf7e      0x34e lib/STM32F3xx_HAL_Driver/Src/stm32f3xx_ll_rcc.o
 .debug_macro   0x000000000001c2cc      0x5bf lib/STM32F3xx_HAL_Driver/Src/stm32f3xx_ll_rcc.o
 .debug_macro   0x000000000001c88b      0x38e lib/STM32F3xx_HAL_Driver/Src/stm32f3xx_ll_utils.o
 .debug_macro   0x000000000001cc19       0xb5 lib/STM32F3xx_HAL_Driver/Src/stm32f3xx_ll_utils.o
 .debug_macro   0x000000000001ccce      0x314 lib/system_stm32f3xx.o

.debug_line     0x0000000000000000     0xe590
 .debug_line    0x0000000000000000      0x28a core/ARMCM4_STM32F3/GCC/cpu_comp.o
 .debug_line    0x000000000000028a      0xd63 core/ARMCM4_STM32F3/can.o
 .debug_line    0x0000000000000fed      0xcdd core/ARMCM4_STM32F3/cpu.o
 .debug_line    0x0000000000001cca      0xe43 core/ARMCM4_STM32F3/flash.o
 .debug_line    0x0000000000002b0d      0x2f2 core/ARMCM4_STM32F3/nvm.o
 .debug_line    0x0000000000002dff      0xcf4 core/ARMCM4_STM32F3/timer.o
 .debug_line    0x0000000000003af3      0x211 core/assert.o
 .debug_line    0x0000000000003d04      0x26a core/backdoor.o
 .debug_line    0x0000000000003f6e      0x226 core/boot.o
 .debug_line    0x0000000000004194      0x2a9 core/com.o
 .debug_line    0x000000000000443d      0x21c core/cop.o
 .debug_line    0x0000000000004659      0x454 core/xcp.o
 .debug_line    0x0000000000004aad      0xc65 hooks.o
 .debug_line    0x0000000000005712      0xc94 led.o
 .debug_line    0x00000000000063a6      0xdf1 main.o
 .debug_line    0x0000000000007197       0x77 startup_stm32f303xc.o
 .debug_line    0x000000000000720e      0xc0c lib/STM32F3xx_HAL_Driver/Src/stm32f3xx_hal.o
 .debug_line    0x0000000000007e1a     0x1027 lib/STM32F3xx_HAL_Driver/Src/stm32f3xx_hal_can.o
 .debug_line    0x0000000000008e41      0xc9a lib/STM32F3xx_HAL_Driver/Src/stm32f3xx_hal_cortex.o
 .debug_line    0x0000000000009adb      0xc3f lib/STM32F3xx_HAL_Driver/Src/stm32f3xx_hal_flash.o
 .debug_line    0x000000000000a71a      0xd24 lib/STM32F3xx_HAL_Driver/Src/stm32f3xx_hal_flash_ex.o
 .debug_line    0x000000000000b43e      0xc1a lib/STM32F3xx_HAL_Driver/Src/stm32f3xx_ll_gpio.o
 .debug_line    0x000000000000c058      0xde6 lib/STM32F3xx_HAL_Driver/Src/stm32f3xx_ll_rcc.o
 .debug_line    0x000000000000ce3e      0xcae lib/STM32F3xx_HAL_Driver/Src/stm32f3xx_ll_utils.o
 .debug_line    0x000000000000daec      0xaa4 lib/system_stm32f3xx.o

.debug_str      0x0000000000000000    0x99e44
 .debug_str     0x0000000000000000     0x3b91 core/ARMCM4_STM32F3/GCC/cpu_comp.o
                                       0x3bf5 (size before relaxing)
 .debug_str     0x0000000000003b91    0x8ea40 core/ARMCM4_STM32F3/can.o
                                      0x92a4e (size before relaxing)
 .debug_str     0x00000000000925d1      0x20d core/ARMCM4_STM32F3/cpu.o
                                      0x8f43c (size before relaxing)
 .debug_str     0x00000000000927de      0x44c core/ARMCM4_STM32F3/flash.o
                                      0x8f6b9 (size before relaxing)
 .debug_str     0x0000000000092c2a       0x99 core/ARMCM4_STM32F3/nvm.o
                                       0x3cdc (size before relaxing)
 .debug_str     0x0000000000092cc3       0xd6 core/ARMCM4_STM32F3/timer.o
                                      0x8f2d5 (size before relaxing)
 .debug_str     0x0000000000092d99       0x6a core/assert.o
                                       0x3bfc (size before relaxing)
 .debug_str     0x0000000000092e03      0x132 core/backdoor.o
                                       0x3cc7 (size before relaxing)
 .debug_str     0x0000000000092f35       0x89 core/boot.o
                                       0x3c39 (size before relaxing)
 .debug_str     0x0000000000092fbe      0x164 core/com.o
                                       0x3d4b (size before relaxing)
 .debug_str     0x0000000000093122       0x79 core/cop.o
                                       0x3bf0 (size before relaxing)
 .debug_str     0x000000000009319b      0x220 core/xcp.o
                                       0x3ea4 (size before relaxing)
 .debug_str     0x00000000000933bb      0x769 hooks.o
                                      0x8f968 (size before relaxing)
 .debug_str     0x0000000000093b24       0xb6 led.o
                                      0x8fa20 (size before relaxing)
 .debug_str     0x0000000000093bda     0x333e main.o
                                      0x95f0c (size before relaxing)
 .debug_str     0x0000000000096f18       0x27 startup_stm32f303xc.o
                                         0xb3 (size before relaxing)
 .debug_str     0x0000000000096f3f      0x69e lib/STM32F3xx_HAL_Driver/Src/stm32f3xx_hal.o
                                      0x8ecbf (size before relaxing)
 .debug_str     0x00000000000975dd      0x184 lib/STM32F3xx_HAL_Driver/Src/stm32f3xx_hal_can.o
                                      0x8ea0f (size before relaxing)
 .debug_str     0x0000000000097761      0x36e lib/STM32F3xx_HAL_Driver/Src/stm32f3xx_hal_cortex.o
                                      0x8edb4 (size before relaxing)
 .debug_str     0x0000000000097acf      0x26b lib/STM32F3xx_HAL_Driver/Src/stm32f3xx_hal_flash.o
                                      0x8e799 (size before relaxing)
 .debug_str     0x0000000000097d3a      0x334 lib/STM32F3xx_HAL_Driver/Src/stm32f3xx_hal_flash_ex.o
                                      0x8e99d (size before relaxing)
 .debug_str     0x000000000009806e      0x620 lib/STM32F3xx_HAL_Driver/Src/stm32f3xx_ll_gpio.o
                                      0x8fa26 (size before relaxing)
 .debug_str     0x000000000009868e      0x71d lib/STM32F3xx_HAL_Driver/Src/stm32f3xx_ll_rcc.o
                                      0x91e8d (size before relaxing)
 .debug_str     0x0000000000098dab     0x1035 lib/STM32F3xx_HAL_Driver/Src/stm32f3xx_ll_utils.o
                                      0x940a1 (size before relaxing)
 .debug_str     0x0000000000099de0       0x64 lib/system_stm32f3xx.o
                                      0x8e533 (size before relaxing)

.comment        0x0000000000000000       0x7b
 .comment       0x0000000000000000       0x7b core/ARMCM4_STM32F3/GCC/cpu_comp.o
                                         0x7c (size before relaxing)
 .comment       0x000000000000007b       0x7c core/ARMCM4_STM32F3/can.o
 .comment       0x000000000000007b       0x7c core/ARMCM4_STM32F3/cpu.o
 .comment       0x000000000000007b       0x7c core/ARMCM4_STM32F3/flash.o
 .comment       0x000000000000007b       0x7c core/ARMCM4_STM32F3/nvm.o
 .comment       0x000000000000007b       0x7c core/ARMCM4_STM32F3/timer.o
 .comment       0x000000000000007b       0x7c core/assert.o
 .comment       0x000000000000007b       0x7c core/backdoor.o
 .comment       0x000000000000007b       0x7c core/boot.o
 .comment       0x000000000000007b       0x7c core/com.o
 .comment       0x000000000000007b       0x7c core/cop.o
 .comment       0x000000000000007b       0x7c core/xcp.o
 .comment       0x000000000000007b       0x7c hooks.o
 .comment       0x000000000000007b       0x7c led.o
 .comment       0x000000000000007b       0x7c main.o
 .comment       0x000000000000007b       0x7c lib/STM32F3xx_HAL_Driver/Src/stm32f3xx_hal.o
 .comment       0x000000000000007b       0x7c lib/STM32F3xx_HAL_Driver/Src/stm32f3xx_hal_can.o
 .comment       0x000000000000007b       0x7c lib/STM32F3xx_HAL_Driver/Src/stm32f3xx_hal_cortex.o
 .comment       0x000000000000007b       0x7c lib/STM32F3xx_HAL_Driver/Src/stm32f3xx_hal_flash.o
 .comment       0x000000000000007b       0x7c lib/STM32F3xx_HAL_Driver/Src/stm32f3xx_hal_flash_ex.o
 .comment       0x000000000000007b       0x7c lib/STM32F3xx_HAL_Driver/Src/stm32f3xx_ll_gpio.o
 .comment       0x000000000000007b       0x7c lib/STM32F3xx_HAL_Driver/Src/stm32f3xx_ll_rcc.o
 .comment       0x000000000000007b       0x7c lib/STM32F3xx_HAL_Driver/Src/stm32f3xx_ll_utils.o
 .comment       0x000000000000007b       0x7c lib/system_stm32f3xx.o

.debug_frame    0x0000000000000000     0x1330
 .debug_frame   0x0000000000000000       0x30 core/ARMCM4_STM32F3/GCC/cpu_comp.o
 .debug_frame   0x0000000000000030       0x90 core/ARMCM4_STM32F3/can.o
 .debug_frame   0x00000000000000c0       0x78 core/ARMCM4_STM32F3/cpu.o
 .debug_frame   0x0000000000000138      0x138 core/ARMCM4_STM32F3/flash.o
 .debug_frame   0x0000000000000270       0xb8 core/ARMCM4_STM32F3/nvm.o
 .debug_frame   0x0000000000000328       0x88 core/ARMCM4_STM32F3/timer.o
 .debug_frame   0x00000000000003b0       0x28 core/assert.o
 .debug_frame   0x00000000000003d8       0x78 core/backdoor.o
 .debug_frame   0x0000000000000450       0x40 core/boot.o
 .debug_frame   0x0000000000000490       0xa8 core/com.o
 .debug_frame   0x0000000000000538       0x40 core/cop.o
 .debug_frame   0x0000000000000578      0x218 core/xcp.o
 .debug_frame   0x0000000000000790       0x40 hooks.o
 .debug_frame   0x00000000000007d0       0x48 led.o
 .debug_frame   0x0000000000000818       0x90 main.o
 .debug_frame   0x00000000000008a8      0x198 lib/STM32F3xx_HAL_Driver/Src/stm32f3xx_hal.o
 .debug_frame   0x0000000000000a40      0x208 lib/STM32F3xx_HAL_Driver/Src/stm32f3xx_hal_can.o
 .debug_frame   0x0000000000000c48      0x15c lib/STM32F3xx_HAL_Driver/Src/stm32f3xx_hal_cortex.o
 .debug_frame   0x0000000000000da4      0x134 lib/STM32F3xx_HAL_Driver/Src/stm32f3xx_hal_flash.o
 .debug_frame   0x0000000000000ed8      0x194 lib/STM32F3xx_HAL_Driver/Src/stm32f3xx_hal_flash_ex.o
 .debug_frame   0x000000000000106c       0x58 lib/STM32F3xx_HAL_Driver/Src/stm32f3xx_ll_gpio.o
 .debug_frame   0x00000000000010c4      0x13c lib/STM32F3xx_HAL_Driver/Src/stm32f3xx_ll_rcc.o
 .debug_frame   0x0000000000001200       0xd4 lib/STM32F3xx_HAL_Driver/Src/stm32f3xx_ll_utils.o
 .debug_frame   0x00000000000012d4       0x30 lib/system_stm32f3xx.o
 .debug_frame   0x0000000000001304       0x2c /Applications/STM32CubeIDE.app/Contents/Eclipse/plugins/com.st.stm32cube.ide.mcu.externaltools.gnu-tools-for-stm32.7-2018-q2-update.macos64_1.0.0.201904181610/tools/bin/../lib/gcc/arm-none-eabi/7.3.1/../../../../arm-none-eabi/lib/thumb/v7e-m/fpv4-sp/hard/libc_nano.a(lib_a-init.o)

.debug_loc      0x0000000000000000     0x42b3
 .debug_loc     0x0000000000000000      0x216 core/ARMCM4_STM32F3/can.o
 .debug_loc     0x0000000000000216      0x167 core/ARMCM4_STM32F3/cpu.o
 .debug_loc     0x000000000000037d      0x755 core/ARMCM4_STM32F3/flash.o
 .debug_loc     0x0000000000000ad2       0xa5 core/ARMCM4_STM32F3/nvm.o
 .debug_loc     0x0000000000000b77       0x42 core/assert.o
 .debug_loc     0x0000000000000bb9       0xeb core/com.o
 .debug_loc     0x0000000000000ca4      0x63a core/xcp.o
 .debug_loc     0x00000000000012de       0x54 led.o
 .debug_loc     0x0000000000001332      0x224 main.o
 .debug_loc     0x0000000000001556       0x69 lib/STM32F3xx_HAL_Driver/Src/stm32f3xx_hal.o
 .debug_loc     0x00000000000015bf      0x89b lib/STM32F3xx_HAL_Driver/Src/stm32f3xx_hal_can.o
 .debug_loc     0x0000000000001e5a      0x5ce lib/STM32F3xx_HAL_Driver/Src/stm32f3xx_hal_cortex.o
 .debug_loc     0x0000000000002428      0x301 lib/STM32F3xx_HAL_Driver/Src/stm32f3xx_hal_flash.o
 .debug_loc     0x0000000000002729      0x899 lib/STM32F3xx_HAL_Driver/Src/stm32f3xx_hal_flash_ex.o
 .debug_loc     0x0000000000002fc2      0x4bf lib/STM32F3xx_HAL_Driver/Src/stm32f3xx_ll_gpio.o
 .debug_loc     0x0000000000003481      0x7e0 lib/STM32F3xx_HAL_Driver/Src/stm32f3xx_ll_rcc.o
 .debug_loc     0x0000000000003c61      0x553 lib/STM32F3xx_HAL_Driver/Src/stm32f3xx_ll_utils.o
 .debug_loc     0x00000000000041b4       0xff lib/system_stm32f3xx.o
