usbd_conf.c:95:6:HAL_PCD_MspInit	32	static
usbd_conf.c:124:6:HAL_PCD_MspDeInit	8	static
usbd_conf.c:151:6:HAL_PCD_SetupStageCallback	8	static
usbd_conf.c:162:6:HAL_PCD_DataOutStageCallback	8	static
usbd_conf.c:173:6:HAL_PCD_DataInStageCallback	8	static
usbd_conf.c:183:6:HAL_PCD_SOFCallback	8	static
usbd_conf.c:193:6:HAL_PCD_ResetCallback	8	static
usbd_conf.c:220:6:HAL_PCD_SuspendCallback	8	static
usbd_conf.c:244:6:HAL_PCD_ResumeCallback	8	static
usbd_conf.c:262:6:HAL_PCD_ISOOUTIncompleteCallback	8	static
usbd_conf.c:273:6:HAL_PCD_ISOINIncompleteCallback	8	static
usbd_conf.c:283:6:HAL_PCD_ConnectCallback	8	static
usbd_conf.c:293:6:HAL_PCD_DisconnectCallback	8	static
usbd_conf.c:307:20:USBD_LL_Init	8	static
usbd_conf.c:339:20:USBD_LL_DeInit	8	static
usbd_conf.c:371:20:USBD_LL_Start	8	static
usbd_conf.c:403:20:USBD_LL_Stop	8	static
usbd_conf.c:438:20:USBD_LL_OpenEP	8	static
usbd_conf.c:471:20:USBD_LL_CloseEP	8	static
usbd_conf.c:504:20:USBD_LL_FlushEP	8	static
usbd_conf.c:537:20:USBD_LL_StallEP	8	static
usbd_conf.c:570:20:USBD_LL_ClearStallEP	8	static
usbd_conf.c:603:9:USBD_LL_IsStallEP	0	static
usbd_conf.c:623:20:USBD_LL_SetUSBAddress	8	static
usbd_conf.c:658:20:USBD_LL_Transmit	8	static
usbd_conf.c:693:20:USBD_LL_PrepareReceive	8	static
usbd_conf.c:726:10:USBD_LL_GetRxDataSize	8	static
usbd_conf.c:736:6:USBD_LL_Delay	8	static
usbd_conf.c:747:6:HAL_PCDEx_SetConnectionState	8	static
